../Drivers/CMSIS/Include/core_cm4.h:1667:26:__NVIC_GetPriorityGrouping	4	static
../Drivers/CMSIS/Include/core_cm4.h:1679:22:__NVIC_EnableIRQ	16	static,ignoring_inline_asm
../Drivers/CMSIS/Include/core_cm4.h:1809:22:__NVIC_SetPriority	16	static
../Drivers/CMSIS/Include/core_cm4.h:1856:26:NVIC_EncodePriority	40	static
../Drivers/STM32G4xx_HAL_Driver/Inc/stm32g4xx_ll_i2c.h:644:22:LL_I2C_EnableClockStretching	16	static
../Drivers/STM32G4xx_HAL_Driver/Inc/stm32g4xx_ll_i2c.h:764:22:LL_I2C_DisableGeneralCall	16	static
../Drivers/STM32G4xx_HAL_Driver/Inc/stm32g4xx_ll_i2c.h:875:22:LL_I2C_SetOwnAddress2	24	static
../Drivers/STM32G4xx_HAL_Driver/Inc/stm32g4xx_ll_i2c.h:897:22:LL_I2C_DisableOwnAddress2	16	static
../Drivers/STM32G4xx_HAL_Driver/Inc/stm32g4xx_ll_i2c.h:1565:26:LL_I2C_IsActiveFlag_TXIS	16	static
../Drivers/STM32G4xx_HAL_Driver/Inc/stm32g4xx_ll_i2c.h:1578:26:LL_I2C_IsActiveFlag_RXNE	16	static
../Drivers/STM32G4xx_HAL_Driver/Inc/stm32g4xx_ll_i2c.h:1617:26:LL_I2C_IsActiveFlag_STOP	16	static
../Drivers/STM32G4xx_HAL_Driver/Inc/stm32g4xx_ll_i2c.h:1630:26:LL_I2C_IsActiveFlag_TC	16	static
../Drivers/STM32G4xx_HAL_Driver/Inc/stm32g4xx_ll_i2c.h:1774:22:LL_I2C_ClearFlag_STOP	16	static
../Drivers/STM32G4xx_HAL_Driver/Inc/stm32g4xx_ll_i2c.h:1879:22:LL_I2C_EnableAutoEndMode	16	static
../Drivers/STM32G4xx_HAL_Driver/Inc/stm32g4xx_ll_i2c.h:2133:22:LL_I2C_HandleTransfer	32	static
../Drivers/STM32G4xx_HAL_Driver/Inc/stm32g4xx_ll_i2c.h:2225:25:LL_I2C_ReceiveData8	16	static
../Drivers/STM32G4xx_HAL_Driver/Inc/stm32g4xx_ll_i2c.h:2237:22:LL_I2C_TransmitData8	16	static
../Drivers/STM32G4xx_HAL_Driver/Inc/stm32g4xx_ll_rcc.h:1009:22:LL_RCC_HSI_Enable	4	static
../Drivers/STM32G4xx_HAL_Driver/Inc/stm32g4xx_ll_rcc.h:1029:26:LL_RCC_HSI_IsReady	4	static
../Drivers/STM32G4xx_HAL_Driver/Inc/stm32g4xx_ll_rcc.h:1055:22:LL_RCC_HSI_SetCalibTrimming	16	static
../Drivers/STM32G4xx_HAL_Driver/Inc/stm32g4xx_ll_rcc.h:1346:22:LL_RCC_SetSysClkSource	16	static
../Drivers/STM32G4xx_HAL_Driver/Inc/stm32g4xx_ll_rcc.h:1359:26:LL_RCC_GetSysClkSource	4	static
../Drivers/STM32G4xx_HAL_Driver/Inc/stm32g4xx_ll_rcc.h:1379:22:LL_RCC_SetAHBPrescaler	16	static
../Drivers/STM32G4xx_HAL_Driver/Inc/stm32g4xx_ll_rcc.h:1395:22:LL_RCC_SetAPB1Prescaler	16	static
../Drivers/STM32G4xx_HAL_Driver/Inc/stm32g4xx_ll_rcc.h:1411:22:LL_RCC_SetAPB2Prescaler	16	static
../Drivers/STM32G4xx_HAL_Driver/Inc/stm32g4xx_ll_rcc.h:1590:22:LL_RCC_SetI2CClockSource	24	static
../Drivers/STM32G4xx_HAL_Driver/Inc/stm32g4xx_ll_rcc.h:2063:22:LL_RCC_PLL_Enable	4	static
../Drivers/STM32G4xx_HAL_Driver/Inc/stm32g4xx_ll_rcc.h:2084:26:LL_RCC_PLL_IsReady	4	static
../Drivers/STM32G4xx_HAL_Driver/Inc/stm32g4xx_ll_rcc.h:2127:22:LL_RCC_PLL_ConfigDomain_SYS	24	static
../Drivers/STM32G4xx_HAL_Driver/Inc/stm32g4xx_ll_rcc.h:2456:22:LL_RCC_PLL_EnableDomain_SYS	4	static
../Drivers/STM32G4xx_HAL_Driver/Inc/stm32g4xx_ll_bus.h:451:22:LL_AHB2_GRP1_EnableClock	24	static
../Drivers/STM32G4xx_HAL_Driver/Inc/stm32g4xx_ll_bus.h:913:22:LL_APB1_GRP1_EnableClock	24	static
../Drivers/STM32G4xx_HAL_Driver/Inc/stm32g4xx_ll_system.h:717:22:LL_SYSCFG_SetEXTISource	32	static,ignoring_inline_asm
../Drivers/STM32G4xx_HAL_Driver/Inc/stm32g4xx_ll_system.h:1292:22:LL_FLASH_SetLatency	16	static
../Drivers/STM32G4xx_HAL_Driver/Inc/stm32g4xx_ll_system.h:1320:26:LL_FLASH_GetLatency	4	static
../Drivers/STM32G4xx_HAL_Driver/Inc/stm32g4xx_ll_pwr.h:341:22:LL_PWR_EnableRange1BoostMode	4	static
../Drivers/STM32G4xx_HAL_Driver/Inc/stm32g4xx_ll_gpio.h:285:22:LL_GPIO_SetPinMode	48	static,ignoring_inline_asm
../Drivers/STM32G4xx_HAL_Driver/Inc/stm32g4xx_ll_gpio.h:496:22:LL_GPIO_SetPinPull	48	static,ignoring_inline_asm
../Core/Src/main.c:80:6:PCA9555_Write	24	static
../Core/Src/main.c:100:9:PCA9555_Read	32	static
../Core/Src/main.c:135:5:main	8	static
../Core/Src/main.c:188:6:SystemClock_Config	16	static
../Core/Src/main.c:238:13:MX_I2C1_Init	64	static
../Core/Src/main.c:306:13:MX_GPIO_Init	24	static
../Core/Src/main.c:352:6:Error_Handler	4	static,ignoring_inline_asm
