Archive member included to satisfy reference by file (symbol)

C:/ST/STM32CubeIDE_2.1.1/STM32CubeIDE/plugins/com.st.stm32cube.ide.mcu.externaltools.gnu-tools-for-stm32.14.3.rel1.win32_1.0.100.202602081740/tools/bin/../lib/gcc/arm-none-eabi/14.3.1/../../../../arm-none-eabi/lib/thumb/v7e-m+fp/hard\libc_nano.a(libc_a-exit.o)
                              C:/ST/STM32CubeIDE_2.1.1/STM32CubeIDE/plugins/com.st.stm32cube.ide.mcu.externaltools.gnu-tools-for-stm32.14.3.rel1.win32_1.0.100.202602081740/tools/bin/../lib/gcc/arm-none-eabi/14.3.1/../../../../arm-none-eabi/lib/thumb/v7e-m+fp/hard/crt0.o (exit)
C:/ST/STM32CubeIDE_2.1.1/STM32CubeIDE/plugins/com.st.stm32cube.ide.mcu.externaltools.gnu-tools-for-stm32.14.3.rel1.win32_1.0.100.202602081740/tools/bin/../lib/gcc/arm-none-eabi/14.3.1/../../../../arm-none-eabi/lib/thumb/v7e-m+fp/hard\libc_nano.a(libc_a-findfp.o)
                              C:/ST/STM32CubeIDE_2.1.1/STM32CubeIDE/plugins/com.st.stm32cube.ide.mcu.externaltools.gnu-tools-for-stm32.14.3.rel1.win32_1.0.100.202602081740/tools/bin/../lib/gcc/arm-none-eabi/14.3.1/../../../../arm-none-eabi/lib/thumb/v7e-m+fp/hard\libc_nano.a(libc_a-exit.o) (__stdio_exit_handler)
C:/ST/STM32CubeIDE_2.1.1/STM32CubeIDE/plugins/com.st.stm32cube.ide.mcu.externaltools.gnu-tools-for-stm32.14.3.rel1.win32_1.0.100.202602081740/tools/bin/../lib/gcc/arm-none-eabi/14.3.1/../../../../arm-none-eabi/lib/thumb/v7e-m+fp/hard\libc_nano.a(libc_a-fwalk.o)
                              C:/ST/STM32CubeIDE_2.1.1/STM32CubeIDE/plugins/com.st.stm32cube.ide.mcu.externaltools.gnu-tools-for-stm32.14.3.rel1.win32_1.0.100.202602081740/tools/bin/../lib/gcc/arm-none-eabi/14.3.1/../../../../arm-none-eabi/lib/thumb/v7e-m+fp/hard\libc_nano.a(libc_a-findfp.o) (_fwalk_sglue)
C:/ST/STM32CubeIDE_2.1.1/STM32CubeIDE/plugins/com.st.stm32cube.ide.mcu.externaltools.gnu-tools-for-stm32.14.3.rel1.win32_1.0.100.202602081740/tools/bin/../lib/gcc/arm-none-eabi/14.3.1/../../../../arm-none-eabi/lib/thumb/v7e-m+fp/hard\libc_nano.a(libc_a-snprintf.o)
                              ./Core/Src/main.o (snprintf)
C:/ST/STM32CubeIDE_2.1.1/STM32CubeIDE/plugins/com.st.stm32cube.ide.mcu.externaltools.gnu-tools-for-stm32.14.3.rel1.win32_1.0.100.202602081740/tools/bin/../lib/gcc/arm-none-eabi/14.3.1/../../../../arm-none-eabi/lib/thumb/v7e-m+fp/hard\libc_nano.a(libc_a-stdio.o)
                              C:/ST/STM32CubeIDE_2.1.1/STM32CubeIDE/plugins/com.st.stm32cube.ide.mcu.externaltools.gnu-tools-for-stm32.14.3.rel1.win32_1.0.100.202602081740/tools/bin/../lib/gcc/arm-none-eabi/14.3.1/../../../../arm-none-eabi/lib/thumb/v7e-m+fp/hard\libc_nano.a(libc_a-findfp.o) (__sread)
C:/ST/STM32CubeIDE_2.1.1/STM32CubeIDE/plugins/com.st.stm32cube.ide.mcu.externaltools.gnu-tools-for-stm32.14.3.rel1.win32_1.0.100.202602081740/tools/bin/../lib/gcc/arm-none-eabi/14.3.1/../../../../arm-none-eabi/lib/thumb/v7e-m+fp/hard\libc_nano.a(libc_a-memset.o)
                              C:/ST/STM32CubeIDE_2.1.1/STM32CubeIDE/plugins/com.st.stm32cube.ide.mcu.externaltools.gnu-tools-for-stm32.14.3.rel1.win32_1.0.100.202602081740/tools/bin/../lib/gcc/arm-none-eabi/14.3.1/../../../../arm-none-eabi/lib/thumb/v7e-m+fp/hard/crt0.o (memset)
C:/ST/STM32CubeIDE_2.1.1/STM32CubeIDE/plugins/com.st.stm32cube.ide.mcu.externaltools.gnu-tools-for-stm32.14.3.rel1.win32_1.0.100.202602081740/tools/bin/../lib/gcc/arm-none-eabi/14.3.1/../../../../arm-none-eabi/lib/thumb/v7e-m+fp/hard\libc_nano.a(libc_a-closer.o)
                              C:/ST/STM32CubeIDE_2.1.1/STM32CubeIDE/plugins/com.st.stm32cube.ide.mcu.externaltools.gnu-tools-for-stm32.14.3.rel1.win32_1.0.100.202602081740/tools/bin/../lib/gcc/arm-none-eabi/14.3.1/../../../../arm-none-eabi/lib/thumb/v7e-m+fp/hard\libc_nano.a(libc_a-stdio.o) (_close_r)
C:/ST/STM32CubeIDE_2.1.1/STM32CubeIDE/plugins/com.st.stm32cube.ide.mcu.externaltools.gnu-tools-for-stm32.14.3.rel1.win32_1.0.100.202602081740/tools/bin/../lib/gcc/arm-none-eabi/14.3.1/../../../../arm-none-eabi/lib/thumb/v7e-m+fp/hard\libc_nano.a(libc_a-reent.o)
                              C:/ST/STM32CubeIDE_2.1.1/STM32CubeIDE/plugins/com.st.stm32cube.ide.mcu.externaltools.gnu-tools-for-stm32.14.3.rel1.win32_1.0.100.202602081740/tools/bin/../lib/gcc/arm-none-eabi/14.3.1/../../../../arm-none-eabi/lib/thumb/v7e-m+fp/hard\libc_nano.a(libc_a-closer.o) (errno)
C:/ST/STM32CubeIDE_2.1.1/STM32CubeIDE/plugins/com.st.stm32cube.ide.mcu.externaltools.gnu-tools-for-stm32.14.3.rel1.win32_1.0.100.202602081740/tools/bin/../lib/gcc/arm-none-eabi/14.3.1/../../../../arm-none-eabi/lib/thumb/v7e-m+fp/hard\libc_nano.a(libc_a-impure.o)
                              C:/ST/STM32CubeIDE_2.1.1/STM32CubeIDE/plugins/com.st.stm32cube.ide.mcu.externaltools.gnu-tools-for-stm32.14.3.rel1.win32_1.0.100.202602081740/tools/bin/../lib/gcc/arm-none-eabi/14.3.1/../../../../arm-none-eabi/lib/thumb/v7e-m+fp/hard\libc_nano.a(libc_a-snprintf.o) (_impure_ptr)
[...]
Memory Configuration

Name             Origin             Length             Attributes
RAM              0x20000000         0x00020000         xrw
FLASH            0x08000000         0x00080000         xr
*default*        0x00000000         0xffffffff

Linker script and memory map

LOAD C:/ST/STM32CubeIDE_2.1.1/STM32CubeIDE/plugins/com.st.stm32cube.ide.mcu.externaltools.gnu-tools-for-stm32.14.3.rel1.win32_1.0.100.202602081740/tools/bin/../lib/gcc/arm-none-eabi/14.3.1/thumb/v7e-m+fp/hard/crti.o
LOAD C:/ST/STM32CubeIDE_2.1.1/STM32CubeIDE/plugins/com.st.stm32cube.ide.mcu.externaltools.gnu-tools-for-stm32.14.3.rel1.win32_1.0.100.202602081740/tools/bin/../lib/gcc/arm-none-eabi/14.3.1/thumb/v7e-m+fp/hard/crtbegin.o
LOAD C:/ST/STM32CubeIDE_2.1.1/STM32CubeIDE/plugins/com.st.stm32cube.ide.mcu.externaltools.gnu-tools-for-stm32.14.3.rel1.win32_1.0.100.202602081740/tools/bin/../lib/gcc/arm-none-eabi/14.3.1/../../../../arm-none-eabi/lib/thumb/v7e-m+fp/hard/crt0.o
LOAD ./Core/Src/main.o
LOAD ./Core/Src/stm32g4xx_it.o
LOAD ./Core/Src/syscalls.o
LOAD ./Core/Src/sysmem.o
LOAD ./Core/Src/system_stm32g4xx.o
LOAD ./Core/Startup/startup_stm32g474retx.o
LOAD ./Drivers/STM32G4xx_HAL_Driver/Src/stm32g4xx_ll_adc.o
LOAD ./Drivers/STM32G4xx_HAL_Driver/Src/stm32g4xx_ll_dma.o
LOAD ./Drivers/STM32G4xx_HAL_Driver/Src/stm32g4xx_ll_exti.o
LOAD ./Drivers/STM32G4xx_HAL_Driver/Src/stm32g4xx_ll_gpio.o
LOAD ./Drivers/STM32G4xx_HAL_Driver/Src/stm32g4xx_ll_i2c.o
LOAD ./Drivers/STM32G4xx_HAL_Driver/Src/stm32g4xx_ll_pwr.o
LOAD ./Drivers/STM32G4xx_HAL_Driver/Src/stm32g4xx_ll_rcc.o
LOAD ./Drivers/STM32G4xx_HAL_Driver/Src/stm32g4xx_ll_utils.o
START GROUP
LOAD C:/ST/STM32CubeIDE_2.1.1/STM32CubeIDE/plugins/com.st.stm32cube.ide.mcu.externaltools.gnu-tools-for-stm32.14.3.rel1.win32_1.0.100.202602081740/tools/bin/../lib/gcc/arm-none-eabi/14.3.1/../../../../arm-none-eabi/lib/thumb/v7e-m+fp/hard\libc_nano.a
LOAD C:/ST/STM32CubeIDE_2.1.1/STM32CubeIDE/plugins/com.st.stm32cube.ide.mcu.externaltools.gnu-tools-for-stm32.14.3.rel1.win32_1.0.100.202602081740/tools/bin/../lib/gcc/arm-none-eabi/14.3.1/../../../../arm-none-eabi/lib/thumb/v7e-m+fp/hard\libm.a
END GROUP
START GROUP
LOAD C:/ST/STM32CubeIDE_2.1.1/STM32CubeIDE/plugins/com.st.stm32cube.ide.mcu.externaltools.gnu-tools-for-stm32.14.3.rel1.win32_1.0.100.202602081740/tools/bin/../lib/gcc/arm-none-eabi/14.3.1/thumb/v7e-m+fp/hard\libgcc.a
LOAD C:/ST/STM32CubeIDE_2.1.1/STM32CubeIDE/plugins/com.st.stm32cube.ide.mcu.externaltools.gnu-tools-for-stm32.14.3.rel1.win32_1.0.100.202602081740/tools/bin/../lib/gcc/arm-none-eabi/14.3.1/../../../../arm-none-eabi/lib/thumb/v7e-m+fp/hard\libc_nano.a
END GROUP
START GROUP
LOAD C:/ST/STM32CubeIDE_2.1.1/STM32CubeIDE/plugins/com.st.stm32cube.ide.mcu.externaltools.gnu-tools-for-stm32.14.3.rel1.win32_1.0.100.202602081740/tools/bin/../lib/gcc/arm-none-eabi/14.3.1/thumb/v7e-m+fp/hard\libgcc.a
LOAD C:/ST/STM32CubeIDE_2.1.1/STM32CubeIDE/plugins/com.st.stm32cube.ide.mcu.externaltools.gnu-tools-for-stm32.14.3.rel1.win32_1.0.100.202602081740/tools/bin/../lib/gcc/arm-none-eabi/14.3.1/../../../../arm-none-eabi/lib/thumb/v7e-m+fp/hard\libc_nano.a
LOAD C:/ST/STM32CubeIDE_2.1.1/STM32CubeIDE/plugins/com.st.stm32cube.ide.mcu.externaltools.gnu-tools-for-stm32.14.3.rel1.win32_1.0.100.202602081740/tools/bin/../lib/gcc/arm-none-eabi/14.3.1/../../../../arm-none-eabi/lib/thumb/v7e-m+fp/hard\libnosys.a
END GROUP
START GROUP
LOAD C:/ST/STM32CubeIDE_2.1.1/STM32CubeIDE/plugins/com.st.stm32cube.ide.mcu.externaltools.gnu-tools-for-stm32.14.3.rel1.win32_1.0.100.202602081740/tools/bin/../lib/gcc/arm-none-eabi/14.3.1/thumb/v7e-m+fp/hard\libgcc.a
LOAD C:/ST/STM32CubeIDE_2.1.1/STM32CubeIDE/plugins/com.st.stm32cube.ide.mcu.externaltools.gnu-tools-for-stm32.14.3.rel1.win32_1.0.100.202602081740/tools/bin/../lib/gcc/arm-none-eabi/14.3.1/../../../../arm-none-eabi/lib/thumb/v7e-m+fp/hard\libc_nano.a
LOAD C:/ST/STM32CubeIDE_2.1.1/STM32CubeIDE/plugins/com.st.stm32cube.ide.mcu.externaltools.gnu-tools-for-stm32.14.3.rel1.win32_1.0.100.202602081740/tools/bin/../lib/gcc/arm-none-eabi/14.3.1/../../../../arm-none-eabi/lib/thumb/v7e-m+fp/hard\libnosys.a
END GROUP
LOAD C:/ST/STM32CubeIDE_2.1.1/STM32CubeIDE/plugins/com.st.stm32cube.ide.mcu.externaltools.gnu-tools-for-stm32.14.3.rel1.win32_1.0.100.202602081740/tools/bin/../lib/gcc/arm-none-eabi/14.3.1/thumb/v7e-m+fp/hard/crtend.o
LOAD C:/ST/STM32CubeIDE_2.1.1/STM32CubeIDE/plugins/com.st.stm32cube.ide.mcu.externaltools.gnu-tools-for-stm32.14.3.rel1.win32_1.0.100.202602081740/tools/bin/../lib/gcc/arm-none-eabi/14.3.1/thumb/v7e-m+fp/hard/crtn.o
                0x20020000                        _estack = (ORIGIN (RAM) + LENGTH (RAM))
                0x00000200                        _Min_Heap_Size = 0x200
                0x00000400                        _Min_Stack_Size = 0x400

.isr_vector     0x08000000      0x1d8
                0x08000000                        . = ALIGN (0x4)
 *(.isr_vector)
 .isr_vector    0x08000000      0x1d8 ./Core/Startup/startup_stm32g474retx.o
                0x08000000                g_pfnVectors
                0x080001d8                        . = ALIGN (0x4)

.text           0x080001e0     0x2578
                0x080001e0                        . = ALIGN (0x4)
 *(.text)
 .text          0x080001e0       0x40 C:/ST/STM32CubeIDE_2.1.1/STM32CubeIDE/plugins/com.st.stm32cube.ide.mcu.externaltools.gnu-tools-for-stm32.14.3.rel1.win32_1.0.100.202602081740/tools/bin/../lib/gcc/arm-none-eabi/14.3.1/thumb/v7e-m+fp/hard/crtbegin.o
 .text          0x08000220       0xa0 C:/ST/STM32CubeIDE_2.1.1/STM32CubeIDE/plugins/com.st.stm32cube.ide.mcu.externaltools.gnu-tools-for-stm32.14.3.rel1.win32_1.0.100.202602081740/tools/bin/../lib/gcc/arm-none-eabi/14.3.1/../../../../arm-none-eabi/lib/thumb/v7e-m+fp/hard\libc_nano.a(libc_a-memchr.o)
                0x08000220                memchr
 *(.text*)
 .text.__NVIC_SetPriorityGrouping
                0x080002c0       0x48 ./Core/Src/main.o
 .text.LL_ADC_SetGainCompensation
                0x08000308       0x4a ./Core/Src/main.o
 .text.LL_ADC_REG_SetSequencerRanks
                0x08000352       0x58 ./Core/Src/main.o
 .text.LL_ADC_SetChannelSamplingTime
                0x080003aa       0x56 ./Core/Src/main.o
 .text.LL_ADC_SetChannelSingleDiff
                0x08000400       0x48 ./Core/Src/main.o
 .text.LL_ADC_SetOverSamplingScope
                0x08000448       0x2a ./Core/Src/main.o
 .text.LL_ADC_DisableDeepPowerDown
                0x08000472       0x24 ./Core/Src/main.o
 .text.LL_ADC_EnableInternalRegulator
                0x08000496       0x28 ./Core/Src/main.o
 .text.LL_ADC_Enable
                0x080004be       0x28 ./Core/Src/main.o
 .text.LL_ADC_StartCalibration
                0x080004e6       0x32 ./Core/Src/main.o
 .text.LL_ADC_IsCalibrationOnGoing
                0x08000518       0x28 ./Core/Src/main.o
 .text.LL_ADC_REG_StartConversion
                0x08000540       0x28 ./Core/Src/main.o
 .text.LL_ADC_REG_ReadConversionData12
                0x08000568       0x1a ./Core/Src/main.o
 .text.LL_ADC_IsActiveFlag_ADRDY
                0x08000582       0x26 ./Core/Src/main.o
 .text.LL_ADC_IsActiveFlag_EOC
                0x080005a8       0x26 ./Core/Src/main.o
 .text.LL_I2C_EnableClockStretching
                0x080005ce       0x20 ./Core/Src/main.o
 .text.LL_I2C_DisableGeneralCall
                0x080005ee       0x20 ./Core/Src/main.o
 .text.LL_I2C_SetOwnAddress2
                0x0800060e       0x30 ./Core/Src/main.o
 .text.LL_I2C_DisableOwnAddress2
                0x0800063e       0x20 ./Core/Src/main.o
 .text.LL_I2C_IsActiveFlag_TXIS
                0x0800065e       0x26 ./Core/Src/main.o
 .text.LL_I2C_IsActiveFlag_NACK
                0x08000684       0x26 ./Core/Src/main.o
 .text.LL_I2C_IsActiveFlag_STOP
                0x080006aa       0x26 ./Core/Src/main.o
 .text.LL_I2C_ClearFlag_NACK
                0x080006d0       0x20 ./Core/Src/main.o
 .text.LL_I2C_ClearFlag_STOP
                0x080006f0       0x20 ./Core/Src/main.o
 .text.LL_I2C_EnableAutoEndMode
                0x08000710       0x20 ./Core/Src/main.o
 .text.LL_I2C_HandleTransfer
                0x08000730       0x60 ./Core/Src/main.o
 .text.LL_I2C_TransmitData8
                0x08000790       0x1e ./Core/Src/main.o
 *fill*         0x080007ae        0x2 
 .text.LL_RCC_HSI_Enable
                0x080007b0       0x20 ./Core/Src/main.o
 .text.LL_RCC_HSI_IsReady
                0x080007d0       0x28 ./Core/Src/main.o
 .text.LL_RCC_HSI_SetCalibTrimming
                0x080007f8       0x2c ./Core/Src/main.o
 .text.LL_RCC_SetSysClkSource
                0x08000824       0x28 ./Core/Src/main.o
 .text.LL_RCC_GetSysClkSource
                0x0800084c       0x1c ./Core/Src/main.o
 .text.LL_RCC_SetAHBPrescaler
                0x08000868       0x28 ./Core/Src/main.o
 .text.LL_RCC_SetAPB1Prescaler
                0x08000890       0x28 ./Core/Src/main.o
 .text.LL_RCC_SetAPB2Prescaler
                0x080008b8       0x28 ./Core/Src/main.o
 .text.LL_RCC_SetI2CClockSource
                0x080008e0       0x50 ./Core/Src/main.o
 .text.LL_RCC_SetADCClockSource
                0x08000930       0x48 ./Core/Src/main.o
 .text.LL_RCC_PLL_Enable
                0x08000978       0x20 ./Core/Src/main.o
 .text.LL_RCC_PLL_IsReady
                0x08000998       0x28 ./Core/Src/main.o
 .text.LL_RCC_PLL_ConfigDomain_SYS
                0x080009c0       0x40 ./Core/Src/main.o
 .text.LL_RCC_PLL_EnableDomain_SYS
                0x08000a00       0x20 ./Core/Src/main.o
 .text.LL_AHB2_GRP1_EnableClock
                0x08000a20       0x30 ./Core/Src/main.o
 .text.LL_APB1_GRP1_EnableClock
                0x08000a50       0x30 ./Core/Src/main.o
 .text.LL_APB2_GRP1_EnableClock
                0x08000a80       0x30 ./Core/Src/main.o
 .text.LL_FLASH_SetLatency
                0x08000ab0       0x28 ./Core/Src/main.o
 .text.LL_FLASH_GetLatency
                0x08000ad8       0x1c ./Core/Src/main.o
 .text.LL_PWR_EnableRange1BoostMode
                0x08000af4       0x24 ./Core/Src/main.o
 .text.LL_PWR_DisableUCPDDeadBattery
                0x08000b18       0x20 ./Core/Src/main.o
 .text.LL_GPIO_WriteOutputPort
                0x08000b38       0x1c ./Core/Src/main.o
 .text.LL_GPIO_ReadOutputPort
                0x08000b54       0x18 ./Core/Src/main.o
 .text.LL_GPIO_ResetOutputPin
                0x08000b6c       0x1c ./Core/Src/main.o
 .text.main     0x08000b88      0x22c ./Core/Src/main.o
                0x08000b88                main
 .text.SystemClock_Config
                0x08000db4       0xa8 ./Core/Src/main.o
                0x08000db4                SystemClock_Config
 .text.MX_ADC1_Init
                0x08000e5c      0x160 ./Core/Src/main.o
 .text.MX_I2C1_Init
                0x08000fbc       0xf0 ./Core/Src/main.o
 .text.MX_GPIO_Init
                0x080010ac      0x164 ./Core/Src/main.o
 .text.PCA9555_Write
                0x08001210       0xdc ./Core/Src/main.o
                0x08001210                PCA9555_Write
 .text.LCD_PulseEnable
                0x080012ec       0x5c ./Core/Src/main.o
                0x080012ec                LCD_PulseEnable
 .text.LCD_Send4Bits
                0x08001348       0x36 ./Core/Src/main.o
                0x08001348                LCD_Send4Bits
 .text.LCD_SendCommand
                0x0800137e       0x36 ./Core/Src/main.o
                0x0800137e                LCD_SendCommand
 .text.LCD_SendData
                0x080013b4       0x36 ./Core/Src/main.o
                0x080013b4                LCD_SendData
 .text.LCD_Init
                0x080013ea       0x64 ./Core/Src/main.o
                0x080013ea                LCD_Init
 .text.LCD_SetCursor
                0x0800144e       0x36 ./Core/Src/main.o
                0x0800144e                LCD_SetCursor
 .text.LCD_Print
                0x08001484       0x2c ./Core/Src/main.o
                0x08001484                LCD_Print
 .text.NMI_Handler
                0x080014b0        0x8 ./Core/Src/stm32g4xx_it.o
                0x080014b0                NMI_Handler
 .text.HardFault_Handler
                0x080014b8        0x8 ./Core/Src/stm32g4xx_it.o
                0x080014b8                HardFault_Handler
 .text.MemManage_Handler
                0x080014c0        0x8 ./Core/Src/stm32g4xx_it.o
                0x080014c0                MemManage_Handler
 .text.BusFault_Handler
                0x080014c8        0x8 ./Core/Src/stm32g4xx_it.o
                0x080014c8                BusFault_Handler
 .text.UsageFault_Handler
                0x080014d0        0x8 ./Core/Src/stm32g4xx_it.o
                0x080014d0                UsageFault_Handler
 .text.SVC_Handler
                0x080014d8        0xe ./Core/Src/stm32g4xx_it.o
                0x080014d8                SVC_Handler
 .text.DebugMon_Handler
                0x080014e6        0xe ./Core/Src/stm32g4xx_it.o
                0x080014e6                DebugMon_Handler
 .text.PendSV_Handler
                0x080014f4        0xe ./Core/Src/stm32g4xx_it.o
                0x080014f4                PendSV_Handler
 .text.SysTick_Handler
                0x08001502        0xe ./Core/Src/stm32g4xx_it.o
                0x08001502                SysTick_Handler
 .text._sbrk    0x08001510       0x6c ./Core/Src/sysmem.o
                0x08001510                _sbrk
 .text.SystemInit
                0x0800157c       0x24 ./Core/Src/system_stm32g4xx.o
                0x0800157c                SystemInit
 .text.Reset_Handler
                0x080015a0       0x50 ./Core/Startup/startup_stm32g474retx.o
                0x080015a0                Reset_Handler
 .text.Default_Handler
                0x080015f0        0x2 ./Core/Startup/startup_stm32g474retx.o
                0x080015f0                RTC_Alarm_IRQHandler
                0x080015f0                EXTI2_IRQHandler
                0x080015f0                TIM8_TRG_COM_IRQHandler
                0x080015f0                TIM8_CC_IRQHandler
                0x080015f0                HRTIM1_Master_IRQHandler
                0x080015f0                SPI4_IRQHandler
                0x080015f0                FDCAN3_IT0_IRQHandler
                0x080015f0                TIM1_CC_IRQHandler
                0x080015f0                HRTIM1_FLT_IRQHandler
                0x080015f0                HRTIM1_TIMF_IRQHandler
                0x080015f0                USB_HP_IRQHandler
                0x080015f0                CORDIC_IRQHandler
                0x080015f0                HRTIM1_TIMD_IRQHandler
                0x080015f0                DMA2_Channel8_IRQHandler
                0x080015f0                EXTI3_IRQHandler
                0x080015f0                I2C3_ER_IRQHandler
                0x080015f0                EXTI0_IRQHandler
                0x080015f0                I2C2_EV_IRQHandler
                0x080015f0                FPU_IRQHandler
                0x080015f0                FDCAN1_IT1_IRQHandler
                0x080015f0                TIM1_UP_TIM16_IRQHandler
                0x080015f0                ADC1_2_IRQHandler
                0x080015f0                HRTIM1_TIME_IRQHandler
                0x080015f0                SPI1_IRQHandler
                0x080015f0                TIM6_DAC_IRQHandler
                0x080015f0                HRTIM1_TIMC_IRQHandler
                0x080015f0                TIM8_UP_IRQHandler
                0x080015f0                DMA2_Channel2_IRQHandler
                0x080015f0                DMA1_Channel4_IRQHandler
                0x080015f0                TIM20_TRG_COM_IRQHandler
                0x080015f0                USART3_IRQHandler
                0x080015f0                DMA1_Channel7_IRQHandler
                0x080015f0                UART5_IRQHandler
                0x080015f0                ADC3_IRQHandler
                0x080015f0                TIM4_IRQHandler
                0x080015f0                DMA2_Channel1_IRQHandler
                0x080015f0                QUADSPI_IRQHandler
                0x080015f0                I2C1_EV_IRQHandler
                0x080015f0                DMA1_Channel6_IRQHandler
                0x080015f0                UART4_IRQHandler
                0x080015f0                DMA2_Channel4_IRQHandler
                0x080015f0                TIM3_IRQHandler
                0x080015f0                RCC_IRQHandler
                0x080015f0                TIM20_UP_IRQHandler
                0x080015f0                DMA1_Channel1_IRQHandler
                0x080015f0                Default_Handler
                0x080015f0                DMA2_Channel7_IRQHandler
                0x080015f0                RTC_TAMP_LSECSS_IRQHandler
                0x080015f0                FMAC_IRQHandler
                0x080015f0                EXTI15_10_IRQHandler
                0x080015f0                DMA1_Channel8_IRQHandler
                0x080015f0                HRTIM1_TIMA_IRQHandler
                0x080015f0                TIM7_DAC_IRQHandler
                0x080015f0                FDCAN3_IT1_IRQHandler
                0x080015f0                TIM5_IRQHandler
                0x080015f0                UCPD1_IRQHandler
                0x080015f0                I2C3_EV_IRQHandler
                0x080015f0                EXTI9_5_IRQHandler
                0x080015f0                RTC_WKUP_IRQHandler
                0x080015f0                PVD_PVM_IRQHandler
                0x080015f0                SPI2_IRQHandler
                0x080015f0                ADC5_IRQHandler
                0x080015f0                DMA2_Channel5_IRQHandler
                0x080015f0                CRS_IRQHandler
                0x080015f0                DMA1_Channel5_IRQHandler
                0x080015f0                USB_LP_IRQHandler
                0x080015f0                EXTI4_IRQHandler
                0x080015f0                RNG_IRQHandler
                0x080015f0                HRTIM1_TIMB_IRQHandler
                0x080015f0                TIM1_TRG_COM_TIM17_IRQHandler
                0x080015f0                FDCAN2_IT1_IRQHandler
                0x080015f0                DMA1_Channel3_IRQHandler
                0x080015f0                ADC4_IRQHandler
                0x080015f0                WWDG_IRQHandler
                0x080015f0                I2C4_EV_IRQHandler
                0x080015f0                FDCAN2_IT0_IRQHandler
                0x080015f0                LPUART1_IRQHandler
                0x080015f0                DMA2_Channel6_IRQHandler
                0x080015f0                FDCAN1_IT0_IRQHandler
                0x080015f0                TIM2_IRQHandler
                0x080015f0                COMP7_IRQHandler
                0x080015f0                COMP1_2_3_IRQHandler
                0x080015f0                EXTI1_IRQHandler
                0x080015f0                USART2_IRQHandler
                0x080015f0                COMP4_5_6_IRQHandler
                0x080015f0                TIM20_BRK_IRQHandler
                0x080015f0                I2C2_ER_IRQHandler
                0x080015f0                DMA1_Channel2_IRQHandler
                0x080015f0                TIM8_BRK_IRQHandler
                0x080015f0                FLASH_IRQHandler
                0x080015f0                TIM20_CC_IRQHandler
                0x080015f0                USART1_IRQHandler
                0x080015f0                SPI3_IRQHandler
                0x080015f0                I2C1_ER_IRQHandler
                0x080015f0                FMC_IRQHandler
                0x080015f0                LPTIM1_IRQHandler
                0x080015f0                DMAMUX_OVR_IRQHandler
                0x080015f0                I2C4_ER_IRQHandler
                0x080015f0                USBWakeUp_IRQHandler
                0x080015f0                SAI1_IRQHandler
                0x080015f0                DMA2_Channel3_IRQHandler
                0x080015f0                TIM1_BRK_TIM15_IRQHandler
 .text.LL_ADC_REG_SetSequencerLength
                0x080015f2       0x26 ./Drivers/STM32G4xx_HAL_Driver/Src/stm32g4xx_ll_adc.o
 .text.LL_ADC_IsEnabled
                0x08001618       0x26 ./Drivers/STM32G4xx_HAL_Driver/Src/stm32g4xx_ll_adc.o
 *fill*         0x0800163e        0x2 
 .text.LL_ADC_CommonInit
                0x08001640       0xc8 ./Drivers/STM32G4xx_HAL_Driver/Src/stm32g4xx_ll_adc.o
                0x08001640                LL_ADC_CommonInit
 .text.LL_ADC_Init
                0x08001708       0x4c ./Drivers/STM32G4xx_HAL_Driver/Src/stm32g4xx_ll_adc.o
                0x08001708                LL_ADC_Init
 .text.LL_ADC_REG_Init
                0x08001754       0x94 ./Drivers/STM32G4xx_HAL_Driver/Src/stm32g4xx_ll_adc.o
                0x08001754                LL_ADC_REG_Init
 .text.LL_GPIO_SetPinMode
                0x080017e8       0x7a ./Drivers/STM32G4xx_HAL_Driver/Src/stm32g4xx_ll_gpio.o
 .text.LL_GPIO_SetPinOutputType
                0x08001862       0x30 ./Drivers/STM32G4xx_HAL_Driver/Src/stm32g4xx_ll_gpio.o
 .text.LL_GPIO_SetPinSpeed
                0x08001892       0x7a ./Drivers/STM32G4xx_HAL_Driver/Src/stm32g4xx_ll_gpio.o
 .text.LL_GPIO_SetPinPull
                0x0800190c       0x7a ./Drivers/STM32G4xx_HAL_Driver/Src/stm32g4xx_ll_gpio.o
 .text.LL_GPIO_SetAFPin_0_7
                0x08001986       0x7a ./Drivers/STM32G4xx_HAL_Driver/Src/stm32g4xx_ll_gpio.o
 .text.LL_GPIO_SetAFPin_8_15
                0x08001a00       0x7e ./Drivers/STM32G4xx_HAL_Driver/Src/stm32g4xx_ll_gpio.o
 .text.LL_GPIO_Init
                0x08001a7e       0xdc ./Drivers/STM32G4xx_HAL_Driver/Src/stm32g4xx_ll_gpio.o
                0x08001a7e                LL_GPIO_Init
 .text.LL_I2C_Enable
                0x08001b5a       0x20 ./Drivers/STM32G4xx_HAL_Driver/Src/stm32g4xx_ll_i2c.o
 .text.LL_I2C_Disable
                0x08001b7a       0x20 ./Drivers/STM32G4xx_HAL_Driver/Src/stm32g4xx_ll_i2c.o
 .text.LL_I2C_ConfigFilters
                0x08001b9a       0x2e ./Drivers/STM32G4xx_HAL_Driver/Src/stm32g4xx_ll_i2c.o
 .text.LL_I2C_SetOwnAddress1
                0x08001bc8       0x30 ./Drivers/STM32G4xx_HAL_Driver/Src/stm32g4xx_ll_i2c.o
 .text.LL_I2C_EnableOwnAddress1
                0x08001bf8       0x20 ./Drivers/STM32G4xx_HAL_Driver/Src/stm32g4xx_ll_i2c.o
 .text.LL_I2C_DisableOwnAddress1
                0x08001c18       0x20 ./Drivers/STM32G4xx_HAL_Driver/Src/stm32g4xx_ll_i2c.o
 .text.LL_I2C_SetTiming
                0x08001c38       0x1c ./Drivers/STM32G4xx_HAL_Driver/Src/stm32g4xx_ll_i2c.o
 .text.LL_I2C_SetMode
                0x08001c54       0x26 ./Drivers/STM32G4xx_HAL_Driver/Src/stm32g4xx_ll_i2c.o
 .text.LL_I2C_AcknowledgeNextData
                0x08001c7a       0x26 ./Drivers/STM32G4xx_HAL_Driver/Src/stm32g4xx_ll_i2c.o
 .text.LL_I2C_Init
                0x08001ca0       0x78 ./Drivers/STM32G4xx_HAL_Driver/Src/stm32g4xx_ll_i2c.o
                0x08001ca0                LL_I2C_Init
 .text.LL_InitTick
                0x08001d18       0x34 ./Drivers/STM32G4xx_HAL_Driver/Src/stm32g4xx_ll_utils.o
 .text.LL_Init1msTick
                0x08001d4c       0x1a ./Drivers/STM32G4xx_HAL_Driver/Src/stm32g4xx_ll_utils.o
                0x08001d4c                LL_Init1msTick
 *fill*         0x08001d66        0x2 
 .text.LL_mDelay
                0x08001d68       0x50 ./Drivers/STM32G4xx_HAL_Driver/Src/stm32g4xx_ll_utils.o
                0x08001d68                LL_mDelay
 .text.LL_SetSystemCoreClock
                0x08001db8       0x20 ./Drivers/STM32G4xx_HAL_Driver/Src/stm32g4xx_ll_utils.o
                0x08001db8                LL_SetSystemCoreClock
 .text.snprintf
                0x08001dd8       0x6c C:/ST/STM32CubeIDE_2.1.1/STM32CubeIDE/plugins/com.st.stm32cube.ide.mcu.externaltools.gnu-tools-for-stm32.14.3.rel1.win32_1.0.100.202602081740/tools/bin/../lib/gcc/arm-none-eabi/14.3.1/../../../../arm-none-eabi/lib/thumb/v7e-m+fp/hard\libc_nano.a(libc_a-snprintf.o)
                0x08001dd8                sniprintf
                0x08001dd8                snprintf
 .text.__errno  0x08001e44        0xc C:/ST/STM32CubeIDE_2.1.1/STM32CubeIDE/plugins/com.st.stm32cube.ide.mcu.externaltools.gnu-tools-for-stm32.14.3.rel1.win32_1.0.100.202602081740/tools/bin/../lib/gcc/arm-none-eabi/14.3.1/../../../../arm-none-eabi/lib/thumb/v7e-m+fp/hard\libc_nano.a(libc_a-errno.o)
                0x08001e44                __errno
 .text.__libc_init_array
                0x08001e50       0x48 C:/ST/STM32CubeIDE_2.1.1/STM32CubeIDE/plugins/com.st.stm32cube.ide.mcu.externaltools.gnu-tools-for-stm32.14.3.rel1.win32_1.0.100.202602081740/tools/bin/../lib/gcc/arm-none-eabi/14.3.1/../../../../arm-none-eabi/lib/thumb/v7e-m+fp/hard\libc_nano.a(libc_a-init.o)
                0x08001e50                __libc_init_array
 .text.__retarget_lock_acquire_recursive
                0x08001e98        0x2 C:/ST/STM32CubeIDE_2.1.1/STM32CubeIDE/plugins/com.st.stm32cube.ide.mcu.externaltools.gnu-tools-for-stm32.14.3.rel1.win32_1.0.100.202602081740/tools/bin/../lib/gcc/arm-none-eabi/14.3.1/../../../../arm-none-eabi/lib/thumb/v7e-m+fp/hard\libc_nano.a(libc_a-lock.o)
                0x08001e98                __retarget_lock_acquire_recursive
 .text.__retarget_lock_release_recursive
                0x08001e9a        0x2 C:/ST/STM32CubeIDE_2.1.1/STM32CubeIDE/plugins/com.st.stm32cube.ide.mcu.externaltools.gnu-tools-for-stm32.14.3.rel1.win32_1.0.100.202602081740/tools/bin/../lib/gcc/arm-none-eabi/14.3.1/../../../../arm-none-eabi/lib/thumb/v7e-m+fp/hard\libc_nano.a(libc_a-lock.o)
                0x08001e9a                __retarget_lock_release_recursive
 .text._free_r  0x08001e9c       0x94 C:/ST/STM32CubeIDE_2.1.1/STM32CubeIDE/plugins/com.st.stm32cube.ide.mcu.externaltools.gnu-tools-for-stm32.14.3.rel1.win32_1.0.100.202602081740/tools/bin/../lib/gcc/arm-none-eabi/14.3.1/../../../../arm-none-eabi/lib/thumb/v7e-m+fp/hard\libc_nano.a(libc_a-freer.o)
                0x08001e9c                _free_r
 .text.sbrk_aligned
                0x08001f30       0x44 C:/ST/STM32CubeIDE_2.1.1/STM32CubeIDE/plugins/com.st.stm32cube.ide.mcu.externaltools.gnu-tools-for-stm32.14.3.rel1.win32_1.0.100.202602081740/tools/bin/../lib/gcc/arm-none-eabi/14.3.1/../../../../arm-none-eabi/lib/thumb/v7e-m+fp/hard\libc_nano.a(libc_a-mallocr.o)
 .text._malloc_r
                0x08001f74      0x100 C:/ST/STM32CubeIDE_2.1.1/STM32CubeIDE/plugins/com.st.stm32cube.ide.mcu.externaltools.gnu-tools-for-stm32.14.3.rel1.win32_1.0.100.202602081740/tools/bin/../lib/gcc/arm-none-eabi/14.3.1/../../../../arm-none-eabi/lib/thumb/v7e-m+fp/hard\libc_nano.a(libc_a-mallocr.o)
                0x08001f74                _malloc_r
 .text.__malloc_lock
                0x08002074        0xc C:/ST/STM32CubeIDE_2.1.1/STM32CubeIDE/plugins/com.st.stm32cube.ide.mcu.externaltools.gnu-tools-for-stm32.14.3.rel1.win32_1.0.100.202602081740/tools/bin/../lib/gcc/arm-none-eabi/14.3.1/../../../../arm-none-eabi/lib/thumb/v7e-m+fp/hard\libc_nano.a(libc_a-mlock.o)
                0x08002074                __malloc_lock
 .text.__malloc_unlock
                0x08002080        0xc C:/ST/STM32CubeIDE_2.1.1/STM32CubeIDE/plugins/com.st.stm32cube.ide.mcu.externaltools.gnu-tools-for-stm32.14.3.rel1.win32_1.0.100.202602081740/tools/bin/../lib/gcc/arm-none-eabi/14.3.1/../../../../arm-none-eabi/lib/thumb/v7e-m+fp/hard\libc_nano.a(libc_a-mlock.o)
                0x08002080                __malloc_unlock
 .text.__ssputs_r
                0x0800208c       0xc0 C:/ST/STM32CubeIDE_2.1.1/STM32CubeIDE/plugins/com.st.stm32cube.ide.mcu.externaltools.gnu-tools-for-stm32.14.3.rel1.win32_1.0.100.202602081740/tools/bin/../lib/gcc/arm-none-eabi/14.3.1/../../../../arm-none-eabi/lib/thumb/v7e-m+fp/hard\libc_nano.a(libc_a-nano-svfprintf.o)
                0x0800208c                __ssputs_r
 .text._svfprintf_r
                0x0800214c      0x1f0 C:/ST/STM32CubeIDE_2.1.1/STM32CubeIDE/plugins/com.st.stm32cube.ide.mcu.externaltools.gnu-tools-for-stm32.14.3.rel1.win32_1.0.100.202602081740/tools/bin/../lib/gcc/arm-none-eabi/14.3.1/../../../../arm-none-eabi/lib/thumb/v7e-m+fp/hard\libc_nano.a(libc_a-nano-svfprintf.o)
                0x0800214c                _svfiprintf_r
                0x0800214c                _svfprintf_r
 .text._printf_common
                0x0800233c       0xda C:/ST/STM32CubeIDE_2.1.1/STM32CubeIDE/plugins/com.st.stm32cube.ide.mcu.externaltools.gnu-tools-for-stm32.14.3.rel1.win32_1.0.100.202602081740/tools/bin/../lib/gcc/arm-none-eabi/14.3.1/../../../../arm-none-eabi/lib/thumb/v7e-m+fp/hard\libc_nano.a(libc_a-nano-vfprintf_i.o)
                0x0800233c                _printf_common
 *fill*         0x08002416        0x2 
 .text._printf_i
                0x08002418      0x24c C:/ST/STM32CubeIDE_2.1.1/STM32CubeIDE/plugins/com.st.stm32cube.ide.mcu.externaltools.gnu-tools-for-stm32.14.3.rel1.win32_1.0.100.202602081740/tools/bin/../lib/gcc/arm-none-eabi/14.3.1/../../../../arm-none-eabi/lib/thumb/v7e-m+fp/hard\libc_nano.a(libc_a-nano-vfprintf_i.o)
                0x08002418                _printf_i
 .text.memmove  0x08002664       0x32 C:/ST/STM32CubeIDE_2.1.1/STM32CubeIDE/plugins/com.st.stm32cube.ide.mcu.externaltools.gnu-tools-for-stm32.14.3.rel1.win32_1.0.100.202602081740/tools/bin/../lib/gcc/arm-none-eabi/14.3.1/../../../../arm-none-eabi/lib/thumb/v7e-m+fp/hard\libc_nano.a(libc_a-memmove.o)
                0x08002664                memmove
 *fill*         0x08002696        0x2 
 .text._sbrk_r  0x08002698       0x20 C:/ST/STM32CubeIDE_2.1.1/STM32CubeIDE/plugins/com.st.stm32cube.ide.mcu.externaltools.gnu-tools-for-stm32.14.3.rel1.win32_1.0.100.202602081740/tools/bin/../lib/gcc/arm-none-eabi/14.3.1/../../../../arm-none-eabi/lib/thumb/v7e-m+fp/hard\libc_nano.a(libc_a-sbrkr.o)
                0x08002698                _sbrk_r
 .text.memcpy   0x080026b8       0x1c C:/ST/STM32CubeIDE_2.1.1/STM32CubeIDE/plugins/com.st.stm32cube.ide.mcu.externaltools.gnu-tools-for-stm32.14.3.rel1.win32_1.0.100.202602081740/tools/bin/../lib/gcc/arm-none-eabi/14.3.1/../../../../arm-none-eabi/lib/thumb/v7e-m+fp/hard\libc_nano.a(libc_a-memcpy-stub.o)
                0x080026b8                memcpy
 .text._realloc_r
                0x080026d4       0x5c C:/ST/STM32CubeIDE_2.1.1/STM32CubeIDE/plugins/com.st.stm32cube.ide.mcu.externaltools.gnu-tools-for-stm32.14.3.rel1.win32_1.0.100.202602081740/tools/bin/../lib/gcc/arm-none-eabi/14.3.1/../../../../arm-none-eabi/lib/thumb/v7e-m+fp/hard\libc_nano.a(libc_a-reallocr.o)
                0x080026d4                _realloc_r
 .text._malloc_usable_size_r
                0x08002730       0x10 C:/ST/STM32CubeIDE_2.1.1/STM32CubeIDE/plugins/com.st.stm32cube.ide.mcu.externaltools.gnu-tools-for-stm32.14.3.rel1.win32_1.0.100.202602081740/tools/bin/../lib/gcc/arm-none-eabi/14.3.1/../../../../arm-none-eabi/lib/thumb/v7e-m+fp/hard\libc_nano.a(libc_a-msizer.o)
                0x08002730                _malloc_usable_size_r
 *(.glue_7)
 .glue_7        0x08002740        0x0 linker stubs
 *(.glue_7t)
 .glue_7t       0x08002740        0x0 linker stubs
 *(.eh_frame)
 .eh_frame      0x08002740        0x0 C:/ST/STM32CubeIDE_2.1.1/STM32CubeIDE/plugins/com.st.stm32cube.ide.mcu.externaltools.gnu-tools-for-stm32.14.3.rel1.win32_1.0.100.202602081740/tools/bin/../lib/gcc/arm-none-eabi/14.3.1/thumb/v7e-m+fp/hard/crtbegin.o
 *(.init)
 .init          0x08002740        0x4 C:/ST/STM32CubeIDE_2.1.1/STM32CubeIDE/plugins/com.st.stm32cube.ide.mcu.externaltools.gnu-tools-for-stm32.14.3.rel1.win32_1.0.100.202602081740/tools/bin/../lib/gcc/arm-none-eabi/14.3.1/thumb/v7e-m+fp/hard/crti.o
                0x08002740                _init
 .init          0x08002744        0x8 C:/ST/STM32CubeIDE_2.1.1/STM32CubeIDE/plugins/com.st.stm32cube.ide.mcu.externaltools.gnu-tools-for-stm32.14.3.rel1.win32_1.0.100.202602081740/tools/bin/../lib/gcc/arm-none-eabi/14.3.1/thumb/v7e-m+fp/hard/crtn.o
 *(.fini)
 .fini          0x0800274c        0x4 C:/ST/STM32CubeIDE_2.1.1/STM32CubeIDE/plugins/com.st.stm32cube.ide.mcu.externaltools.gnu-tools-for-stm32.14.3.rel1.win32_1.0.100.202602081740/tools/bin/../lib/gcc/arm-none-eabi/14.3.1/thumb/v7e-m+fp/hard/crti.o
                0x0800274c                _fini
 .fini          0x08002750        0x8 C:/ST/STM32CubeIDE_2.1.1/STM32CubeIDE/plugins/com.st.stm32cube.ide.mcu.externaltools.gnu-tools-for-stm32.14.3.rel1.win32_1.0.100.202602081740/tools/bin/../lib/gcc/arm-none-eabi/14.3.1/thumb/v7e-m+fp/hard/crtn.o
                0x08002758                        . = ALIGN (0x4)
                0x08002758                        _etext = .

.vfp11_veneer   0x08002758        0x0
 .vfp11_veneer  0x08002758        0x0 linker stubs

.v4_bx          0x08002758        0x0
 .v4_bx         0x08002758        0x0 linker stubs

.iplt           0x08002758        0x0
 .iplt          0x08002758        0x0 C:/ST/STM32CubeIDE_2.1.1/STM32CubeIDE/plugins/com.st.stm32cube.ide.mcu.externaltools.gnu-tools-for-stm32.14.3.rel1.win32_1.0.100.202602081740/tools/bin/../lib/gcc/arm-none-eabi/14.3.1/thumb/v7e-m+fp/hard/crtbegin.o

.rodata         0x08002758       0x64
                0x08002758                        . = ALIGN (0x4)
 *(.rodata)
 .rodata        0x08002758       0x31 ./Core/Src/main.o
 *(.rodata*)
 .rodata._svfprintf_r.str1.1
                0x08002789       0x33 C:/ST/STM32CubeIDE_2.1.1/STM32CubeIDE/plugins/com.st.stm32cube.ide.mcu.externaltools.gnu-tools-for-stm32.14.3.rel1.win32_1.0.100.202602081740/tools/bin/../lib/gcc/arm-none-eabi/14.3.1/../../../../arm-none-eabi/lib/thumb/v7e-m+fp/hard\libc_nano.a(libc_a-nano-svfprintf.o)
                                 0x11 (size before relaxing)
 .rodata._printf_i.str1.1
                0x080027bc       0x22 C:/ST/STM32CubeIDE_2.1.1/STM32CubeIDE/plugins/com.st.stm32cube.ide.mcu.externaltools.gnu-tools-for-stm32.14.3.rel1.win32_1.0.100.202602081740/tools/bin/../lib/gcc/arm-none-eabi/14.3.1/../../../../arm-none-eabi/lib/thumb/v7e-m+fp/hard\libc_nano.a(libc_a-nano-vfprintf_i.o)
                0x080027e0                        . = ALIGN (0x4)

.ARM.extab      0x080027bc        0x0
                0x080027bc                        . = ALIGN (0x4)
 *(.ARM.extab* .gnu.linkonce.armextab.*)
                0x080027bc                        . = ALIGN (0x4)

.ARM            0x080027bc        0x8
                0x080027bc                        . = ALIGN (0x4)
                0x080027bc                        __exidx_start = .
 *(.ARM.exidx*)
 .ARM.exidx     0x080027bc        0x8 C:/ST/STM32CubeIDE_2.1.1/STM32CubeIDE/plugins/com.st.stm32cube.ide.mcu.externaltools.gnu-tools-for-stm32.14.3.rel1.win32_1.0.100.202602081740/tools/bin/../lib/gcc/arm-none-eabi/14.3.1/../../../../arm-none-eabi/lib/thumb/v7e-m+fp/hard\libc_nano.a(libc_a-memchr.o)
                0x080027c4                        __exidx_end = .
                0x080027c4                        . = ALIGN (0x4)

.preinit_array  0x080027c4        0x0
                0x080027c4                        . = ALIGN (0x4)
                0x080027c4                        PROVIDE (__preinit_array_start = .)
 *(.preinit_array*)
                0x080027c4                        PROVIDE (__preinit_array_end = .)
                0x080027c4                        . = ALIGN (0x4)

.init_array     0x080027c4        0x4
                0x080027c4                        . = ALIGN (0x4)
                0x080027c4                        PROVIDE (__init_array_start = .)
 *(SORT_BY_NAME(.init_array.*))
 *(.init_array*)
 .init_array    0x080027c4        0x4 C:/ST/STM32CubeIDE_2.1.1/STM32CubeIDE/plugins/com.st.stm32cube.ide.mcu.externaltools.gnu-tools-for-stm32.14.3.rel1.win32_1.0.100.202602081740/tools/bin/../lib/gcc/arm-none-eabi/14.3.1/thumb/v7e-m+fp/hard/crtbegin.o
                0x080027c8                        PROVIDE (__init_array_end = .)
                0x080027c8                        . = ALIGN (0x4)

.fini_array     0x080027c8        0x4
                0x080027c8                        . = ALIGN (0x4)
                [!provide]                        PROVIDE (__fini_array_start = .)
 *(SORT_BY_NAME(.fini_array.*))
 *(.fini_array*)
 .fini_array    0x080027c8        0x4 C:/ST/STM32CubeIDE_2.1.1/STM32CubeIDE/plugins/com.st.stm32cube.ide.mcu.externaltools.gnu-tools-for-stm32.14.3.rel1.win32_1.0.100.202602081740/tools/bin/../lib/gcc/arm-none-eabi/14.3.1/thumb/v7e-m+fp/hard/crtbegin.o
                [!provide]                        PROVIDE (__fini_array_end = .)
                0x080027cc                        . = ALIGN (0x4)
                0x080027cc                        _sidata = LOADADDR (.data)

.rel.dyn        0x080027cc        0x0
 .rel.iplt      0x080027cc        0x0 C:/ST/STM32CubeIDE_2.1.1/STM32CubeIDE/plugins/com.st.stm32cube.ide.mcu.externaltools.gnu-tools-for-stm32.14.3.rel1.win32_1.0.100.202602081740/tools/bin/../lib/gcc/arm-none-eabi/14.3.1/thumb/v7e-m+fp/hard/crtbegin.o

.data           0x20000000       0x54 load address 0x080027cc
                0x20000000                        . = ALIGN (0x4)
                0x20000000                        _sdata = .
 *(.data)
 *(.data*)
 .data.SystemCoreClock
                0x20000000        0x4 ./Core/Src/system_stm32g4xx.o
                0x20000000                SystemCoreClock
 .data._impure_ptr
                0x20000004        0x4 C:/ST/STM32CubeIDE_2.1.1/STM32CubeIDE/plugins/com.st.stm32cube.ide.mcu.externaltools.gnu-tools-for-stm32.14.3.rel1.win32_1.0.100.202602081740/tools/bin/../lib/gcc/arm-none-eabi/14.3.1/../../../../arm-none-eabi/lib/thumb/v7e-m+fp/hard\libc_nano.a(libc_a-impure.o)
                0x20000004                _impure_ptr
 .data._impure_data
                0x20000008       0x4c C:/ST/STM32CubeIDE_2.1.1/STM32CubeIDE/plugins/com.st.stm32cube.ide.mcu.externaltools.gnu-tools-for-stm32.14.3.rel1.win32_1.0.100.202602081740/tools/bin/../lib/gcc/arm-none-eabi/14.3.1/../../../../arm-none-eabi/lib/thumb/v7e-m+fp/hard\libc_nano.a(libc_a-impure.o)
                0x20000008                _impure_data
 *(.RamFunc)
 *(.RamFunc*)
                0x20000054                        . = ALIGN (0x4)
                0x20000054                        _edata = .

.igot.plt       0x20000054        0x0 load address 0x08002820
 .igot.plt      0x20000054        0x0 C:/ST/STM32CubeIDE_2.1.1/STM32CubeIDE/plugins/com.st.stm32cube.ide.mcu.externaltools.gnu-tools-for-stm32.14.3.rel1.win32_1.0.100.202602081740/tools/bin/../lib/gcc/arm-none-eabi/14.3.1/thumb/v7e-m+fp/hard/crtbegin.o
                0x20000054                        . = ALIGN (0x4)

.bss            0x20000054      0x16c load address 0x08002820
                0x20000054                        _sbss = .
                0x20000054                        __bss_start__ = _sbss
 *(.bss)
 .bss           0x20000054       0x1c C:/ST/STM32CubeIDE_2.1.1/STM32CubeIDE/plugins/com.st.stm32cube.ide.mcu.externaltools.gnu-tools-for-stm32.14.3.rel1.win32_1.0.100.202602081740/tools/bin/../lib/gcc/arm-none-eabi/14.3.1/thumb/v7e-m+fp/hard/crtbegin.o
 *(.bss*)
 .bss.pot_raw   0x20000070        0x2 ./Core/Src/main.o
                0x20000070                pot_raw
 .bss.num_leds  0x20000072        0x1 ./Core/Src/main.o
                0x20000072                num_leds
 *fill*         0x20000073        0x1 
 .bss.__sbrk_heap_end
                0x20000074        0x4 ./Core/Src/sysmem.o
 .bss.__sf      0x20000078      0x138 C:/ST/STM32CubeIDE_2.1.1/STM32CubeIDE/plugins/com.st.stm32cube.ide.mcu.externaltools.gnu-tools-for-stm32.14.3.rel1.win32_1.0.100.202602081740/tools/bin/../lib/gcc/arm-none-eabi/14.3.1/../../../../arm-none-eabi/lib/thumb/v7e-m+fp/hard\libc_nano.a(libc_a-findfp.o)
                0x20000078                __sf
 .bss.errno     0x200001b0        0x4 C:/ST/STM32CubeIDE_2.1.1/STM32CubeIDE/plugins/com.st.stm32cube.ide.mcu.externaltools.gnu-tools-for-stm32.14.3.rel1.win32_1.0.100.202602081740/tools/bin/../lib/gcc/arm-none-eabi/14.3.1/../../../../arm-none-eabi/lib/thumb/v7e-m+fp/hard\libc_nano.a(libc_a-reent.o)
                0x200001b0                errno
 .bss.__lock___malloc_recursive_mutex
                0x200001b4        0x1 C:/ST/STM32CubeIDE_2.1.1/STM32CubeIDE/plugins/com.st.stm32cube.ide.mcu.externaltools.gnu-tools-for-stm32.14.3.rel1.win32_1.0.100.202602081740/tools/bin/../lib/gcc/arm-none-eabi/14.3.1/../../../../arm-none-eabi/lib/thumb/v7e-m+fp/hard\libc_nano.a(libc_a-lock.o)
                0x200001b4                __lock___malloc_recursive_mutex
 *fill*         0x200001b5        0x3 
 .bss.__malloc_sbrk_start
                0x200001b8        0x4 C:/ST/STM32CubeIDE_2.1.1/STM32CubeIDE/plugins/com.st.stm32cube.ide.mcu.externaltools.gnu-tools-for-stm32.14.3.rel1.win32_1.0.100.202602081740/tools/bin/../lib/gcc/arm-none-eabi/14.3.1/../../../../arm-none-eabi/lib/thumb/v7e-m+fp/hard\libc_nano.a(libc_a-mallocr.o)
                0x200001b8                __malloc_sbrk_start
 .bss.__malloc_free_list
                0x200001bc        0x4 C:/ST/STM32CubeIDE_2.1.1/STM32CubeIDE/plugins/com.st.stm32cube.ide.mcu.externaltools.gnu-tools-for-stm32.14.3.rel1.win32_1.0.100.202602081740/tools/bin/../lib/gcc/arm-none-eabi/14.3.1/../../../../arm-none-eabi/lib/thumb/v7e-m+fp/hard\libc_nano.a(libc_a-mallocr.o)
                0x200001bc                __malloc_free_list
 *(COMMON)
                0x200001c0                        . = ALIGN (0x4)
                0x200001c0                        _ebss = .
                0x200001c0                        __bss_end__ = _ebss

._user_heap_stack
                0x200001c0      0x600 load address 0x08002820
                0x200001c0                        . = ALIGN (0x8)
                [!provide]                        PROVIDE (end = .)
                0x200001c0                        PROVIDE (_end = .)
                0x200003c0                        . = (. + _Min_Heap_Size)
 *fill*         0x200001c0      0x200 
                0x200007c0                        . = (. + _Min_Stack_Size)
 *fill*         0x200003c0      0x400 
                0x200007c0                        . = ALIGN (0x8)

/DISCARD/
 libc.a(*)
 libm.a(*)
 libgcc.a(*)

.ARM.attributes
                0x00000000       0x30
 *(.ARM.attributes)
 .ARM.attributes
                0x00000000       0x22 C:/ST/STM32CubeIDE_2.1.1/STM32CubeIDE/plugins/com.st.stm32cube.ide.mcu.externaltools.gnu-tools-for-stm32.14.3.rel1.win32_1.0.100.202602081740/tools/bin/../lib/gcc/arm-none-eabi/14.3.1/thumb/v7e-m+fp/hard/crti.o
 .ARM.attributes
                0x00000022       0x34 C:/ST/STM32CubeIDE_2.1.1/STM32CubeIDE/plugins/com.st.stm32cube.ide.mcu.externaltools.gnu-tools-for-stm32.14.3.rel1.win32_1.0.100.202602081740/tools/bin/../lib/gcc/arm-none-eabi/14.3.1/thumb/v7e-m+fp/hard/crtbegin.o
 .ARM.attributes
                0x00000056       0x34 ./Core/Src/main.o
 .ARM.attributes
                0x0000008a       0x34 ./Core/Src/stm32g4xx_it.o
 .ARM.attributes
                0x000000be       0x34 ./Core/Src/sysmem.o
 .ARM.attributes
                0x000000f2       0x34 ./Core/Src/system_stm32g4xx.o
 .ARM.attributes
                0x00000126       0x21 ./Core/Startup/startup_stm32g474retx.o
 .ARM.attributes
                0x00000147       0x34 ./Drivers/STM32G4xx_HAL_Driver/Src/stm32g4xx_ll_adc.o
 .ARM.attributes
                0x0000017b       0x34 ./Drivers/STM32G4xx_HAL_Driver/Src/stm32g4xx_ll_gpio.o
 .ARM.attributes
                0x000001af       0x34 ./Drivers/STM32G4xx_HAL_Driver/Src/stm32g4xx_ll_i2c.o
 .ARM.attributes
                0x000001e3       0x34 ./Drivers/STM32G4xx_HAL_Driver/Src/stm32g4xx_ll_utils.o
 .ARM.attributes
                0x00000217       0x34 C:/ST/STM32CubeIDE_2.1.1/STM32CubeIDE/plugins/com.st.stm32cube.ide.mcu.externaltools.gnu-tools-for-stm32.14.3.rel1.win32_1.0.100.202602081740/tools/bin/../lib/gcc/arm-none-eabi/14.3.1/../../../../arm-none-eabi/lib/thumb/v7e-m+fp/hard\libc_nano.a(libc_a-findfp.o)
 .ARM.attributes
                0x0000024b       0x34 C:/ST/STM32CubeIDE_2.1.1/STM32CubeIDE/plugins/com.st.stm32cube.ide.mcu.externaltools.gnu-tools-for-stm32.14.3.rel1.win32_1.0.100.202602081740/tools/bin/../lib/gcc/arm-none-eabi/14.3.1/../../../../arm-none-eabi/lib/thumb/v7e-m+fp/hard\libc_nano.a(libc_a-snprintf.o)
 .ARM.attributes
                0x0000027f       0x34 C:/ST/STM32CubeIDE_2.1.1/STM32CubeIDE/plugins/com.st.stm32cube.ide.mcu.externaltools.gnu-tools-for-stm32.14.3.rel1.win32_1.0.100.202602081740/tools/bin/../lib/gcc/arm-none-eabi/14.3.1/../../../../arm-none-eabi/lib/thumb/v7e-m+fp/hard\libc_nano.a(libc_a-reent.o)
 .ARM.attributes
                0x000002b3       0x34 C:/ST/STM32CubeIDE_2.1.1/STM32CubeIDE/plugins/com.st.stm32cube.ide.mcu.externaltools.gnu-tools-for-stm32.14.3.rel1.win32_1.0.100.202602081740/tools/bin/../lib/gcc/arm-none-eabi/14.3.1/../../../../arm-none-eabi/lib/thumb/v7e-m+fp/hard\libc_nano.a(libc_a-impure.o)
 .ARM.attributes
                0x000002e7       0x34 C:/ST/STM32CubeIDE_2.1.1/STM32CubeIDE/plugins/com.st.stm32cube.ide.mcu.externaltools.gnu-tools-for-stm32.14.3.rel1.win32_1.0.100.202602081740/tools/bin/../lib/gcc/arm-none-eabi/14.3.1/../../../../arm-none-eabi/lib/thumb/v7e-m+fp/hard\libc_nano.a(libc_a-errno.o)
 .ARM.attributes
                0x0000031b       0x34 C:/ST/STM32CubeIDE_2.1.1/STM32CubeIDE/plugins/com.st.stm32cube.ide.mcu.externaltools.gnu-tools-for-stm32.14.3.rel1.win32_1.0.100.202602081740/tools/bin/../lib/gcc/arm-none-eabi/14.3.1/../../../../arm-none-eabi/lib/thumb/v7e-m+fp/hard\libc_nano.a(libc_a-init.o)
 .ARM.attributes
                0x0000034f       0x34 C:/ST/STM32CubeIDE_2.1.1/STM32CubeIDE/plugins/com.st.stm32cube.ide.mcu.externaltools.gnu-tools-for-stm32.14.3.rel1.win32_1.0.100.202602081740/tools/bin/../lib/gcc/arm-none-eabi/14.3.1/../../../../arm-none-eabi/lib/thumb/v7e-m+fp/hard\libc_nano.a(libc_a-lock.o)
 .ARM.attributes
                0x00000383       0x34 C:/ST/STM32CubeIDE_2.1.1/STM32CubeIDE/plugins/com.st.stm32cube.ide.mcu.externaltools.gnu-tools-for-stm32.14.3.rel1.win32_1.0.100.202602081740/tools/bin/../lib/gcc/arm-none-eabi/14.3.1/../../../../arm-none-eabi/lib/thumb/v7e-m+fp/hard\libc_nano.a(libc_a-freer.o)
 .ARM.attributes
                0x000003b7       0x34 C:/ST/STM32CubeIDE_2.1.1/STM32CubeIDE/plugins/com.st.stm32cube.ide.mcu.externaltools.gnu-tools-for-stm32.14.3.rel1.win32_1.0.100.202602081740/tools/bin/../lib/gcc/arm-none-eabi/14.3.1/../../../../arm-none-eabi/lib/thumb/v7e-m+fp/hard\libc_nano.a(libc_a-mallocr.o)
 .ARM.attributes
                0x000003eb       0x34 C:/ST/STM32CubeIDE_2.1.1/STM32CubeIDE/plugins/com.st.stm32cube.ide.mcu.externaltools.gnu-tools-for-stm32.14.3.rel1.win32_1.0.100.202602081740/tools/bin/../lib/gcc/arm-none-eabi/14.3.1/../../../../arm-none-eabi/lib/thumb/v7e-m+fp/hard\libc_nano.a(libc_a-mlock.o)
 .ARM.attributes
                0x0000041f       0x34 C:/ST/STM32CubeIDE_2.1.1/STM32CubeIDE/plugins/com.st.stm32cube.ide.mcu.externaltools.gnu-tools-for-stm32.14.3.rel1.win32_1.0.100.202602081740/tools/bin/../lib/gcc/arm-none-eabi/14.3.1/../../../../arm-none-eabi/lib/thumb/v7e-m+fp/hard\libc_nano.a(libc_a-nano-svfprintf.o)
 .ARM.attributes
                0x00000453       0x34 C:/ST/STM32CubeIDE_2.1.1/STM32CubeIDE/plugins/com.st.stm32cube.ide.mcu.externaltools.gnu-tools-for-stm32.14.3.rel1.win32_1.0.100.202602081740/tools/bin/../lib/gcc/arm-none-eabi/14.3.1/../../../../arm-none-eabi/lib/thumb/v7e-m+fp/hard\libc_nano.a(libc_a-nano-vfprintf_i.o)
 .ARM.attributes
                0x00000487       0x34 C:/ST/STM32CubeIDE_2.1.1/STM32CubeIDE/plugins/com.st.stm32cube.ide.mcu.externaltools.gnu-tools-for-stm32.14.3.rel1.win32_1.0.100.202602081740/tools/bin/../lib/gcc/arm-none-eabi/14.3.1/../../../../arm-none-eabi/lib/thumb/v7e-m+fp/hard\libc_nano.a(libc_a-memmove.o)
 .ARM.attributes
                0x000004bb       0x34 C:/ST/STM32CubeIDE_2.1.1/STM32CubeIDE/plugins/com.st.stm32cube.ide.mcu.externaltools.gnu-tools-for-stm32.14.3.rel1.win32_1.0.100.202602081740/tools/bin/../lib/gcc/arm-none-eabi/14.3.1/../../../../arm-none-eabi/lib/thumb/v7e-m+fp/hard\libc_nano.a(libc_a-sbrkr.o)
 .ARM.attributes
                0x000004ef       0x1c C:/ST/STM32CubeIDE_2.1.1/STM32CubeIDE/plugins/com.st.stm32cube.ide.mcu.externaltools.gnu-tools-for-stm32.14.3.rel1.win32_1.0.100.202602081740/tools/bin/../lib/gcc/arm-none-eabi/14.3.1/../../../../arm-none-eabi/lib/thumb/v7e-m+fp/hard\libc_nano.a(libc_a-memchr.o)
 .ARM.attributes
                0x0000050b       0x34 C:/ST/STM32CubeIDE_2.1.1/STM32CubeIDE/plugins/com.st.stm32cube.ide.mcu.externaltools.gnu-tools-for-stm32.14.3.rel1.win32_1.0.100.202602081740/tools/bin/../lib/gcc/arm-none-eabi/14.3.1/../../../../arm-none-eabi/lib/thumb/v7e-m+fp/hard\libc_nano.a(libc_a-memcpy-stub.o)
 .ARM.attributes
                0x0000053f       0x34 C:/ST/STM32CubeIDE_2.1.1/STM32CubeIDE/plugins/com.st.stm32cube.ide.mcu.externaltools.gnu-tools-for-stm32.14.3.rel1.win32_1.0.100.202602081740/tools/bin/../lib/gcc/arm-none-eabi/14.3.1/../../../../arm-none-eabi/lib/thumb/v7e-m+fp/hard\libc_nano.a(libc_a-reallocr.o)
 .ARM.attributes
                0x00000573       0x34 C:/ST/STM32CubeIDE_2.1.1/STM32CubeIDE/plugins/com.st.stm32cube.ide.mcu.externaltools.gnu-tools-for-stm32.14.3.rel1.win32_1.0.100.202602081740/tools/bin/../lib/gcc/arm-none-eabi/14.3.1/../../../../arm-none-eabi/lib/thumb/v7e-m+fp/hard\libc_nano.a(libc_a-msizer.o)
 .ARM.attributes
                0x000005a7       0x22 C:/ST/STM32CubeIDE_2.1.1/STM32CubeIDE/plugins/com.st.stm32cube.ide.mcu.externaltools.gnu-tools-for-stm32.14.3.rel1.win32_1.0.100.202602081740/tools/bin/../lib/gcc/arm-none-eabi/14.3.1/thumb/v7e-m+fp/hard/crtn.o
OUTPUT(adc_level_LCD.elf elf32-littlearm)
LOAD linker stubs
LOAD C:/ST/STM32CubeIDE_2.1.1/STM32CubeIDE/plugins/com.st.stm32cube.ide.mcu.externaltools.gnu-tools-for-stm32.14.3.rel1.win32_1.0.100.202602081740/tools/bin/../lib/gcc/arm-none-eabi/14.3.1/../../../../arm-none-eabi/lib/thumb/v7e-m+fp/hard\libc.a
LOAD C:/ST/STM32CubeIDE_2.1.1/STM32CubeIDE/plugins/com.st.stm32cube.ide.mcu.externaltools.gnu-tools-for-stm32.14.3.rel1.win32_1.0.100.202602081740/tools/bin/../lib/gcc/arm-none-eabi/14.3.1/../../../../arm-none-eabi/lib/thumb/v7e-m+fp/hard\libm.a
LOAD C:/ST/STM32CubeIDE_2.1.1/STM32CubeIDE/plugins/com.st.stm32cube.ide.mcu.externaltools.gnu-tools-for-stm32.14.3.rel1.win32_1.0.100.202602081740/tools/bin/../lib/gcc/arm-none-eabi/14.3.1/thumb/v7e-m+fp/hard\libgcc.a

.debug_info     0x00000000     0x4c8b
 .debug_info    0x00000000     0x1ce0 ./Core/Src/main.o
 .debug_info    0x00001ce0      0x145 ./Core/Src/stm32g4xx_it.o
 .debug_info    0x00001e25      0x168 ./Core/Src/sysmem.o
 .debug_info    0x00001f8d      0x587 ./Core/Src/system_stm32g4xx.o
 .debug_info    0x00002514       0x30 ./Core/Startup/startup_stm32g474retx.o
 .debug_info    0x00002544      0xb0d ./Drivers/STM32G4xx_HAL_Driver/Src/stm32g4xx_ll_adc.o
 .debug_info    0x00003051      0x95e ./Drivers/STM32G4xx_HAL_Driver/Src/stm32g4xx_ll_gpio.o
 .debug_info    0x000039af      0x6b9 ./Drivers/STM32G4xx_HAL_Driver/Src/stm32g4xx_ll_i2c.o
 .debug_info    0x00004068      0xc23 ./Drivers/STM32G4xx_HAL_Driver/Src/stm32g4xx_ll_utils.o

.debug_abbrev   0x00000000      0xd6e
 .debug_abbrev  0x00000000      0x339 ./Core/Src/main.o
 .debug_abbrev  0x00000339       0x80 ./Core/Src/stm32g4xx_it.o
 .debug_abbrev  0x000003b9       0xbc ./Core/Src/sysmem.o
 .debug_abbrev  0x00000475      0x11a ./Core/Src/system_stm32g4xx.o
 .debug_abbrev  0x0000058f       0x24 ./Core/Startup/startup_stm32g474retx.o
 .debug_abbrev  0x000005b3      0x1a9 ./Drivers/STM32G4xx_HAL_Driver/Src/stm32g4xx_ll_adc.o
 .debug_abbrev  0x0000075c      0x23c ./Drivers/STM32G4xx_HAL_Driver/Src/stm32g4xx_ll_gpio.o
 .debug_abbrev  0x00000998      0x178 ./Drivers/STM32G4xx_HAL_Driver/Src/stm32g4xx_ll_i2c.o
 .debug_abbrev  0x00000b10      0x25e ./Drivers/STM32G4xx_HAL_Driver/Src/stm32g4xx_ll_utils.o

.debug_aranges  0x00000000      0x5e8
 .debug_aranges
                0x00000000      0x240 ./Core/Src/main.o
 .debug_aranges
                0x00000240       0x60 ./Core/Src/stm32g4xx_it.o
 .debug_aranges
                0x000002a0       0x20 ./Core/Src/sysmem.o
 .debug_aranges
                0x000002c0       0x28 ./Core/Src/system_stm32g4xx.o
 .debug_aranges
                0x000002e8       0x28 ./Core/Startup/startup_stm32g474retx.o
 .debug_aranges
                0x00000310       0xd0 ./Drivers/STM32G4xx_HAL_Driver/Src/stm32g4xx_ll_adc.o
 .debug_aranges
                0x000003e0       0x70 ./Drivers/STM32G4xx_HAL_Driver/Src/stm32g4xx_ll_gpio.o
 .debug_aranges
                0x00000450       0x98 ./Drivers/STM32G4xx_HAL_Driver/Src/stm32g4xx_ll_i2c.o
 .debug_aranges
                0x000004e8      0x100 ./Drivers/STM32G4xx_HAL_Driver/Src/stm32g4xx_ll_utils.o

.debug_rnglists
                0x00000000      0x453
 .debug_rnglists
                0x00000000      0x1b2 ./Core/Src/main.o
 .debug_rnglists
                0x000001b2       0x43 ./Core/Src/stm32g4xx_it.o
 .debug_rnglists
                0x000001f5       0x13 ./Core/Src/sysmem.o
 .debug_rnglists
                0x00000208       0x1a ./Core/Src/system_stm32g4xx.o
 .debug_rnglists
                0x00000222       0x19 ./Core/Startup/startup_stm32g474retx.o
 .debug_rnglists
                0x0000023b       0x9a ./Drivers/STM32G4xx_HAL_Driver/Src/stm32g4xx_ll_adc.o
 .debug_rnglists
                0x000002d5       0x51 ./Drivers/STM32G4xx_HAL_Driver/Src/stm32g4xx_ll_gpio.o
 .debug_rnglists
                0x00000326       0x6e ./Drivers/STM32G4xx_HAL_Driver/Src/stm32g4xx_ll_i2c.o
 .debug_rnglists
                0x00000394       0xbf ./Drivers/STM32G4xx_HAL_Driver/Src/stm32g4xx_ll_utils.o

.debug_macro    0x00000000    0x1fa83
 .debug_macro   0x00000000      0x24c ./Core/Src/main.o
 .debug_macro   0x0000024c      0xb1a ./Core/Src/main.o
 .debug_macro   0x00000d66       0x2e ./Core/Src/main.o
 .debug_macro   0x00000d94       0x28 ./Core/Src/main.o
 .debug_macro   0x00000dbc       0x22 ./Core/Src/main.o
 .debug_macro   0x00000dde       0x8e ./Core/Src/main.o
 .debug_macro   0x00000e6c       0x51 ./Core/Src/main.o
 .debug_macro   0x00000ebd      0x103 ./Core/Src/main.o
 .debug_macro   0x00000fc0       0x6a ./Core/Src/main.o
 .debug_macro   0x0000102a      0x1df ./Core/Src/main.o
 .debug_macro   0x00001209       0x1c ./Core/Src/main.o
 .debug_macro   0x00001225       0x22 ./Core/Src/main.o
 .debug_macro   0x00001247       0xfb ./Core/Src/main.o
 .debug_macro   0x00001342     0x1011 ./Core/Src/main.o
 .debug_macro   0x00002353      0x11f ./Core/Src/main.o
 .debug_macro   0x00002472    0x18b8c ./Core/Src/main.o
 .debug_macro   0x0001affe       0x6d ./Core/Src/main.o
 .debug_macro   0x0001b06b     0x110b ./Core/Src/main.o
 .debug_macro   0x0001c176      0x24d ./Core/Src/main.o
 .debug_macro   0x0001c3c3      0x659 ./Core/Src/main.o
 .debug_macro   0x0001ca1c      0x1d0 ./Core/Src/main.o
 .debug_macro   0x0001cbec       0xd0 ./Core/Src/main.o
 .debug_macro   0x0001ccbc      0x34f ./Core/Src/main.o
 .debug_macro   0x0001d00b      0x178 ./Core/Src/main.o
 .debug_macro   0x0001d183      0x1a6 ./Core/Src/main.o
 .debug_macro   0x0001d329       0xa0 ./Core/Src/main.o
 .debug_macro   0x0001d3c9      0x231 ./Core/Src/main.o
 .debug_macro   0x0001d5fa      0x63e ./Core/Src/main.o
 .debug_macro   0x0001dc38      0x2cc ./Core/Src/main.o
 .debug_macro   0x0001df04      0x169 ./Core/Src/main.o
 .debug_macro   0x0001e06d       0x22 ./Core/Src/main.o
 .debug_macro   0x0001e08f       0x61 ./Core/Src/main.o
 .debug_macro   0x0001e0f0       0x2a ./Core/Src/main.o
 .debug_macro   0x0001e11a       0x43 ./Core/Src/main.o
 .debug_macro   0x0001e15d       0x34 ./Core/Src/main.o
 .debug_macro   0x0001e191       0x16 ./Core/Src/main.o
 .debug_macro   0x0001e1a7       0x9e ./Core/Src/main.o
 .debug_macro   0x0001e245      0x364 ./Core/Src/main.o
 .debug_macro   0x0001e5a9      0x112 ./Core/Src/main.o
 .debug_macro   0x0001e6bb       0x10 ./Core/Src/main.o
 .debug_macro   0x0001e6cb       0x16 ./Core/Src/main.o
 .debug_macro   0x0001e6e1       0x4a ./Core/Src/main.o
 .debug_macro   0x0001e72b       0x34 ./Core/Src/main.o
 .debug_macro   0x0001e75f       0x10 ./Core/Src/main.o
 .debug_macro   0x0001e76f       0x58 ./Core/Src/main.o
 .debug_macro   0x0001e7c7       0x8e ./Core/Src/main.o
 .debug_macro   0x0001e855       0x1c ./Core/Src/main.o
 .debug_macro   0x0001e871      0x17e ./Core/Src/main.o
 .debug_macro   0x0001e9ef       0x16 ./Core/Src/main.o
 .debug_macro   0x0001ea05       0x16 ./Core/Src/main.o
 .debug_macro   0x0001ea1b      0x146 ./Core/Src/main.o
 .debug_macro   0x0001eb61      0x167 ./Core/Src/stm32g4xx_it.o
 .debug_macro   0x0001ecc8      0x112 ./Core/Src/sysmem.o
 .debug_macro   0x0001edda      0x23c ./Core/Src/sysmem.o
 .debug_macro   0x0001f016       0xcd ./Core/Src/system_stm32g4xx.o
 .debug_macro   0x0001f0e3      0x17d ./Drivers/STM32G4xx_HAL_Driver/Src/stm32g4xx_ll_adc.o
 .debug_macro   0x0001f260      0x10f ./Drivers/STM32G4xx_HAL_Driver/Src/stm32g4xx_ll_gpio.o
 .debug_macro   0x0001f36f      0x163 ./Drivers/STM32G4xx_HAL_Driver/Src/stm32g4xx_ll_gpio.o
 .debug_macro   0x0001f4d2      0x10f ./Drivers/STM32G4xx_HAL_Driver/Src/stm32g4xx_ll_i2c.o
 .debug_macro   0x0001f5e1      0x247 ./Drivers/STM32G4xx_HAL_Driver/Src/stm32g4xx_ll_i2c.o
 .debug_macro   0x0001f828      0x1c1 ./Drivers/STM32G4xx_HAL_Driver/Src/stm32g4xx_ll_utils.o
 .debug_macro   0x0001f9e9       0x9a ./Drivers/STM32G4xx_HAL_Driver/Src/stm32g4xx_ll_utils.o

.debug_line     0x00000000     0x49f0
 .debug_line    0x00000000     0x1385 ./Core/Src/main.o
 .debug_line    0x00001385      0x6f9 ./Core/Src/stm32g4xx_it.o
 .debug_line    0x00001a7e      0x58d ./Core/Src/sysmem.o
 .debug_line    0x0000200b      0x561 ./Core/Src/system_stm32g4xx.o
 .debug_line    0x0000256c       0x7b ./Core/Startup/startup_stm32g474retx.o
 .debug_line    0x000025e7      0x971 ./Drivers/STM32G4xx_HAL_Driver/Src/stm32g4xx_ll_adc.o
 .debug_line    0x00002f58      0x8b5 ./Drivers/STM32G4xx_HAL_Driver/Src/stm32g4xx_ll_gpio.o
 .debug_line    0x0000380d      0x72f ./Drivers/STM32G4xx_HAL_Driver/Src/stm32g4xx_ll_i2c.o
 .debug_line    0x00003f3c      0xab4 ./Drivers/STM32G4xx_HAL_Driver/Src/stm32g4xx_ll_utils.o

.debug_str      0x00000000    0xc22f3
 .debug_str     0x00000000    0xc22f3 ./Core/Src/main.o
                              0xbd514 (size before relaxing)
 .debug_str     0x000c22f3    0xb8c47 ./Core/Src/stm32g4xx_it.o
 .debug_str     0x000c22f3     0x77fa ./Core/Src/sysmem.o
 .debug_str     0x000c22f3    0x9e3e6 ./Core/Src/system_stm32g4xx.o
 .debug_str     0x000c22f3       0x89 ./Core/Startup/startup_stm32g474retx.o
 .debug_str     0x000c22f3    0xae905 ./Drivers/STM32G4xx_HAL_Driver/Src/stm32g4xx_ll_adc.o
 .debug_str     0x000c22f3    0x9fe7b ./Drivers/STM32G4xx_HAL_Driver/Src/stm32g4xx_ll_gpio.o
 .debug_str     0x000c22f3    0xa0405 ./Drivers/STM32G4xx_HAL_Driver/Src/stm32g4xx_ll_i2c.o
 .debug_str     0x000c22f3    0xa588d ./Drivers/STM32G4xx_HAL_Driver/Src/stm32g4xx_ll_utils.o

.comment        0x00000000       0x43
 .comment       0x00000000       0x43 ./Core/Src/main.o
                                 0x44 (size before relaxing)
 .comment       0x00000043       0x44 ./Core/Src/stm32g4xx_it.o
 .comment       0x00000043       0x44 ./Core/Src/sysmem.o
 .comment       0x00000043       0x44 ./Core/Src/system_stm32g4xx.o
 .comment       0x00000043       0x44 ./Drivers/STM32G4xx_HAL_Driver/Src/stm32g4xx_ll_adc.o
 .comment       0x00000043       0x44 ./Drivers/STM32G4xx_HAL_Driver/Src/stm32g4xx_ll_gpio.o
 .comment       0x00000043       0x44 ./Drivers/STM32G4xx_HAL_Driver/Src/stm32g4xx_ll_i2c.o
 .comment       0x00000043       0x44 ./Drivers/STM32G4xx_HAL_Driver/Src/stm32g4xx_ll_utils.o

.debug_frame    0x00000000     0x1bac
 .debug_frame   0x00000000      0x96c ./Core/Src/main.o
 .debug_frame   0x0000096c       0xf8 ./Core/Src/stm32g4xx_it.o
 .debug_frame   0x00000a64       0x34 ./Core/Src/sysmem.o
 .debug_frame   0x00000a98       0x50 ./Core/Src/system_stm32g4xx.o
 .debug_frame   0x00000ae8      0x354 ./Drivers/STM32G4xx_HAL_Driver/Src/stm32g4xx_ll_adc.o
 .debug_frame   0x00000e3c      0x19c ./Drivers/STM32G4xx_HAL_Driver/Src/stm32g4xx_ll_gpio.o
 .debug_frame   0x00000fd8      0x250 ./Drivers/STM32G4xx_HAL_Driver/Src/stm32g4xx_ll_i2c.o
 .debug_frame   0x00001228      0x3c4 ./Drivers/STM32G4xx_HAL_Driver/Src/stm32g4xx_ll_utils.o
 .debug_frame   0x000015ec      0x144 C:/ST/STM32CubeIDE_2.1.1/STM32CubeIDE/plugins/com.st.stm32cube.ide.mcu.externaltools.gnu-tools-for-stm32.14.3.rel1.win32_1.0.100.202602081740/tools/bin/../lib/gcc/arm-none-eabi/14.3.1/../../../../arm-none-eabi/lib/thumb/v7e-m+fp/hard\libc_nano.a(libc_a-findfp.o)
 .debug_frame   0x00001730       0x7c C:/ST/STM32CubeIDE_2.1.1/STM32CubeIDE/plugins/com.st.stm32cube.ide.mcu.externaltools.gnu-tools-for-stm32.14.3.rel1.win32_1.0.100.202602081740/tools/bin/../lib/gcc/arm-none-eabi/14.3.1/../../../../arm-none-eabi/lib/thumb/v7e-m+fp/hard\libc_nano.a(libc_a-snprintf.o)
 .debug_frame   0x000017ac       0x38 C:/ST/STM32CubeIDE_2.1.1/STM32CubeIDE/plugins/com.st.stm32cube.ide.mcu.externaltools.gnu-tools-for-stm32.14.3.rel1.win32_1.0.100.202602081740/tools/bin/../lib/gcc/arm-none-eabi/14.3.1/../../../../arm-none-eabi/lib/thumb/v7e-m+fp/hard\libc_nano.a(libc_a-reent.o)
 .debug_frame   0x000017e4       0x20 C:/ST/STM32CubeIDE_2.1.1/STM32CubeIDE/plugins/com.st.stm32cube.ide.mcu.externaltools.gnu-tools-for-stm32.14.3.rel1.win32_1.0.100.202602081740/tools/bin/../lib/gcc/arm-none-eabi/14.3.1/../../../../arm-none-eabi/lib/thumb/v7e-m+fp/hard\libc_nano.a(libc_a-errno.o)
 .debug_frame   0x00001804       0x2c C:/ST/STM32CubeIDE_2.1.1/STM32CubeIDE/plugins/com.st.stm32cube.ide.mcu.externaltools.gnu-tools-for-stm32.14.3.rel1.win32_1.0.100.202602081740/tools/bin/../lib/gcc/arm-none-eabi/14.3.1/../../../../arm-none-eabi/lib/thumb/v7e-m+fp/hard\libc_nano.a(libc_a-init.o)
 .debug_frame   0x00001830       0xb0 C:/ST/STM32CubeIDE_2.1.1/STM32CubeIDE/plugins/com.st.stm32cube.ide.mcu.externaltools.gnu-tools-for-stm32.14.3.rel1.win32_1.0.100.202602081740/tools/bin/../lib/gcc/arm-none-eabi/14.3.1/../../../../arm-none-eabi/lib/thumb/v7e-m+fp/hard\libc_nano.a(libc_a-lock.o)
 .debug_frame   0x000018e0       0x38 C:/ST/STM32CubeIDE_2.1.1/STM32CubeIDE/plugins/com.st.stm32cube.ide.mcu.externaltools.gnu-tools-for-stm32.14.3.rel1.win32_1.0.100.202602081740/tools/bin/../lib/gcc/arm-none-eabi/14.3.1/../../../../arm-none-eabi/lib/thumb/v7e-m+fp/hard\libc_nano.a(libc_a-freer.o)
 .debug_frame   0x00001918       0x50 C:/ST/STM32CubeIDE_2.1.1/STM32CubeIDE/plugins/com.st.stm32cube.ide.mcu.externaltools.gnu-tools-for-stm32.14.3.rel1.win32_1.0.100.202602081740/tools/bin/../lib/gcc/arm-none-eabi/14.3.1/../../../../arm-none-eabi/lib/thumb/v7e-m+fp/hard\libc_nano.a(libc_a-mallocr.o)
 .debug_frame   0x00001968       0x30 C:/ST/STM32CubeIDE_2.1.1/STM32CubeIDE/plugins/com.st.stm32cube.ide.mcu.externaltools.gnu-tools-for-stm32.14.3.rel1.win32_1.0.100.202602081740/tools/bin/../lib/gcc/arm-none-eabi/14.3.1/../../../../arm-none-eabi/lib/thumb/v7e-m+fp/hard\libc_nano.a(libc_a-mlock.o)
 .debug_frame   0x00001998       0x90 C:/ST/STM32CubeIDE_2.1.1/STM32CubeIDE/plugins/com.st.stm32cube.ide.mcu.externaltools.gnu-tools-for-stm32.14.3.rel1.win32_1.0.100.202602081740/tools/bin/../lib/gcc/arm-none-eabi/14.3.1/../../../../arm-none-eabi/lib/thumb/v7e-m+fp/hard\libc_nano.a(libc_a-nano-svfprintf.o)
 .debug_frame   0x00001a28       0x60 C:/ST/STM32CubeIDE_2.1.1/STM32CubeIDE/plugins/com.st.stm32cube.ide.mcu.externaltools.gnu-tools-for-stm32.14.3.rel1.win32_1.0.100.202602081740/tools/bin/../lib/gcc/arm-none-eabi/14.3.1/../../../../arm-none-eabi/lib/thumb/v7e-m+fp/hard\libc_nano.a(libc_a-nano-vfprintf_i.o)
 .debug_frame   0x00001a88       0x28 C:/ST/STM32CubeIDE_2.1.1/STM32CubeIDE/plugins/com.st.stm32cube.ide.mcu.externaltools.gnu-tools-for-stm32.14.3.rel1.win32_1.0.100.202602081740/tools/bin/../lib/gcc/arm-none-eabi/14.3.1/../../../../arm-none-eabi/lib/thumb/v7e-m+fp/hard\libc_nano.a(libc_a-memmove.o)
 .debug_frame   0x00001ab0       0x2c C:/ST/STM32CubeIDE_2.1.1/STM32CubeIDE/plugins/com.st.stm32cube.ide.mcu.externaltools.gnu-tools-for-stm32.14.3.rel1.win32_1.0.100.202602081740/tools/bin/../lib/gcc/arm-none-eabi/14.3.1/../../../../arm-none-eabi/lib/thumb/v7e-m+fp/hard\libc_nano.a(libc_a-sbrkr.o)
 .debug_frame   0x00001adc       0x4c C:/ST/STM32CubeIDE_2.1.1/STM32CubeIDE/plugins/com.st.stm32cube.ide.mcu.externaltools.gnu-tools-for-stm32.14.3.rel1.win32_1.0.100.202602081740/tools/bin/../lib/gcc/arm-none-eabi/14.3.1/../../../../arm-none-eabi/lib/thumb/v7e-m+fp/hard\libc_nano.a(libc_a-memchr.o)
 .debug_frame   0x00001b28       0x28 C:/ST/STM32CubeIDE_2.1.1/STM32CubeIDE/plugins/com.st.stm32cube.ide.mcu.externaltools.gnu-tools-for-stm32.14.3.rel1.win32_1.0.100.202602081740/tools/bin/../lib/gcc/arm-none-eabi/14.3.1/../../../../arm-none-eabi/lib/thumb/v7e-m+fp/hard\libc_nano.a(libc_a-memcpy-stub.o)
 .debug_frame   0x00001b50       0x3c C:/ST/STM32CubeIDE_2.1.1/STM32CubeIDE/plugins/com.st.stm32cube.ide.mcu.externaltools.gnu-tools-for-stm32.14.3.rel1.win32_1.0.100.202602081740/tools/bin/../lib/gcc/arm-none-eabi/14.3.1/../../../../arm-none-eabi/lib/thumb/v7e-m+fp/hard\libc_nano.a(libc_a-reallocr.o)
 .debug_frame   0x00001b8c       0x20 C:/ST/STM32CubeIDE_2.1.1/STM32CubeIDE/plugins/com.st.stm32cube.ide.mcu.externaltools.gnu-tools-for-stm32.14.3.rel1.win32_1.0.100.202602081740/tools/bin/../lib/gcc/arm-none-eabi/14.3.1/../../../../arm-none-eabi/lib/thumb/v7e-m+fp/hard\libc_nano.a(libc_a-msizer.o)

.debug_line_str
                0x00000000       0x6d
 .debug_line_str
                0x00000000       0x6d ./Core/Startup/startup_stm32g474retx.o
