../Drivers/CMSIS/Include/core_cm4.h:1648:22:__NVIC_SetPriorityGrouping	1
../Drivers/STM32G4xx_HAL_Driver/Inc/stm32g4xx_ll_rcc.h:1009:22:LL_RCC_HSI_Enable	1
../Drivers/STM32G4xx_HAL_Driver/Inc/stm32g4xx_ll_rcc.h:1029:26:LL_RCC_HSI_IsReady	2
../Drivers/STM32G4xx_HAL_Driver/Inc/stm32g4xx_ll_rcc.h:1055:22:LL_RCC_HSI_SetCalibTrimming	1
../Drivers/STM32G4xx_HAL_Driver/Inc/stm32g4xx_ll_rcc.h:1346:22:LL_RCC_SetSysClkSource	1
../Drivers/STM32G4xx_HAL_Driver/Inc/stm32g4xx_ll_rcc.h:1359:26:LL_RCC_GetSysClkSource	1
../Drivers/STM32G4xx_HAL_Driver/Inc/stm32g4xx_ll_rcc.h:1379:22:LL_RCC_SetAHBPrescaler	1
../Drivers/STM32G4xx_HAL_Driver/Inc/stm32g4xx_ll_rcc.h:1395:22:LL_RCC_SetAPB1Prescaler	1
../Drivers/STM32G4xx_HAL_Driver/Inc/stm32g4xx_ll_rcc.h:1411:22:LL_RCC_SetAPB2Prescaler	1
../Drivers/STM32G4xx_HAL_Driver/Inc/stm32g4xx_ll_rcc.h:2063:22:LL_RCC_PLL_Enable	1
../Drivers/STM32G4xx_HAL_Driver/Inc/stm32g4xx_ll_rcc.h:2084:26:LL_RCC_PLL_IsReady	2
../Drivers/STM32G4xx_HAL_Driver/Inc/stm32g4xx_ll_rcc.h:2127:22:LL_RCC_PLL_ConfigDomain_SYS	1
../Drivers/STM32G4xx_HAL_Driver/Inc/stm32g4xx_ll_rcc.h:2456:22:LL_RCC_PLL_EnableDomain_SYS	1
../Drivers/STM32G4xx_HAL_Driver/Inc/stm32g4xx_ll_bus.h:451:22:LL_AHB2_GRP1_EnableClock	1
../Drivers/STM32G4xx_HAL_Driver/Inc/stm32g4xx_ll_bus.h:913:22:LL_APB1_GRP1_EnableClock	1
../Drivers/STM32G4xx_HAL_Driver/Inc/stm32g4xx_ll_bus.h:1427:22:LL_APB2_GRP1_EnableClock	1
../Drivers/STM32G4xx_HAL_Driver/Inc/stm32g4xx_ll_system.h:1292:22:LL_FLASH_SetLatency	1
../Drivers/STM32G4xx_HAL_Driver/Inc/stm32g4xx_ll_system.h:1320:26:LL_FLASH_GetLatency	1
../Drivers/STM32G4xx_HAL_Driver/Inc/stm32g4xx_ll_pwr.h:341:22:LL_PWR_EnableRange1BoostMode	1
../Drivers/STM32G4xx_HAL_Driver/Inc/stm32g4xx_ll_pwr.h:496:22:LL_PWR_DisableUCPDDeadBattery	1
../Drivers/STM32G4xx_HAL_Driver/Inc/stm32g4xx_ll_tim.h:2023:22:LL_TIM_EnableCounter	1
../Drivers/STM32G4xx_HAL_Driver/Inc/stm32g4xx_ll_tim.h:2214:22:LL_TIM_DisableARRPreload	1
../Drivers/STM32G4xx_HAL_Driver/Inc/stm32g4xx_ll_tim.h:2604:22:LL_TIM_CC_EnableChannel	1
../Drivers/STM32G4xx_HAL_Driver/Inc/stm32g4xx_ll_tim.h:2993:22:LL_TIM_OC_DisableFast	10
../Drivers/STM32G4xx_HAL_Driver/Inc/stm32g4xx_ll_tim.h:3045:22:LL_TIM_OC_EnablePreload	10
../Drivers/STM32G4xx_HAL_Driver/Inc/stm32g4xx_ll_tim.h:3217:22:LL_TIM_OC_SetCompareCH1	1
../Drivers/STM32G4xx_HAL_Driver/Inc/stm32g4xx_ll_tim.h:4007:22:LL_TIM_SetTriggerOutput	1
../Drivers/STM32G4xx_HAL_Driver/Inc/stm32g4xx_ll_tim.h:4037:22:LL_TIM_SetTriggerOutput2	1
../Drivers/STM32G4xx_HAL_Driver/Inc/stm32g4xx_ll_tim.h:4113:22:LL_TIM_DisableMasterSlaveMode	1
../Drivers/STM32G4xx_HAL_Driver/Inc/stm32g4xx_ll_tim.h:4623:22:LL_TIM_EnableAllOutputs	1
../Drivers/STM32G4xx_HAL_Driver/Inc/stm32g4xx_ll_gpio.h:813:26:LL_GPIO_IsInputPinSet	2
../Core/Src/main.c:67:5:main	9
../Core/Src/main.c:156:6:SystemClock_Config	6
../Core/Src/main.c:203:13:MX_TIM1_Init	1
../Core/Src/main.c:279:13:MX_GPIO_Init	1
../Core/Src/main.c:314:6:Error_Handler	1
