../Drivers/CMSIS/Include/core_cm4.h:1648:22:__NVIC_SetPriorityGrouping	1
../Drivers/CMSIS/Include/core_cm4.h:1667:26:__NVIC_GetPriorityGrouping	1
../Drivers/CMSIS/Include/core_cm4.h:1809:22:__NVIC_SetPriority	2
../Drivers/CMSIS/Include/core_cm4.h:1856:26:NVIC_EncodePriority	2
../Drivers/STM32G4xx_HAL_Driver/Inc/stm32g4xx_ll_i2c.h:644:22:LL_I2C_EnableClockStretching	1
../Drivers/STM32G4xx_HAL_Driver/Inc/stm32g4xx_ll_i2c.h:764:22:LL_I2C_DisableGeneralCall	1
../Drivers/STM32G4xx_HAL_Driver/Inc/stm32g4xx_ll_i2c.h:875:22:LL_I2C_SetOwnAddress2	1
../Drivers/STM32G4xx_HAL_Driver/Inc/stm32g4xx_ll_i2c.h:897:22:LL_I2C_DisableOwnAddress2	1
../Drivers/STM32G4xx_HAL_Driver/Inc/stm32g4xx_ll_i2c.h:1565:26:LL_I2C_IsActiveFlag_TXIS	2
../Drivers/STM32G4xx_HAL_Driver/Inc/stm32g4xx_ll_i2c.h:1617:26:LL_I2C_IsActiveFlag_STOP	2
../Drivers/STM32G4xx_HAL_Driver/Inc/stm32g4xx_ll_i2c.h:1741:26:LL_I2C_IsActiveFlag_BUSY	2
../Drivers/STM32G4xx_HAL_Driver/Inc/stm32g4xx_ll_i2c.h:1774:22:LL_I2C_ClearFlag_STOP	1
../Drivers/STM32G4xx_HAL_Driver/Inc/stm32g4xx_ll_i2c.h:1879:22:LL_I2C_EnableAutoEndMode	1
../Drivers/STM32G4xx_HAL_Driver/Inc/stm32g4xx_ll_i2c.h:2133:22:LL_I2C_HandleTransfer	1
../Drivers/STM32G4xx_HAL_Driver/Inc/stm32g4xx_ll_i2c.h:2237:22:LL_I2C_TransmitData8	1
../Drivers/STM32G4xx_HAL_Driver/Inc/stm32g4xx_ll_rcc.h:1009:22:LL_RCC_HSI_Enable	1
../Drivers/STM32G4xx_HAL_Driver/Inc/stm32g4xx_ll_rcc.h:1029:26:LL_RCC_HSI_IsReady	2
../Drivers/STM32G4xx_HAL_Driver/Inc/stm32g4xx_ll_rcc.h:1055:22:LL_RCC_HSI_SetCalibTrimming	1
../Drivers/STM32G4xx_HAL_Driver/Inc/stm32g4xx_ll_rcc.h:1346:22:LL_RCC_SetSysClkSource	1
../Drivers/STM32G4xx_HAL_Driver/Inc/stm32g4xx_ll_rcc.h:1359:26:LL_RCC_GetSysClkSource	1
../Drivers/STM32G4xx_HAL_Driver/Inc/stm32g4xx_ll_rcc.h:1379:22:LL_RCC_SetAHBPrescaler	1
../Drivers/STM32G4xx_HAL_Driver/Inc/stm32g4xx_ll_rcc.h:1395:22:LL_RCC_SetAPB1Prescaler	1
../Drivers/STM32G4xx_HAL_Driver/Inc/stm32g4xx_ll_rcc.h:1411:22:LL_RCC_SetAPB2Prescaler	1
../Drivers/STM32G4xx_HAL_Driver/Inc/stm32g4xx_ll_rcc.h:1590:22:LL_RCC_SetI2CClockSource	1
../Drivers/STM32G4xx_HAL_Driver/Inc/stm32g4xx_ll_bus.h:451:22:LL_AHB2_GRP1_EnableClock	1
../Drivers/STM32G4xx_HAL_Driver/Inc/stm32g4xx_ll_bus.h:913:22:LL_APB1_GRP1_EnableClock	1
../Drivers/STM32G4xx_HAL_Driver/Inc/stm32g4xx_ll_bus.h:1427:22:LL_APB2_GRP1_EnableClock	1
../Drivers/STM32G4xx_HAL_Driver/Inc/stm32g4xx_ll_system.h:1292:22:LL_FLASH_SetLatency	1
../Drivers/STM32G4xx_HAL_Driver/Inc/stm32g4xx_ll_system.h:1320:26:LL_FLASH_GetLatency	1
../Drivers/STM32G4xx_HAL_Driver/Inc/stm32g4xx_ll_pwr.h:318:22:LL_PWR_SetRegulVoltageScaling	1
../Drivers/STM32G4xx_HAL_Driver/Inc/stm32g4xx_ll_pwr.h:496:22:LL_PWR_DisableUCPDDeadBattery	1
../Core/Src/main.c:96:5:main	1
../Core/Src/main.c:184:6:SystemClock_Config	4
../Core/Src/main.c:219:13:MX_I2C1_Init	1
../Core/Src/main.c:287:13:MX_GPIO_Init	1
../Core/Src/main.c:303:6:PCA9555_Write	5
../Core/Src/main.c:323:6:PCA9555_Init	1
../Core/Src/main.c:332:6:lcd_write_4bits	5
../Core/Src/main.c:344:6:lcd_pulse_enable	1
../Core/Src/main.c:355:6:lcd_send	2
../Core/Src/main.c:373:6:lcd_command	1
../Core/Src/main.c:377:6:lcd_data	1
../Core/Src/main.c:381:6:lcd_clear	1
../Core/Src/main.c:386:6:lcd_init	1
../Core/Src/main.c:424:6:Error_Handler	1
