../Drivers/CMSIS/Include/core_cm4.h:1648:22:__NVIC_SetPriorityGrouping	24	static
../Drivers/STM32G4xx_HAL_Driver/Inc/stm32g4xx_ll_adc.h:4458:22:LL_ADC_SetGainCompensation	16	static
../Drivers/STM32G4xx_HAL_Driver/Inc/stm32g4xx_ll_adc.h:5030:22:LL_ADC_REG_SetSequencerRanks	32	static
../Drivers/STM32G4xx_HAL_Driver/Inc/stm32g4xx_ll_adc.h:6306:22:LL_ADC_SetChannelSamplingTime	32	static
../Drivers/STM32G4xx_HAL_Driver/Inc/stm32g4xx_ll_adc.h:6477:22:LL_ADC_SetChannelSingleDiff	24	static
../Drivers/STM32G4xx_HAL_Driver/Inc/stm32g4xx_ll_adc.h:7179:22:LL_ADC_SetOverSamplingScope	16	static
../Drivers/STM32G4xx_HAL_Driver/Inc/stm32g4xx_ll_adc.h:7608:22:LL_ADC_DisableDeepPowerDown	16	static
../Drivers/STM32G4xx_HAL_Driver/Inc/stm32g4xx_ll_adc.h:7641:22:LL_ADC_EnableInternalRegulator	16	static
../Drivers/STM32G4xx_HAL_Driver/Inc/stm32g4xx_ll_adc.h:7692:22:LL_ADC_Enable	16	static
../Drivers/STM32G4xx_HAL_Driver/Inc/stm32g4xx_ll_adc.h:7770:22:LL_ADC_StartCalibration	16	static
../Drivers/STM32G4xx_HAL_Driver/Inc/stm32g4xx_ll_adc.h:7786:26:LL_ADC_IsCalibrationOnGoing	16	static
../Drivers/STM32G4xx_HAL_Driver/Inc/stm32g4xx_ll_adc.h:7817:22:LL_ADC_REG_StartConversion	16	static
../Drivers/STM32G4xx_HAL_Driver/Inc/stm32g4xx_ll_adc.h:7935:26:LL_ADC_REG_ReadConversionData12	16	static
../Drivers/STM32G4xx_HAL_Driver/Inc/stm32g4xx_ll_adc.h:8251:26:LL_ADC_IsActiveFlag_ADRDY	16	static
../Drivers/STM32G4xx_HAL_Driver/Inc/stm32g4xx_ll_adc.h:8262:26:LL_ADC_IsActiveFlag_EOC	16	static
../Drivers/STM32G4xx_HAL_Driver/Inc/stm32g4xx_ll_i2c.h:644:22:LL_I2C_EnableClockStretching	16	static
../Drivers/STM32G4xx_HAL_Driver/Inc/stm32g4xx_ll_i2c.h:764:22:LL_I2C_DisableGeneralCall	16	static
../Drivers/STM32G4xx_HAL_Driver/Inc/stm32g4xx_ll_i2c.h:875:22:LL_I2C_SetOwnAddress2	24	static
../Drivers/STM32G4xx_HAL_Driver/Inc/stm32g4xx_ll_i2c.h:897:22:LL_I2C_DisableOwnAddress2	16	static
../Drivers/STM32G4xx_HAL_Driver/Inc/stm32g4xx_ll_i2c.h:1565:26:LL_I2C_IsActiveFlag_TXIS	16	static
../Drivers/STM32G4xx_HAL_Driver/Inc/stm32g4xx_ll_i2c.h:1578:26:LL_I2C_IsActiveFlag_RXNE	16	static
../Drivers/STM32G4xx_HAL_Driver/Inc/stm32g4xx_ll_i2c.h:1604:26:LL_I2C_IsActiveFlag_NACK	16	static
../Drivers/STM32G4xx_HAL_Driver/Inc/stm32g4xx_ll_i2c.h:1617:26:LL_I2C_IsActiveFlag_STOP	16	static
../Drivers/STM32G4xx_HAL_Driver/Inc/stm32g4xx_ll_i2c.h:1630:26:LL_I2C_IsActiveFlag_TC	16	static
../Drivers/STM32G4xx_HAL_Driver/Inc/stm32g4xx_ll_i2c.h:1763:22:LL_I2C_ClearFlag_NACK	16	static
../Drivers/STM32G4xx_HAL_Driver/Inc/stm32g4xx_ll_i2c.h:1774:22:LL_I2C_ClearFlag_STOP	16	static
../Drivers/STM32G4xx_HAL_Driver/Inc/stm32g4xx_ll_i2c.h:1879:22:LL_I2C_EnableAutoEndMode	16	static
../Drivers/STM32G4xx_HAL_Driver/Inc/stm32g4xx_ll_i2c.h:2133:22:LL_I2C_HandleTransfer	32	static
../Drivers/STM32G4xx_HAL_Driver/Inc/stm32g4xx_ll_i2c.h:2225:25:LL_I2C_ReceiveData8	16	static
../Drivers/STM32G4xx_HAL_Driver/Inc/stm32g4xx_ll_i2c.h:2237:22:LL_I2C_TransmitData8	16	static
../Drivers/STM32G4xx_HAL_Driver/Inc/stm32g4xx_ll_rcc.h:1009:22:LL_RCC_HSI_Enable	4	static
../Drivers/STM32G4xx_HAL_Driver/Inc/stm32g4xx_ll_rcc.h:1029:26:LL_RCC_HSI_IsReady	4	static
../Drivers/STM32G4xx_HAL_Driver/Inc/stm32g4xx_ll_rcc.h:1055:22:LL_RCC_HSI_SetCalibTrimming	16	static
../Drivers/STM32G4xx_HAL_Driver/Inc/stm32g4xx_ll_rcc.h:1346:22:LL_RCC_SetSysClkSource	16	static
../Drivers/STM32G4xx_HAL_Driver/Inc/stm32g4xx_ll_rcc.h:1359:26:LL_RCC_GetSysClkSource	4	static
../Drivers/STM32G4xx_HAL_Driver/Inc/stm32g4xx_ll_rcc.h:1379:22:LL_RCC_SetAHBPrescaler	16	static
../Drivers/STM32G4xx_HAL_Driver/Inc/stm32g4xx_ll_rcc.h:1395:22:LL_RCC_SetAPB1Prescaler	16	static
../Drivers/STM32G4xx_HAL_Driver/Inc/stm32g4xx_ll_rcc.h:1411:22:LL_RCC_SetAPB2Prescaler	16	static
../Drivers/STM32G4xx_HAL_Driver/Inc/stm32g4xx_ll_rcc.h:1590:22:LL_RCC_SetI2CClockSource	24	static
../Drivers/STM32G4xx_HAL_Driver/Inc/stm32g4xx_ll_rcc.h:1704:22:LL_RCC_SetADCClockSource	16	static
../Drivers/STM32G4xx_HAL_Driver/Inc/stm32g4xx_ll_rcc.h:2063:22:LL_RCC_PLL_Enable	4	static
../Drivers/STM32G4xx_HAL_Driver/Inc/stm32g4xx_ll_rcc.h:2084:26:LL_RCC_PLL_IsReady	4	static
../Drivers/STM32G4xx_HAL_Driver/Inc/stm32g4xx_ll_rcc.h:2127:22:LL_RCC_PLL_ConfigDomain_SYS	24	static
../Drivers/STM32G4xx_HAL_Driver/Inc/stm32g4xx_ll_rcc.h:2456:22:LL_RCC_PLL_EnableDomain_SYS	4	static
../Drivers/STM32G4xx_HAL_Driver/Inc/stm32g4xx_ll_bus.h:451:22:LL_AHB2_GRP1_EnableClock	24	static
../Drivers/STM32G4xx_HAL_Driver/Inc/stm32g4xx_ll_bus.h:913:22:LL_APB1_GRP1_EnableClock	24	static
../Drivers/STM32G4xx_HAL_Driver/Inc/stm32g4xx_ll_bus.h:1427:22:LL_APB2_GRP1_EnableClock	24	static
../Drivers/STM32G4xx_HAL_Driver/Inc/stm32g4xx_ll_system.h:1292:22:LL_FLASH_SetLatency	16	static
../Drivers/STM32G4xx_HAL_Driver/Inc/stm32g4xx_ll_system.h:1320:26:LL_FLASH_GetLatency	4	static
../Drivers/STM32G4xx_HAL_Driver/Inc/stm32g4xx_ll_pwr.h:341:22:LL_PWR_EnableRange1BoostMode	4	static
../Drivers/STM32G4xx_HAL_Driver/Inc/stm32g4xx_ll_pwr.h:496:22:LL_PWR_DisableUCPDDeadBattery	4	static
../Drivers/STM32G4xx_HAL_Driver/Inc/stm32g4xx_ll_gpio.h:825:22:LL_GPIO_WriteOutputPort	16	static
../Drivers/STM32G4xx_HAL_Driver/Inc/stm32g4xx_ll_gpio.h:836:26:LL_GPIO_ReadOutputPort	16	static
../Drivers/STM32G4xx_HAL_Driver/Inc/stm32g4xx_ll_gpio.h:923:22:LL_GPIO_ResetOutputPin	16	static
../Core/Src/main.c:84:5:main	112	static
../Core/Src/main.c:195:6:SystemClock_Config	16	static
../Core/Src/main.c:242:13:MX_ADC1_Init	88	static
../Core/Src/main.c:325:13:MX_I2C1_Init	64	static
../Core/Src/main.c:393:13:MX_GPIO_Init	32	static
../Core/Src/main.c:502:6:PCA9555_Write	32	static
../Core/Src/main.c:542:9:PCA9555_Read	32	static
../Core/Src/main.c:596:6:LCD_PulseEnable	24	static
../Core/Src/main.c:604:6:LCD_Send4Bits	24	static
../Core/Src/main.c:613:6:LCD_SendCommand	16	static
../Core/Src/main.c:620:6:LCD_SendData	16	static
../Core/Src/main.c:627:6:LCD_Init	8	static
../Core/Src/main.c:646:6:LCD_SetCursor	24	static
../Core/Src/main.c:652:6:LCD_Print	16	static
../Core/Src/main.c:665:6:Error_Handler	4	static,ignoring_inline_asm
