../Drivers/CMSIS/Include/core_cm4.h:1648:22:__NVIC_SetPriorityGrouping	1
../Drivers/STM32G4xx_HAL_Driver/Inc/stm32g4xx_ll_adc.h:3666:22:LL_ADC_SetCommonClock	1
../Drivers/STM32G4xx_HAL_Driver/Inc/stm32g4xx_ll_adc.h:4458:22:LL_ADC_SetGainCompensation	2
../Drivers/STM32G4xx_HAL_Driver/Inc/stm32g4xx_ll_adc.h:5030:22:LL_ADC_REG_SetSequencerRanks	1
../Drivers/STM32G4xx_HAL_Driver/Inc/stm32g4xx_ll_adc.h:6306:22:LL_ADC_SetChannelSamplingTime	1
../Drivers/STM32G4xx_HAL_Driver/Inc/stm32g4xx_ll_adc.h:6477:22:LL_ADC_SetChannelSingleDiff	1
../Drivers/STM32G4xx_HAL_Driver/Inc/stm32g4xx_ll_adc.h:7179:22:LL_ADC_SetOverSamplingScope	1
../Drivers/STM32G4xx_HAL_Driver/Inc/stm32g4xx_ll_adc.h:7608:22:LL_ADC_DisableDeepPowerDown	1
../Drivers/STM32G4xx_HAL_Driver/Inc/stm32g4xx_ll_adc.h:7641:22:LL_ADC_EnableInternalRegulator	1
../Drivers/STM32G4xx_HAL_Driver/Inc/stm32g4xx_ll_adc.h:7692:22:LL_ADC_Enable	1
../Drivers/STM32G4xx_HAL_Driver/Inc/stm32g4xx_ll_adc.h:7770:22:LL_ADC_StartCalibration	1
../Drivers/STM32G4xx_HAL_Driver/Inc/stm32g4xx_ll_adc.h:7786:26:LL_ADC_IsCalibrationOnGoing	2
../Drivers/STM32G4xx_HAL_Driver/Inc/stm32g4xx_ll_adc.h:7817:22:LL_ADC_REG_StartConversion	1
../Drivers/STM32G4xx_HAL_Driver/Inc/stm32g4xx_ll_adc.h:7935:26:LL_ADC_REG_ReadConversionData12	1
../Drivers/STM32G4xx_HAL_Driver/Inc/stm32g4xx_ll_adc.h:8251:26:LL_ADC_IsActiveFlag_ADRDY	2
../Drivers/STM32G4xx_HAL_Driver/Inc/stm32g4xx_ll_adc.h:8262:26:LL_ADC_IsActiveFlag_EOC	2
../Drivers/STM32G4xx_HAL_Driver/Inc/stm32g4xx_ll_adc.h:8375:22:LL_ADC_ClearFlag_ADRDY	1
../Drivers/STM32G4xx_HAL_Driver/Inc/stm32g4xx_ll_adc.h:8386:22:LL_ADC_ClearFlag_EOC	1
../Drivers/STM32G4xx_HAL_Driver/Inc/stm32g4xx_ll_lpuart.h:499:22:LL_LPUART_Enable	1
../Drivers/STM32G4xx_HAL_Driver/Inc/stm32g4xx_ll_lpuart.h:551:22:LL_LPUART_DisableFIFO	1
../Drivers/STM32G4xx_HAL_Driver/Inc/stm32g4xx_ll_lpuart.h:580:22:LL_LPUART_SetTXFIFOThreshold	2
../Drivers/STM32G4xx_HAL_Driver/Inc/stm32g4xx_ll_lpuart.h:615:22:LL_LPUART_SetRXFIFOThreshold	2
../Drivers/STM32G4xx_HAL_Driver/Inc/stm32g4xx_ll_lpuart.h:1663:26:LL_LPUART_IsActiveFlag_TC	2
../Drivers/STM32G4xx_HAL_Driver/Inc/stm32g4xx_ll_lpuart.h:1676:26:LL_LPUART_IsActiveFlag_TXE_TXFNF	2
../Drivers/STM32G4xx_HAL_Driver/Inc/stm32g4xx_ll_lpuart.h:1764:26:LL_LPUART_IsActiveFlag_TEACK	2
../Drivers/STM32G4xx_HAL_Driver/Inc/stm32g4xx_ll_lpuart.h:1775:26:LL_LPUART_IsActiveFlag_REACK	2
../Drivers/STM32G4xx_HAL_Driver/Inc/stm32g4xx_ll_lpuart.h:2552:22:LL_LPUART_TransmitData8	1
../Drivers/STM32G4xx_HAL_Driver/Inc/stm32g4xx_ll_rcc.h:1009:22:LL_RCC_HSI_Enable	1
../Drivers/STM32G4xx_HAL_Driver/Inc/stm32g4xx_ll_rcc.h:1029:26:LL_RCC_HSI_IsReady	2
../Drivers/STM32G4xx_HAL_Driver/Inc/stm32g4xx_ll_rcc.h:1055:22:LL_RCC_HSI_SetCalibTrimming	1
../Drivers/STM32G4xx_HAL_Driver/Inc/stm32g4xx_ll_rcc.h:1346:22:LL_RCC_SetSysClkSource	1
../Drivers/STM32G4xx_HAL_Driver/Inc/stm32g4xx_ll_rcc.h:1359:26:LL_RCC_GetSysClkSource	1
../Drivers/STM32G4xx_HAL_Driver/Inc/stm32g4xx_ll_rcc.h:1379:22:LL_RCC_SetAHBPrescaler	1
../Drivers/STM32G4xx_HAL_Driver/Inc/stm32g4xx_ll_rcc.h:1395:22:LL_RCC_SetAPB1Prescaler	1
../Drivers/STM32G4xx_HAL_Driver/Inc/stm32g4xx_ll_rcc.h:1411:22:LL_RCC_SetAPB2Prescaler	1
../Drivers/STM32G4xx_HAL_Driver/Inc/stm32g4xx_ll_rcc.h:1565:22:LL_RCC_SetLPUARTClockSource	1
../Drivers/STM32G4xx_HAL_Driver/Inc/stm32g4xx_ll_rcc.h:1704:22:LL_RCC_SetADCClockSource	1
../Drivers/STM32G4xx_HAL_Driver/Inc/stm32g4xx_ll_rcc.h:2063:22:LL_RCC_PLL_Enable	1
../Drivers/STM32G4xx_HAL_Driver/Inc/stm32g4xx_ll_rcc.h:2084:26:LL_RCC_PLL_IsReady	2
../Drivers/STM32G4xx_HAL_Driver/Inc/stm32g4xx_ll_rcc.h:2127:22:LL_RCC_PLL_ConfigDomain_SYS	1
../Drivers/STM32G4xx_HAL_Driver/Inc/stm32g4xx_ll_rcc.h:2456:22:LL_RCC_PLL_EnableDomain_SYS	1
../Drivers/STM32G4xx_HAL_Driver/Inc/stm32g4xx_ll_bus.h:451:22:LL_AHB2_GRP1_EnableClock	1
../Drivers/STM32G4xx_HAL_Driver/Inc/stm32g4xx_ll_bus.h:913:22:LL_APB1_GRP1_EnableClock	1
../Drivers/STM32G4xx_HAL_Driver/Inc/stm32g4xx_ll_bus.h:935:22:LL_APB1_GRP2_EnableClock	1
../Drivers/STM32G4xx_HAL_Driver/Inc/stm32g4xx_ll_bus.h:1427:22:LL_APB2_GRP1_EnableClock	1
../Drivers/STM32G4xx_HAL_Driver/Inc/stm32g4xx_ll_system.h:1292:22:LL_FLASH_SetLatency	1
../Drivers/STM32G4xx_HAL_Driver/Inc/stm32g4xx_ll_system.h:1320:26:LL_FLASH_GetLatency	1
../Drivers/STM32G4xx_HAL_Driver/Inc/stm32g4xx_ll_pwr.h:341:22:LL_PWR_EnableRange1BoostMode	1
../Drivers/STM32G4xx_HAL_Driver/Inc/stm32g4xx_ll_pwr.h:496:22:LL_PWR_DisableUCPDDeadBattery	1
../Core/Src/main.c:69:5:main	4
../Core/Src/main.c:166:6:SystemClock_Config	6
../Core/Src/main.c:213:13:MX_ADC5_Init	2
../Core/Src/main.c:293:13:MX_LPUART1_UART_Init	3
../Core/Src/main.c:366:13:MX_GPIO_Init	1
../Core/Src/main.c:381:6:LPUART1_SendString	4
../Core/Src/main.c:400:6:Error_Handler	1
