Archive member included to satisfy reference by file (symbol)

C:/ST/STM32CubeIDE_2.1.1/STM32CubeIDE/plugins/com.st.stm32cube.ide.mcu.externaltools.gnu-tools-for-stm32.14.3.rel1.win32_1.0.100.202602081740/tools/bin/../lib/gcc/arm-none-eabi/14.3.1/../../../../arm-none-eabi/lib/thumb/v7e-m+fp/hard\libc_nano.a(libc_a-assert.o)
                              ./Middlewares/Third_Party/OpenAMP/device.o (__assert_func)
C:/ST/STM32CubeIDE_2.1.1/STM32CubeIDE/plugins/com.st.stm32cube.ide.mcu.externaltools.gnu-tools-for-stm32.14.3.rel1.win32_1.0.100.202602081740/tools/bin/../lib/gcc/arm-none-eabi/14.3.1/../../../../arm-none-eabi/lib/thumb/v7e-m+fp/hard\libc_nano.a(libc_a-exit.o)
                              C:/ST/STM32CubeIDE_2.1.1/STM32CubeIDE/plugins/com.st.stm32cube.ide.mcu.externaltools.gnu-tools-for-stm32.14.3.rel1.win32_1.0.100.202602081740/tools/bin/../lib/gcc/arm-none-eabi/14.3.1/../../../../arm-none-eabi/lib/thumb/v7e-m+fp/hard/crt0.o (exit)
C:/ST/STM32CubeIDE_2.1.1/STM32CubeIDE/plugins/com.st.stm32cube.ide.mcu.externaltools.gnu-tools-for-stm32.14.3.rel1.win32_1.0.100.202602081740/tools/bin/../lib/gcc/arm-none-eabi/14.3.1/../../../../arm-none-eabi/lib/thumb/v7e-m+fp/hard\libc_nano.a(libc_a-malloc.o)
                              ./Middlewares/Third_Party/OpenAMP/remoteproc_virtio.o (malloc)
C:/ST/STM32CubeIDE_2.1.1/STM32CubeIDE/plugins/com.st.stm32cube.ide.mcu.externaltools.gnu-tools-for-stm32.14.3.rel1.win32_1.0.100.202602081740/tools/bin/../lib/gcc/arm-none-eabi/14.3.1/../../../../arm-none-eabi/lib/thumb/v7e-m+fp/hard\libc_nano.a(libc_a-mallocr.o)
                              C:/ST/STM32CubeIDE_2.1.1/STM32CubeIDE/plugins/com.st.stm32cube.ide.mcu.externaltools.gnu-tools-for-stm32.14.3.rel1.win32_1.0.100.202602081740/tools/bin/../lib/gcc/arm-none-eabi/14.3.1/../../../../arm-none-eabi/lib/thumb/v7e-m+fp/hard\libc_nano.a(libc_a-malloc.o) (_malloc_r)
C:/ST/STM32CubeIDE_2.1.1/STM32CubeIDE/plugins/com.st.stm32cube.ide.mcu.externaltools.gnu-tools-for-stm32.14.3.rel1.win32_1.0.100.202602081740/tools/bin/../lib/gcc/arm-none-eabi/14.3.1/../../../../arm-none-eabi/lib/thumb/v7e-m+fp/hard\libc_nano.a(libc_a-mlock.o)
                              C:/ST/STM32CubeIDE_2.1.1/STM32CubeIDE/plugins/com.st.stm32cube.ide.mcu.externaltools.gnu-tools-for-stm32.14.3.rel1.win32_1.0.100.202602081740/tools/bin/../lib/gcc/arm-none-eabi/14.3.1/../../../../arm-none-eabi/lib/thumb/v7e-m+fp/hard\libc_nano.a(libc_a-mallocr.o) (__malloc_lock)
C:/ST/STM32CubeIDE_2.1.1/STM32CubeIDE/plugins/com.st.stm32cube.ide.mcu.externaltools.gnu-tools-for-stm32.14.3.rel1.win32_1.0.100.202602081740/tools/bin/../lib/gcc/arm-none-eabi/14.3.1/../../../../arm-none-eabi/lib/thumb/v7e-m+fp/hard\libc_nano.a(libc_a-findfp.o)
                              C:/ST/STM32CubeIDE_2.1.1/STM32CubeIDE/plugins/com.st.stm32cube.ide.mcu.externaltools.gnu-tools-for-stm32.14.3.rel1.win32_1.0.100.202602081740/tools/bin/../lib/gcc/arm-none-eabi/14.3.1/../../../../arm-none-eabi/lib/thumb/v7e-m+fp/hard\libc_nano.a(libc_a-exit.o) (__stdio_exit_handler)
C:/ST/STM32CubeIDE_2.1.1/STM32CubeIDE/plugins/com.st.stm32cube.ide.mcu.externaltools.gnu-tools-for-stm32.14.3.rel1.win32_1.0.100.202602081740/tools/bin/../lib/gcc/arm-none-eabi/14.3.1/../../../../arm-none-eabi/lib/thumb/v7e-m+fp/hard\libc_nano.a(libc_a-fprintf.o)
                              C:/ST/STM32CubeIDE_2.1.1/STM32CubeIDE/plugins/com.st.stm32cube.ide.mcu.externaltools.gnu-tools-for-stm32.14.3.rel1.win32_1.0.100.202602081740/tools/bin/../lib/gcc/arm-none-eabi/14.3.1/../../../../arm-none-eabi/lib/thumb/v7e-m+fp/hard\libc_nano.a(libc_a-assert.o) (fiprintf)
C:/ST/STM32CubeIDE_2.1.1/STM32CubeIDE/plugins/com.st.stm32cube.ide.mcu.externaltools.gnu-tools-for-stm32.14.3.rel1.win32_1.0.100.202602081740/tools/bin/../lib/gcc/arm-none-eabi/14.3.1/../../../../arm-none-eabi/lib/thumb/v7e-m+fp/hard\libc_nano.a(libc_a-fwalk.o)
                              C:/ST/STM32CubeIDE_2.1.1/STM32CubeIDE/plugins/com.st.stm32cube.ide.mcu.externaltools.gnu-tools-for-stm32.14.3.rel1.win32_1.0.100.202602081740/tools/bin/../lib/gcc/arm-none-eabi/14.3.1/../../../../arm-none-eabi/lib/thumb/v7e-m+fp/hard\libc_nano.a(libc_a-findfp.o) (_fwalk_sglue)
C:/ST/STM32CubeIDE_2.1.1/STM32CubeIDE/plugins/com.st.stm32cube.ide.mcu.externaltools.gnu-tools-for-stm32.14.3.rel1.win32_1.0.100.202602081740/tools/bin/../lib/gcc/arm-none-eabi/14.3.1/../../../../arm-none-eabi/lib/thumb/v7e-m+fp/hard\libc_nano.a(libc_a-stdio.o)
                              C:/ST/STM32CubeIDE_2.1.1/STM32CubeIDE/plugins/com.st.stm32cube.ide.mcu.externaltools.gnu-tools-for-stm32.14.3.rel1.win32_1.0.100.202602081740/tools/bin/../lib/gcc/arm-none-eabi/14.3.1/../../../../arm-none-eabi/lib/thumb/v7e-m+fp/hard\libc_nano.a(libc_a-findfp.o) (__sread)
[...]
Memory Configuration

Name             Origin             Length             Attributes
RETRAM_interrupts 0x00000000         0x00000600         xrw
SRAM1_text       0x10000000         0x00020000         xrw
SRAM2_data       0x10020000         0x00020000         xrw
SRAM3_ipc_shm    0x10040000         0x00010000         xrw
SRAM4            0x10050000         0x00010000         xrw
*default*        0x00000000         0xffffffff

Linker script and memory map

LOAD C:/ST/STM32CubeIDE_2.1.1/STM32CubeIDE/plugins/com.st.stm32cube.ide.mcu.externaltools.gnu-tools-for-stm32.14.3.rel1.win32_1.0.100.202602081740/tools/bin/../lib/gcc/arm-none-eabi/14.3.1/thumb/v7e-m+fp/hard/crti.o
LOAD C:/ST/STM32CubeIDE_2.1.1/STM32CubeIDE/plugins/com.st.stm32cube.ide.mcu.externaltools.gnu-tools-for-stm32.14.3.rel1.win32_1.0.100.202602081740/tools/bin/../lib/gcc/arm-none-eabi/14.3.1/thumb/v7e-m+fp/hard/crtbegin.o
LOAD C:/ST/STM32CubeIDE_2.1.1/STM32CubeIDE/plugins/com.st.stm32cube.ide.mcu.externaltools.gnu-tools-for-stm32.14.3.rel1.win32_1.0.100.202602081740/tools/bin/../lib/gcc/arm-none-eabi/14.3.1/../../../../arm-none-eabi/lib/thumb/v7e-m+fp/hard/crt0.o
LOAD ./Common/System/system_stm32mp1xx.o
LOAD ./Core/Src/dma.o
LOAD ./Core/Src/gpio.o
LOAD ./Core/Src/ipcc.o
LOAD ./Core/Src/main.o
LOAD ./Core/Src/stm32mp1xx_hal_msp.o
LOAD ./Core/Src/stm32mp1xx_it.o
LOAD ./Core/Src/syscalls.o
LOAD ./Core/Src/sysmem.o
LOAD ./Core/Startup/startup_stm32mp157facx.o
LOAD ./Drivers/STM32MP1xx_HAL_Driver/stm32mp1xx_hal.o
LOAD ./Drivers/STM32MP1xx_HAL_Driver/stm32mp1xx_hal_cortex.o
LOAD ./Drivers/STM32MP1xx_HAL_Driver/stm32mp1xx_hal_dma.o
LOAD ./Drivers/STM32MP1xx_HAL_Driver/stm32mp1xx_hal_dma_ex.o
LOAD ./Drivers/STM32MP1xx_HAL_Driver/stm32mp1xx_hal_exti.o
LOAD ./Drivers/STM32MP1xx_HAL_Driver/stm32mp1xx_hal_gpio.o
LOAD ./Drivers/STM32MP1xx_HAL_Driver/stm32mp1xx_hal_hsem.o
LOAD ./Drivers/STM32MP1xx_HAL_Driver/stm32mp1xx_hal_ipcc.o
LOAD ./Drivers/STM32MP1xx_HAL_Driver/stm32mp1xx_hal_mdma.o
LOAD ./Drivers/STM32MP1xx_HAL_Driver/stm32mp1xx_hal_pwr.o
LOAD ./Drivers/STM32MP1xx_HAL_Driver/stm32mp1xx_hal_pwr_ex.o
LOAD ./Drivers/STM32MP1xx_HAL_Driver/stm32mp1xx_hal_rcc.o
LOAD ./Drivers/STM32MP1xx_HAL_Driver/stm32mp1xx_hal_rcc_ex.o
LOAD ./Middlewares/Third_Party/OpenAMP/condition.o
LOAD ./Middlewares/Third_Party/OpenAMP/device.o
LOAD ./Middlewares/Third_Party/OpenAMP/generic_device.o
LOAD ./Middlewares/Third_Party/OpenAMP/generic_init.o
LOAD ./Middlewares/Third_Party/OpenAMP/generic_io.o
LOAD ./Middlewares/Third_Party/OpenAMP/generic_shmem.o
LOAD ./Middlewares/Third_Party/OpenAMP/init.o
LOAD ./Middlewares/Third_Party/OpenAMP/io.o
LOAD ./Middlewares/Third_Party/OpenAMP/log.o
LOAD ./Middlewares/Third_Party/OpenAMP/remoteproc_virtio.o
LOAD ./Middlewares/Third_Party/OpenAMP/rpmsg.o
LOAD ./Middlewares/Third_Party/OpenAMP/rpmsg_virtio.o
LOAD ./Middlewares/Third_Party/OpenAMP/shmem.o
LOAD ./Middlewares/Third_Party/OpenAMP/sys.o
LOAD ./Middlewares/Third_Party/OpenAMP/time.o
LOAD ./Middlewares/Third_Party/OpenAMP/virt_uart.o
LOAD ./Middlewares/Third_Party/OpenAMP/virtio.o
LOAD ./Middlewares/Third_Party/OpenAMP/virtqueue.o
LOAD ./OPENAMP/mbox_ipcc.o
LOAD ./OPENAMP/openamp.o
LOAD ./OPENAMP/openamp_log.o
LOAD ./OPENAMP/rsc_table.o
START GROUP
LOAD C:/ST/STM32CubeIDE_2.1.1/STM32CubeIDE/plugins/com.st.stm32cube.ide.mcu.externaltools.gnu-tools-for-stm32.14.3.rel1.win32_1.0.100.202602081740/tools/bin/../lib/gcc/arm-none-eabi/14.3.1/../../../../arm-none-eabi/lib/thumb/v7e-m+fp/hard\libc_nano.a
LOAD C:/ST/STM32CubeIDE_2.1.1/STM32CubeIDE/plugins/com.st.stm32cube.ide.mcu.externaltools.gnu-tools-for-stm32.14.3.rel1.win32_1.0.100.202602081740/tools/bin/../lib/gcc/arm-none-eabi/14.3.1/../../../../arm-none-eabi/lib/thumb/v7e-m+fp/hard\libm.a
END GROUP
START GROUP
LOAD C:/ST/STM32CubeIDE_2.1.1/STM32CubeIDE/plugins/com.st.stm32cube.ide.mcu.externaltools.gnu-tools-for-stm32.14.3.rel1.win32_1.0.100.202602081740/tools/bin/../lib/gcc/arm-none-eabi/14.3.1/thumb/v7e-m+fp/hard\libgcc.a
LOAD C:/ST/STM32CubeIDE_2.1.1/STM32CubeIDE/plugins/com.st.stm32cube.ide.mcu.externaltools.gnu-tools-for-stm32.14.3.rel1.win32_1.0.100.202602081740/tools/bin/../lib/gcc/arm-none-eabi/14.3.1/../../../../arm-none-eabi/lib/thumb/v7e-m+fp/hard\libc_nano.a
END GROUP
START GROUP
LOAD C:/ST/STM32CubeIDE_2.1.1/STM32CubeIDE/plugins/com.st.stm32cube.ide.mcu.externaltools.gnu-tools-for-stm32.14.3.rel1.win32_1.0.100.202602081740/tools/bin/../lib/gcc/arm-none-eabi/14.3.1/thumb/v7e-m+fp/hard\libgcc.a
LOAD C:/ST/STM32CubeIDE_2.1.1/STM32CubeIDE/plugins/com.st.stm32cube.ide.mcu.externaltools.gnu-tools-for-stm32.14.3.rel1.win32_1.0.100.202602081740/tools/bin/../lib/gcc/arm-none-eabi/14.3.1/../../../../arm-none-eabi/lib/thumb/v7e-m+fp/hard\libc_nano.a
LOAD C:/ST/STM32CubeIDE_2.1.1/STM32CubeIDE/plugins/com.st.stm32cube.ide.mcu.externaltools.gnu-tools-for-stm32.14.3.rel1.win32_1.0.100.202602081740/tools/bin/../lib/gcc/arm-none-eabi/14.3.1/../../../../arm-none-eabi/lib/thumb/v7e-m+fp/hard\libnosys.a
END GROUP
START GROUP
LOAD C:/ST/STM32CubeIDE_2.1.1/STM32CubeIDE/plugins/com.st.stm32cube.ide.mcu.externaltools.gnu-tools-for-stm32.14.3.rel1.win32_1.0.100.202602081740/tools/bin/../lib/gcc/arm-none-eabi/14.3.1/thumb/v7e-m+fp/hard\libgcc.a
LOAD C:/ST/STM32CubeIDE_2.1.1/STM32CubeIDE/plugins/com.st.stm32cube.ide.mcu.externaltools.gnu-tools-for-stm32.14.3.rel1.win32_1.0.100.202602081740/tools/bin/../lib/gcc/arm-none-eabi/14.3.1/../../../../arm-none-eabi/lib/thumb/v7e-m+fp/hard\libc_nano.a
LOAD C:/ST/STM32CubeIDE_2.1.1/STM32CubeIDE/plugins/com.st.stm32cube.ide.mcu.externaltools.gnu-tools-for-stm32.14.3.rel1.win32_1.0.100.202602081740/tools/bin/../lib/gcc/arm-none-eabi/14.3.1/../../../../arm-none-eabi/lib/thumb/v7e-m+fp/hard\libnosys.a
END GROUP
LOAD C:/ST/STM32CubeIDE_2.1.1/STM32CubeIDE/plugins/com.st.stm32cube.ide.mcu.externaltools.gnu-tools-for-stm32.14.3.rel1.win32_1.0.100.202602081740/tools/bin/../lib/gcc/arm-none-eabi/14.3.1/thumb/v7e-m+fp/hard/crtend.o
LOAD C:/ST/STM32CubeIDE_2.1.1/STM32CubeIDE/plugins/com.st.stm32cube.ide.mcu.externaltools.gnu-tools-for-stm32.14.3.rel1.win32_1.0.100.202602081740/tools/bin/../lib/gcc/arm-none-eabi/14.3.1/thumb/v7e-m+fp/hard/crtn.o
                0x10040000                        _estack = (ORIGIN (SRAM2_data) + LENGTH (SRAM2_data))
                0x00000200                        _Min_Heap_Size = 0x200
                0x00000400                        _Min_Stack_Size = 0x400
                0x10040000                        __OPENAMP_region_start__ = ORIGIN (SRAM3_ipc_shm)
                0x10050000                        __OPENAMP_region_end__ = (ORIGIN (SRAM3_ipc_shm) + LENGTH (SRAM3_ipc_shm))

.isr_vector     0x00000000      0x298
                0x00000000                        . = ALIGN (0x4)
 *(.isr_vector)
 .isr_vector    0x00000000      0x298 ./Core/Startup/startup_stm32mp157facx.o
                0x00000000                g_pfnVectors
                0x00000298                        . = ALIGN (0x4)

.text           0x10000000     0x8198
                0x10000000                        . = ALIGN (0x4)
 *(.text)
 .text          0x10000000       0x40 C:/ST/STM32CubeIDE_2.1.1/STM32CubeIDE/plugins/com.st.stm32cube.ide.mcu.externaltools.gnu-tools-for-stm32.14.3.rel1.win32_1.0.100.202602081740/tools/bin/../lib/gcc/arm-none-eabi/14.3.1/thumb/v7e-m+fp/hard/crtbegin.o
 .text          0x10000040       0x14 C:/ST/STM32CubeIDE_2.1.1/STM32CubeIDE/plugins/com.st.stm32cube.ide.mcu.externaltools.gnu-tools-for-stm32.14.3.rel1.win32_1.0.100.202602081740/tools/bin/../lib/gcc/arm-none-eabi/14.3.1/../../../../arm-none-eabi/lib/thumb/v7e-m+fp/hard\libc_nano.a(libc_a-strcmp.o)
                0x10000040                strcmp
 *fill*         0x10000054        0xc 
 .text          0x10000060       0xa0 C:/ST/STM32CubeIDE_2.1.1/STM32CubeIDE/plugins/com.st.stm32cube.ide.mcu.externaltools.gnu-tools-for-stm32.14.3.rel1.win32_1.0.100.202602081740/tools/bin/../lib/gcc/arm-none-eabi/14.3.1/../../../../arm-none-eabi/lib/thumb/v7e-m+fp/hard\libc_nano.a(libc_a-memchr.o)
                0x10000060                memchr
 *(.text*)
 .text.SystemInit
                0x10000100       0x4c ./Common/System/system_stm32mp1xx.o
                0x10000100                SystemInit
 .text.MX_DMA_Init
                0x1000014c       0x22 ./Core/Src/dma.o
                0x1000014c                MX_DMA_Init
 *fill*         0x1000016e        0x2 
 .text.MX_GPIO_Init
                0x10000170       0xac ./Core/Src/gpio.o
                0x10000170                MX_GPIO_Init
 .text.MX_IPCC_Init
                0x1000021c       0x28 ./Core/Src/ipcc.o
                0x1000021c                MX_IPCC_Init
 .text.HAL_IPCC_MspInit
                0x10000244       0x4c ./Core/Src/ipcc.o
                0x10000244                HAL_IPCC_MspInit
 .text.Gpio     0x10000290       0x40 ./Core/Src/main.o
 .text.Blink    0x100002d0       0x74 ./Core/Src/main.o
 .text.HAL_GPIO_EXTI_Falling_Callback
                0x10000344       0x34 ./Core/Src/main.o
                0x10000344                HAL_GPIO_EXTI_Falling_Callback
 .text.main     0x10000378       0xb4 ./Core/Src/main.o
                0x10000378                main
 .text.SystemClock_Config
                0x1000042c      0x2ec ./Core/Src/main.o
                0x1000042c                SystemClock_Config
 .text.PeriphCommonClock_Config
                0x10000718       0x5a ./Core/Src/main.o
                0x10000718                PeriphCommonClock_Config
 .text.Error_Handler
                0x10000772        0xc ./Core/Src/main.o
                0x10000772                Error_Handler
 .text.HAL_MspInit
                0x1000077e       0x6c ./Core/Src/stm32mp1xx_hal_msp.o
                0x1000077e                HAL_MspInit
 .text.NMI_Handler
                0x100007ea        0x8 ./Core/Src/stm32mp1xx_it.o
                0x100007ea                NMI_Handler
 .text.HardFault_Handler
                0x100007f2        0x8 ./Core/Src/stm32mp1xx_it.o
                0x100007f2                HardFault_Handler
 .text.MemManage_Handler
                0x100007fa        0x8 ./Core/Src/stm32mp1xx_it.o
                0x100007fa                MemManage_Handler
 .text.BusFault_Handler
                0x10000802        0x8 ./Core/Src/stm32mp1xx_it.o
                0x10000802                BusFault_Handler
 .text.UsageFault_Handler
                0x1000080a        0x8 ./Core/Src/stm32mp1xx_it.o
                0x1000080a                UsageFault_Handler
 .text.SVC_Handler
                0x10000812        0xe ./Core/Src/stm32mp1xx_it.o
                0x10000812                SVC_Handler
 .text.DebugMon_Handler
                0x10000820        0xe ./Core/Src/stm32mp1xx_it.o
                0x10000820                DebugMon_Handler
 .text.PendSV_Handler
                0x1000082e        0xe ./Core/Src/stm32mp1xx_it.o
                0x1000082e                PendSV_Handler
 .text.SysTick_Handler
                0x1000083c        0xc ./Core/Src/stm32mp1xx_it.o
                0x1000083c                SysTick_Handler
 .text.EXTI13_IRQHandler
                0x10000848       0x10 ./Core/Src/stm32mp1xx_it.o
                0x10000848                EXTI13_IRQHandler
 .text.IPCC_RX1_IRQHandler
                0x10000858       0x14 ./Core/Src/stm32mp1xx_it.o
                0x10000858                IPCC_RX1_IRQHandler
 .text.IPCC_TX1_IRQHandler
                0x1000086c       0x14 ./Core/Src/stm32mp1xx_it.o
                0x1000086c                IPCC_TX1_IRQHandler
 .text.RCC_WAKEUP_IRQHandler
                0x10000880        0xc ./Core/Src/stm32mp1xx_it.o
                0x10000880                RCC_WAKEUP_IRQHandler
 .text._getpid  0x1000088c       0x10 ./Core/Src/syscalls.o
                0x1000088c                _getpid
 .text._kill    0x1000089c       0x20 ./Core/Src/syscalls.o
                0x1000089c                _kill
 .text._exit    0x100008bc       0x16 ./Core/Src/syscalls.o
                0x100008bc                _exit
 .text._read    0x100008d2       0x3a ./Core/Src/syscalls.o
                0x100008d2                _read
 .text._write   0x1000090c       0x38 ./Core/Src/syscalls.o
                0x1000090c                _write
 .text._close   0x10000944       0x18 ./Core/Src/syscalls.o
                0x10000944                _close
 .text._fstat   0x1000095c       0x20 ./Core/Src/syscalls.o
                0x1000095c                _fstat
 .text._isatty  0x1000097c       0x16 ./Core/Src/syscalls.o
                0x1000097c                _isatty
 .text._lseek   0x10000992       0x1a ./Core/Src/syscalls.o
                0x10000992                _lseek
 .text._sbrk    0x100009ac       0x6c ./Core/Src/sysmem.o
                0x100009ac                _sbrk
 .text.Default_Handler
                0x10000a18        0x2 ./Core/Startup/startup_stm32mp157facx.o
                0x10000a18                EXTI2_IRQHandler
                0x10000a18                TIM8_TRG_COM_IRQHandler
                0x10000a18                TIM8_CC_IRQHandler
                0x10000a18                EXTI5_IRQHandler
                0x10000a18                UART8_IRQHandler
                0x10000a18                SPI4_IRQHandler
                0x10000a18                TIM1_CC_IRQHandler
                0x10000a18                DMA2_Stream5_IRQHandler
                0x10000a18                ETH1_WKUP_IRQHandler
                0x10000a18                TAMP_IRQHandler
                0x10000a18                DMA1_Stream5_IRQHandler
                0x10000a18                TIM6_IRQHandler
                0x10000a18                EXTI12_IRQHandler
                0x10000a18                EXTI3_IRQHandler
                0x10000a18                LPTIM4_IRQHandler
                0x10000a18                EXTI8_IRQHandler
                0x10000a18                LPTIM2_IRQHandler
                0x10000a18                DFSDM1_FLT1_IRQHandler
                0x10000a18                I2C3_ER_IRQHandler
                0x10000a18                DFSDM1_FLT2_IRQHandler
                0x10000a18                I2C5_EV_IRQHandler
                0x10000a18                MDMA_IRQHandler
                0x10000a18                LPTIM3_IRQHandler
                0x10000a18                EXTI0_IRQHandler
                0x10000a18                I2C2_EV_IRQHandler
                0x10000a18                DMA1_Stream2_IRQHandler
                0x10000a18                FPU_IRQHandler
                0x10000a18                USBH_OHCI_IRQHandler
                0x10000a18                FDCAN1_IT1_IRQHandler
                0x10000a18                LTDC_ER_IRQHandler
                0x10000a18                DMA2_Stream2_IRQHandler
                0x10000a18                IPCC_RX0_IRQHandler
                0x10000a18                OTG_IRQHandler
                0x10000a18                SPI1_IRQHandler
                0x10000a18                DCMI_IRQHandler
                0x10000a18                TIM8_UP_IRQHandler
                0x10000a18                DMA2_Stream3_IRQHandler
                0x10000a18                USBH_EHCI_IRQHandler
                0x10000a18                nCTIIRQ2_IRQHandler
                0x10000a18                HASH1_IRQHandler
                0x10000a18                GPU_IRQHandler
                0x10000a18                SAI2_IRQHandler
                0x10000a18                ADC1_IRQHandler
                0x10000a18                RESERVED148_IRQHandler
                0x10000a18                RTC_TIMESTAMP_IRQHandler
                0x10000a18                DFSDM1_FLT3_IRQHandler
                0x10000a18                USART6_IRQHandler
                0x10000a18                EXTI15_IRQHandler
                0x10000a18                TIM17_IRQHandler
                0x10000a18                USART3_IRQHandler
                0x10000a18                EXTI9_IRQHandler
                0x10000a18                LPTIM5_IRQHandler
                0x10000a18                UART5_IRQHandler
                0x10000a18                DMA2_Stream0_IRQHandler
                0x10000a18                TIM4_IRQHandler
                0x10000a18                CRYP2_IRQHandler
                0x10000a18                QUADSPI_IRQHandler
                0x10000a18                I2C1_EV_IRQHandler
                0x10000a18                DMA1_Stream6_IRQHandler
                0x10000a18                RESERVED99_IRQHandler
                0x10000a18                DMAMUX1_OVR_IRQHandler
                0x10000a18                DMA1_Stream1_IRQHandler
                0x10000a18                TIM16_IRQHandler
                0x10000a18                UART4_IRQHandler
                0x10000a18                TIM3_IRQHandler
                0x10000a18                RCC_IRQHandler
                0x10000a18                TIM1_TRG_COM_IRQHandler
                0x10000a18                nCTIIRQ1_IRQHandler
                0x10000a18                Default_Handler
                0x10000a18                CEC_IRQHandler
                0x10000a18                DFSDM1_FLT4_IRQHandler
                0x10000a18                TIM14_IRQHandler
                0x10000a18                I2C5_ER_IRQHandler
                0x10000a18                TIM13_IRQHandler
                0x10000a18                DMA1_Stream7_IRQHandler
                0x10000a18                IPCC_TX0_IRQHandler
                0x10000a18                SPI5_IRQHandler
                0x10000a18                TIM12_IRQHandler
                0x10000a18                TIM7_IRQHandler
                0x10000a18                SDMMC1_IRQHandler
                0x10000a18                TIM5_IRQHandler
                0x10000a18                DMA2_Stream7_IRQHandler
                0x10000a18                TIM15_IRQHandler
                0x10000a18                PVD_AVD_IRQHandler
                0x10000a18                I2C3_EV_IRQHandler
                0x10000a18                SDMMC3_IRQHandler
                0x10000a18                ETH1_IRQHandler
                0x10000a18                LTDC_IRQHandler
                0x10000a18                SAI3_IRQHandler
                0x10000a18                SPDIF_RX_IRQHandler
                0x10000a18                ADC2_IRQHandler
                0x10000a18                SPI2_IRQHandler
                0x10000a18                DFSDM1_FLT5_IRQHandler
                0x10000a18                DMA1_Stream0_IRQHandler
                0x10000a18                EXTI14_IRQHandler
                0x10000a18                EXTI11_IRQHandler
                0x10000a18                CRYP1_IRQHandler
                0x10000a18                RNG2_IRQHandler
                0x10000a18                RNG1_IRQHandler
                0x10000a18                HASH2_IRQHandler
                0x10000a18                EXTI4_IRQHandler
                0x10000a18                ETH1_LPI_IRQHandler
                0x10000a18                FDCAN2_IT1_IRQHandler
                0x10000a18                DSI_IRQHandler
                0x10000a18                TIM1_UP_IRQHandler
                0x10000a18                HSEM_IT2_IRQHandler
                0x10000a18                SPI6_IRQHandler
                0x10000a18                MDIOS_IRQHandler
                0x10000a18                I2C4_EV_IRQHandler
                0x10000a18                FDCAN2_IT0_IRQHandler
                0x10000a18                I2C6_ER_IRQHandler
                0x10000a18                FDCAN1_IT0_IRQHandler
                0x10000a18                TIM2_IRQHandler
                0x10000a18                EXTI7_IRQHandler
                0x10000a18                TIM1_BRK_IRQHandler
                0x10000a18                DAC_IRQHandler
                0x10000a18                EXTI1_IRQHandler
                0x10000a18                SDMMC2_IRQHandler
                0x10000a18                DTS_IRQHandler
                0x10000a18                UART7_IRQHandler
                0x10000a18                USART2_IRQHandler
                0x10000a18                I2C6_EV_IRQHandler
                0x10000a18                DFSDM1_FLT0_IRQHandler
                0x10000a18                SAI4_IRQHandler
                0x10000a18                I2C2_ER_IRQHandler
                0x10000a18                DMA2_Stream1_IRQHandler
                0x10000a18                TIM8_BRK_IRQHandler
                0x10000a18                WWDG1_IRQHandler
                0x10000a18                DMA2_Stream4_IRQHandler
                0x10000a18                USART1_IRQHandler
                0x10000a18                RESERVED143_IRQHandler
                0x10000a18                EXTI10_IRQHandler
                0x10000a18                SPI3_IRQHandler
                0x10000a18                WAKEUP_PIN_IRQHandler
                0x10000a18                DMA1_Stream4_IRQHandler
                0x10000a18                I2C1_ER_IRQHandler
                0x10000a18                FMC_IRQHandler
                0x10000a18                FDCAN_CAL_IRQHandler
                0x10000a18                EXTI6_IRQHandler
                0x10000a18                MPU_SEV_IRQHandler
                0x10000a18                LPTIM1_IRQHandler
                0x10000a18                RTC_WKUP_ALARM_IRQHandler
                0x10000a18                I2C4_ER_IRQHandler
                0x10000a18                DMA2_Stream6_IRQHandler
                0x10000a18                SAI1_IRQHandler
                0x10000a18                DMA1_Stream3_IRQHandler
                0x10000a18                RESERVED4_IRQHandler
 *fill*         0x10000a1a        0x2 
 .text.HAL_Init
                0x10000a1c       0x34 ./Drivers/STM32MP1xx_HAL_Driver/stm32mp1xx_hal.o
                0x10000a1c                HAL_Init
 .text.HAL_InitTick
                0x10000a50       0x6c ./Drivers/STM32MP1xx_HAL_Driver/stm32mp1xx_hal.o
                0x10000a50                HAL_InitTick
 .text.HAL_IncTick
                0x10000abc       0x28 ./Drivers/STM32MP1xx_HAL_Driver/stm32mp1xx_hal.o
                0x10000abc                HAL_IncTick
 .text.HAL_GetTick
                0x10000ae4       0x18 ./Drivers/STM32MP1xx_HAL_Driver/stm32mp1xx_hal.o
                0x10000ae4                HAL_GetTick
 .text.HAL_Delay
                0x10000afc       0x48 ./Drivers/STM32MP1xx_HAL_Driver/stm32mp1xx_hal.o
                0x10000afc                HAL_Delay
 .text.__NVIC_SetPriorityGrouping
                0x10000b44       0x48 ./Drivers/STM32MP1xx_HAL_Driver/stm32mp1xx_hal_cortex.o
 .text.__NVIC_GetPriorityGrouping
                0x10000b8c       0x1c ./Drivers/STM32MP1xx_HAL_Driver/stm32mp1xx_hal_cortex.o
 .text.__NVIC_EnableIRQ
                0x10000ba8       0x3c ./Drivers/STM32MP1xx_HAL_Driver/stm32mp1xx_hal_cortex.o
 .text.__NVIC_SetPriority
                0x10000be4       0x54 ./Drivers/STM32MP1xx_HAL_Driver/stm32mp1xx_hal_cortex.o
 .text.NVIC_EncodePriority
                0x10000c38       0x66 ./Drivers/STM32MP1xx_HAL_Driver/stm32mp1xx_hal_cortex.o
 *fill*         0x10000c9e        0x2 
 .text.SysTick_Config
                0x10000ca0       0x44 ./Drivers/STM32MP1xx_HAL_Driver/stm32mp1xx_hal_cortex.o
 .text.HAL_NVIC_SetPriorityGrouping
                0x10000ce4       0x16 ./Drivers/STM32MP1xx_HAL_Driver/stm32mp1xx_hal_cortex.o
                0x10000ce4                HAL_NVIC_SetPriorityGrouping
 .text.HAL_NVIC_SetPriority
                0x10000cfa       0x38 ./Drivers/STM32MP1xx_HAL_Driver/stm32mp1xx_hal_cortex.o
                0x10000cfa                HAL_NVIC_SetPriority
 .text.HAL_NVIC_EnableIRQ
                0x10000d32       0x1c ./Drivers/STM32MP1xx_HAL_Driver/stm32mp1xx_hal_cortex.o
                0x10000d32                HAL_NVIC_EnableIRQ
 .text.HAL_SYSTICK_Config
                0x10000d4e       0x18 ./Drivers/STM32MP1xx_HAL_Driver/stm32mp1xx_hal_cortex.o
                0x10000d4e                HAL_SYSTICK_Config
 *fill*         0x10000d66        0x2 
 .text.HAL_GPIO_Init
                0x10000d68      0x354 ./Drivers/STM32MP1xx_HAL_Driver/stm32mp1xx_hal_gpio.o
                0x10000d68                HAL_GPIO_Init
 .text.HAL_GPIO_ReadPin
                0x100010bc       0x30 ./Drivers/STM32MP1xx_HAL_Driver/stm32mp1xx_hal_gpio.o
                0x100010bc                HAL_GPIO_ReadPin
 .text.HAL_GPIO_WritePin
                0x100010ec       0x32 ./Drivers/STM32MP1xx_HAL_Driver/stm32mp1xx_hal_gpio.o
                0x100010ec                HAL_GPIO_WritePin
 .text.HAL_GPIO_TogglePin
                0x1000111e       0x32 ./Drivers/STM32MP1xx_HAL_Driver/stm32mp1xx_hal_gpio.o
                0x1000111e                HAL_GPIO_TogglePin
 .text.HAL_GPIO_EXTI_IRQHandler
                0x10001150       0x4c ./Drivers/STM32MP1xx_HAL_Driver/stm32mp1xx_hal_gpio.o
                0x10001150                HAL_GPIO_EXTI_IRQHandler
 .text.HAL_GPIO_EXTI_Rising_Callback
                0x1000119c       0x16 ./Drivers/STM32MP1xx_HAL_Driver/stm32mp1xx_hal_gpio.o
                0x1000119c                HAL_GPIO_EXTI_Rising_Callback
 *fill*         0x100011b2        0x2 
 .text.HAL_IPCC_Init
                0x100011b4       0x64 ./Drivers/STM32MP1xx_HAL_Driver/stm32mp1xx_hal_ipcc.o
                0x100011b4                HAL_IPCC_Init
 .text.HAL_IPCC_ActivateNotification
                0x10001218       0x9c ./Drivers/STM32MP1xx_HAL_Driver/stm32mp1xx_hal_ipcc.o
                0x10001218                HAL_IPCC_ActivateNotification
 .text.HAL_IPCC_GetChannelStatus
                0x100012b4       0x68 ./Drivers/STM32MP1xx_HAL_Driver/stm32mp1xx_hal_ipcc.o
                0x100012b4                HAL_IPCC_GetChannelStatus
 .text.HAL_IPCC_NotifyCPU
                0x1000131c       0x8c ./Drivers/STM32MP1xx_HAL_Driver/stm32mp1xx_hal_ipcc.o
                0x1000131c                HAL_IPCC_NotifyCPU
 .text.HAL_IPCC_TX_IRQHandler
                0x100013a8       0x9c ./Drivers/STM32MP1xx_HAL_Driver/stm32mp1xx_hal_ipcc.o
                0x100013a8                HAL_IPCC_TX_IRQHandler
 .text.HAL_IPCC_RX_IRQHandler
                0x10001444       0x98 ./Drivers/STM32MP1xx_HAL_Driver/stm32mp1xx_hal_ipcc.o
                0x10001444                HAL_IPCC_RX_IRQHandler
 .text.HAL_IPCC_RxCallback
                0x100014dc       0x1a ./Drivers/STM32MP1xx_HAL_Driver/stm32mp1xx_hal_ipcc.o
                0x100014dc                HAL_IPCC_RxCallback
 .text.HAL_IPCC_TxCallback
                0x100014f6       0x1a ./Drivers/STM32MP1xx_HAL_Driver/stm32mp1xx_hal_ipcc.o
                0x100014f6                HAL_IPCC_TxCallback
 .text.IPCC_UnmaskInterrupt
                0x10001510       0x5c ./Drivers/STM32MP1xx_HAL_Driver/stm32mp1xx_hal_ipcc.o
                0x10001510                IPCC_UnmaskInterrupt
 .text.IPCC_SetDefaultCallbacks
                0x1000156c       0x4c ./Drivers/STM32MP1xx_HAL_Driver/stm32mp1xx_hal_ipcc.o
                0x1000156c                IPCC_SetDefaultCallbacks
 .text.IPCC_Reset_Register
                0x100015b8       0x28 ./Drivers/STM32MP1xx_HAL_Driver/stm32mp1xx_hal_ipcc.o
                0x100015b8                IPCC_Reset_Register
 .text.HAL_PWR_EnableBkUpAccess
                0x100015e0       0x20 ./Drivers/STM32MP1xx_HAL_Driver/stm32mp1xx_hal_pwr.o
                0x100015e0                HAL_PWR_EnableBkUpAccess
 .text.HAL_RCC_OscConfig
                0x10001600      0x664 ./Drivers/STM32MP1xx_HAL_Driver/stm32mp1xx_hal_rcc.o
                0x10001600                HAL_RCC_OscConfig
 .text.HAL_RCC_HSEConfig
                0x10001c64       0xd6 ./Drivers/STM32MP1xx_HAL_Driver/stm32mp1xx_hal_rcc.o
                0x10001c64                HAL_RCC_HSEConfig
 .text.HAL_RCC_LSEConfig
                0x10001d3a       0xfa ./Drivers/STM32MP1xx_HAL_Driver/stm32mp1xx_hal_rcc.o
                0x10001d3a                HAL_RCC_LSEConfig
 .text.RCC_PLL1_Config
                0x10001e34      0x308 ./Drivers/STM32MP1xx_HAL_Driver/stm32mp1xx_hal_rcc.o
                0x10001e34                RCC_PLL1_Config
 .text.HAL_RCC_ClockConfig
                0x1000213c      0x224 ./Drivers/STM32MP1xx_HAL_Driver/stm32mp1xx_hal_rcc.o
                0x1000213c                HAL_RCC_ClockConfig
 .text.RCC_MPUConfig
                0x10002360       0xec ./Drivers/STM32MP1xx_HAL_Driver/stm32mp1xx_hal_rcc.o
                0x10002360                RCC_MPUConfig
 .text.RCC_AXISSConfig
                0x1000244c      0x12e ./Drivers/STM32MP1xx_HAL_Driver/stm32mp1xx_hal_rcc.o
                0x1000244c                RCC_AXISSConfig
 *fill*         0x1000257a        0x2 
 .text.RCC_MCUConfig
                0x1000257c      0x150 ./Drivers/STM32MP1xx_HAL_Driver/stm32mp1xx_hal_rcc.o
                0x1000257c                RCC_MCUConfig
 .text.HAL_RCC_GetPLL3ClockFreq
                0x100026cc      0x1f4 ./Drivers/STM32MP1xx_HAL_Driver/stm32mp1xx_hal_rcc.o
                0x100026cc                HAL_RCC_GetPLL3ClockFreq
 .text.HAL_RCC_GetMCUFreq
                0x100028c0       0x36 ./Drivers/STM32MP1xx_HAL_Driver/stm32mp1xx_hal_rcc.o
                0x100028c0                HAL_RCC_GetMCUFreq
 .text.HAL_RCC_GetSystemCoreClockFreq
                0x100028f6        0xe ./Drivers/STM32MP1xx_HAL_Driver/stm32mp1xx_hal_rcc.o
                0x100028f6                HAL_RCC_GetSystemCoreClockFreq
 .text.HAL_RCC_GetMCUSSFreq
                0x10002904       0x74 ./Drivers/STM32MP1xx_HAL_Driver/stm32mp1xx_hal_rcc.o
                0x10002904                HAL_RCC_GetMCUSSFreq
 .text.HAL_RCC_WAKEUP_IRQHandler
                0x10002978       0x2a ./Drivers/STM32MP1xx_HAL_Driver/stm32mp1xx_hal_rcc.o
                0x10002978                HAL_RCC_WAKEUP_IRQHandler
 .text.HAL_RCC_WAKEUP_Callback
                0x100029a2        0xe ./Drivers/STM32MP1xx_HAL_Driver/stm32mp1xx_hal_rcc.o
                0x100029a2                HAL_RCC_WAKEUP_Callback
 .text.RCCEx_PLL2_Config
                0x100029b0      0x304 ./Drivers/STM32MP1xx_HAL_Driver/stm32mp1xx_hal_rcc_ex.o
                0x100029b0                RCCEx_PLL2_Config
 .text.RCCEx_PLL3_Config
                0x10002cb4      0x2d4 ./Drivers/STM32MP1xx_HAL_Driver/stm32mp1xx_hal_rcc_ex.o
                0x10002cb4                RCCEx_PLL3_Config
 .text.RCCEx_PLL4_Config
                0x10002f88      0x2b0 ./Drivers/STM32MP1xx_HAL_Driver/stm32mp1xx_hal_rcc_ex.o
                0x10002f88                RCCEx_PLL4_Config
 .text.HAL_RCCEx_PeriphCLKConfig
                0x10003238     0x1d28 ./Drivers/STM32MP1xx_HAL_Driver/stm32mp1xx_hal_rcc_ex.o
                0x10003238                HAL_RCCEx_PeriphCLKConfig
 .text.metal_list_init
                0x10004f60       0x20 ./Middlewares/Third_Party/OpenAMP/device.o
 .text.metal_list_add_before
                0x10004f80       0x34 ./Middlewares/Third_Party/OpenAMP/device.o
 .text.metal_list_add_tail
                0x10004fb4       0x1a ./Middlewares/Third_Party/OpenAMP/device.o
 .text.__metal_cache_flush
                0x10004fce       0x1a ./Middlewares/Third_Party/OpenAMP/device.o
 .text.__metal_cache_invalidate
                0x10004fe8       0x1a ./Middlewares/Third_Party/OpenAMP/device.o
 .text.metal_cache_flush
                0x10005002       0x1a ./Middlewares/Third_Party/OpenAMP/device.o
 .text.metal_cache_invalidate
                0x1000501c       0x1a ./Middlewares/Third_Party/OpenAMP/device.o
 *fill*         0x10005036        0x2 
 .text.metal_bus_register
                0x10005038       0x88 ./Middlewares/Third_Party/OpenAMP/device.o
                0x10005038                metal_bus_register
 .text.metal_bus_find
                0x100050c0       0x5c ./Middlewares/Third_Party/OpenAMP/device.o
                0x100050c0                metal_bus_find
 .text.metal_device_open
                0x1000511c       0x7c ./Middlewares/Third_Party/OpenAMP/device.o
                0x1000511c                metal_device_open
 .text.metal_register_generic_device
                0x10005198       0x4c ./Middlewares/Third_Party/OpenAMP/device.o
                0x10005198                metal_register_generic_device
 .text.metal_generic_dev_open
                0x100051e4       0x60 ./Middlewares/Third_Party/OpenAMP/device.o
                0x100051e4                metal_generic_dev_open
 .text.metal_generic_dev_dma_map
                0x10005244       0xa2 ./Middlewares/Third_Party/OpenAMP/device.o
                0x10005244                metal_generic_dev_dma_map
 .text.metal_generic_dev_dma_unmap
                0x100052e6       0x56 ./Middlewares/Third_Party/OpenAMP/device.o
                0x100052e6                metal_generic_dev_dma_unmap
 .text.metal_generic_dev_sys_open
                0x1000533c       0x4e ./Middlewares/Third_Party/OpenAMP/generic_device.o
                0x1000533c                metal_generic_dev_sys_open
 *fill*         0x1000538a        0x2 
 .text.metal_sys_init
                0x1000538c       0x1c ./Middlewares/Third_Party/OpenAMP/generic_init.o
                0x1000538c                metal_sys_init
 .text.metal_sys_io_mem_map
                0x100053a8       0x7c ./Middlewares/Third_Party/OpenAMP/generic_io.o
                0x100053a8                metal_sys_io_mem_map
 .text.metal_list_init
                0x10005424       0x20 ./Middlewares/Third_Party/OpenAMP/init.o
 .text.metal_init
                0x10005444       0x64 ./Middlewares/Third_Party/OpenAMP/init.o
                0x10005444                metal_init
 .text.metal_io_virt
                0x100054a8       0x38 ./Middlewares/Third_Party/OpenAMP/io.o
 .text.metal_io_init
                0x100054e0       0x9a ./Middlewares/Third_Party/OpenAMP/io.o
                0x100054e0                metal_io_init
 .text.metal_io_block_read
                0x1000557a       0xea ./Middlewares/Third_Party/OpenAMP/io.o
                0x1000557a                metal_io_block_read
 .text.metal_io_block_write
                0x10005664       0xe8 ./Middlewares/Third_Party/OpenAMP/io.o
                0x10005664                metal_io_block_write
 .text.metal_default_log_handler
                0x1000574c       0x1a ./Middlewares/Third_Party/OpenAMP/log.o
                0x1000574c                metal_default_log_handler
 .text.metal_io_virt
                0x10005766       0x38 ./Middlewares/Third_Party/OpenAMP/remoteproc_virtio.o
 .text.metal_io_virt_to_offset
                0x1000579e       0x32 ./Middlewares/Third_Party/OpenAMP/remoteproc_virtio.o
 .text.metal_io_read
                0x100057d0      0x104 ./Middlewares/Third_Party/OpenAMP/remoteproc_virtio.o
 .text.metal_allocate_memory
                0x100058d4       0x18 ./Middlewares/Third_Party/OpenAMP/remoteproc_virtio.o
 .text.metal_free_memory
                0x100058ec       0x16 ./Middlewares/Third_Party/OpenAMP/remoteproc_virtio.o
 .text.virtqueue_allocate
                0x10005902       0x32 ./Middlewares/Third_Party/OpenAMP/remoteproc_virtio.o
 .text.rproc_virtio_virtqueue_notify
                0x10005934       0x68 ./Middlewares/Third_Party/OpenAMP/remoteproc_virtio.o
 .text.rproc_virtio_get_status
                0x1000599c       0x44 ./Middlewares/Third_Party/OpenAMP/remoteproc_virtio.o
 .text.rproc_virtio_get_dfeatures
                0x100059e0       0x44 ./Middlewares/Third_Party/OpenAMP/remoteproc_virtio.o
 .text.rproc_virtio_get_features
                0x10005a24       0x50 ./Middlewares/Third_Party/OpenAMP/remoteproc_virtio.o
 .text.rproc_virtio_read_config
                0x10005a74       0x66 ./Middlewares/Third_Party/OpenAMP/remoteproc_virtio.o
 *fill*         0x10005ada        0x2 
 .text.rproc_virtio_create_vdev
                0x10005adc      0x15c ./Middlewares/Third_Party/OpenAMP/remoteproc_virtio.o
                0x10005adc                rproc_virtio_create_vdev
 .text.rproc_virtio_init_vring
                0x10005c38       0x62 ./Middlewares/Third_Party/OpenAMP/remoteproc_virtio.o
                0x10005c38                rproc_virtio_init_vring
 .text.rproc_virtio_wait_remote_ready
                0x10005c9a       0x32 ./Middlewares/Third_Party/OpenAMP/remoteproc_virtio.o
                0x10005c9a                rproc_virtio_wait_remote_ready
 .text.metal_list_add_before
                0x10005ccc       0x34 ./Middlewares/Third_Party/OpenAMP/rpmsg.o
 .text.metal_list_add_tail
                0x10005d00       0x1a ./Middlewares/Third_Party/OpenAMP/rpmsg.o
 .text.rpmsg_get_endpoint
                0x10005d1a       0xc0 ./Middlewares/Third_Party/OpenAMP/rpmsg.o
                0x10005d1a                rpmsg_get_endpoint
 .text.rpmsg_register_endpoint
                0x10005dda       0x26 ./Middlewares/Third_Party/OpenAMP/rpmsg.o
                0x10005dda                rpmsg_register_endpoint
 .text.__metal_sleep_usec
                0x10005e00       0x16 ./Middlewares/Third_Party/OpenAMP/rpmsg_virtio.o
 .text.metal_sleep_usec
                0x10005e16       0x18 ./Middlewares/Third_Party/OpenAMP/rpmsg_virtio.o
 .text.metal_list_init
                0x10005e2e       0x20 ./Middlewares/Third_Party/OpenAMP/rpmsg_virtio.o
 .text.metal_io_virt_to_offset
                0x10005e4e       0x32 ./Middlewares/Third_Party/OpenAMP/rpmsg_virtio.o
 .text.__metal_mutex_init
                0x10005e80       0x2c ./Middlewares/Third_Party/OpenAMP/rpmsg_virtio.o
 .text.__metal_mutex_acquire
                0x10005eac       0x5c ./Middlewares/Third_Party/OpenAMP/rpmsg_virtio.o
 .text.__metal_mutex_release
                0x10005f08       0x2c ./Middlewares/Third_Party/OpenAMP/rpmsg_virtio.o
 .text.metal_mutex_init
                0x10005f34       0x16 ./Middlewares/Third_Party/OpenAMP/rpmsg_virtio.o
 .text.metal_mutex_acquire
                0x10005f4a       0x16 ./Middlewares/Third_Party/OpenAMP/rpmsg_virtio.o
 .text.metal_mutex_release
                0x10005f60       0x16 ./Middlewares/Third_Party/OpenAMP/rpmsg_virtio.o
 .text.rpmsg_virtio_get_role
                0x10005f76       0x1a ./Middlewares/Third_Party/OpenAMP/rpmsg_virtio.o
 .text.rpmsg_virtio_set_status
                0x10005f90       0x26 ./Middlewares/Third_Party/OpenAMP/rpmsg_virtio.o
 .text.rpmsg_virtio_get_status
                0x10005fb6       0x22 ./Middlewares/Third_Party/OpenAMP/rpmsg_virtio.o
 .text.rpmsg_virtio_get_features
                0x10005fd8       0x22 ./Middlewares/Third_Party/OpenAMP/rpmsg_virtio.o
 .text.rpmsg_virtio_create_virtqueues
                0x10005ffa       0x2a ./Middlewares/Third_Party/OpenAMP/rpmsg_virtio.o
 .text.rpmsg_initialize_ept
                0x10006024       0x48 ./Middlewares/Third_Party/OpenAMP/rpmsg_virtio.o
 .text.rpmsg_get_ept_from_addr
                0x1000606c       0x22 ./Middlewares/Third_Party/OpenAMP/rpmsg_virtio.o
 .text.rpmsg_virtio_init_shm_pool
                0x1000608e       0x32 ./Middlewares/Third_Party/OpenAMP/rpmsg_virtio.o
                0x1000608e                rpmsg_virtio_init_shm_pool
 .text.rpmsg_virtio_return_buffer
                0x100060c0       0x32 ./Middlewares/Third_Party/OpenAMP/rpmsg_virtio.o
 .text.rpmsg_virtio_enqueue_buffer
                0x100060f2       0x3a ./Middlewares/Third_Party/OpenAMP/rpmsg_virtio.o
 .text.rpmsg_virtio_get_tx_buffer
                0x1000612c       0x3a ./Middlewares/Third_Party/OpenAMP/rpmsg_virtio.o
 .text.rpmsg_virtio_get_rx_buffer
                0x10006166       0x38 ./Middlewares/Third_Party/OpenAMP/rpmsg_virtio.o
 .text.rpmsg_virtio_wait_remote_ready
                0x1000619e       0x3a ./Middlewares/Third_Party/OpenAMP/rpmsg_virtio.o
 .text.rpmsg_virtio_hold_rx_buffer
                0x100061d8       0x28 ./Middlewares/Third_Party/OpenAMP/rpmsg_virtio.o
 .text.rpmsg_virtio_release_rx_buffer
                0x10006200       0x52 ./Middlewares/Third_Party/OpenAMP/rpmsg_virtio.o
 .text.rpmsg_virtio_get_tx_payload_buffer
                0x10006252       0xa4 ./Middlewares/Third_Party/OpenAMP/rpmsg_virtio.o
 *fill*         0x100062f6        0x2 
 .text.rpmsg_virtio_send_offchannel_nocopy
                0x100062f8       0xd8 ./Middlewares/Third_Party/OpenAMP/rpmsg_virtio.o
 .text.rpmsg_virtio_send_offchannel_raw
                0x100063d0       0x98 ./Middlewares/Third_Party/OpenAMP/rpmsg_virtio.o
 .text.rpmsg_virtio_tx_callback
                0x10006468       0x14 ./Middlewares/Third_Party/OpenAMP/rpmsg_virtio.o
 .text.rpmsg_virtio_rx_callback
                0x1000647c      0x124 ./Middlewares/Third_Party/OpenAMP/rpmsg_virtio.o
 .text.rpmsg_virtio_ns_callback
                0x100065a0       0xe6 ./Middlewares/Third_Party/OpenAMP/rpmsg_virtio.o
 *fill*         0x10006686        0x2 
 .text.rpmsg_init_vdev
                0x10006688      0x190 ./Middlewares/Third_Party/OpenAMP/rpmsg_virtio.o
                0x10006688                rpmsg_init_vdev
 .text.metal_machine_cache_flush
                0x10006818       0x16 ./Middlewares/Third_Party/OpenAMP/sys.o
                0x10006818                metal_machine_cache_flush
 .text.metal_machine_cache_invalidate
                0x1000682e       0x16 ./Middlewares/Third_Party/OpenAMP/sys.o
                0x1000682e                metal_machine_cache_invalidate
 .text.metal_machine_io_mem_map
                0x10006844       0x1c ./Middlewares/Third_Party/OpenAMP/sys.o
                0x10006844                metal_machine_io_mem_map
 .text.virtio_create_virtqueues
                0x10006860       0x9c ./Middlewares/Third_Party/OpenAMP/virtio.o
                0x10006860                virtio_create_virtqueues
 .text.vring_init
                0x100068fc       0x52 ./Middlewares/Third_Party/OpenAMP/virtqueue.o
 .text.vring_need_event
                0x1000694e       0x3c ./Middlewares/Third_Party/OpenAMP/virtqueue.o
 .text.metal_io_virt
                0x1000698a       0x38 ./Middlewares/Third_Party/OpenAMP/virtqueue.o
 .text.metal_io_phys
                0x100069c2       0x6e ./Middlewares/Third_Party/OpenAMP/virtqueue.o
 .text.metal_io_phys_to_offset
                0x10006a30       0x76 ./Middlewares/Third_Party/OpenAMP/virtqueue.o
 .text.metal_io_phys_to_virt
                0x10006aa6       0x26 ./Middlewares/Third_Party/OpenAMP/virtqueue.o
 .text.virtqueue_phys_to_virt
                0x10006acc       0x22 ./Middlewares/Third_Party/OpenAMP/virtqueue.o
 .text.virtqueue_create
                0x10006aee       0x62 ./Middlewares/Third_Party/OpenAMP/virtqueue.o
                0x10006aee                virtqueue_create
 .text.virtqueue_get_buffer_length
                0x10006b50       0x24 ./Middlewares/Third_Party/OpenAMP/virtqueue.o
                0x10006b50                virtqueue_get_buffer_length
 .text.virtqueue_get_available_buffer
                0x10006b74       0x90 ./Middlewares/Third_Party/OpenAMP/virtqueue.o
                0x10006b74                virtqueue_get_available_buffer
 .text.virtqueue_add_consumed_buffer
                0x10006c04       0x84 ./Middlewares/Third_Party/OpenAMP/virtqueue.o
                0x10006c04                virtqueue_add_consumed_buffer
 .text.virtqueue_disable_cb
                0x10006c88       0x70 ./Middlewares/Third_Party/OpenAMP/virtqueue.o
                0x10006c88                virtqueue_disable_cb
 .text.virtqueue_kick
                0x10006cf8       0x2c ./Middlewares/Third_Party/OpenAMP/virtqueue.o
                0x10006cf8                virtqueue_kick
 .text.vq_ring_init
                0x10006d24       0x2c ./Middlewares/Third_Party/OpenAMP/virtqueue.o
 .text.vq_ring_must_notify
                0x10006d50       0x94 ./Middlewares/Third_Party/OpenAMP/virtqueue.o
 .text.vq_ring_notify
                0x10006de4       0x20 ./Middlewares/Third_Party/OpenAMP/virtqueue.o
 .text.MAILBOX_Init
                0x10006e04       0x48 ./OPENAMP/mbox_ipcc.o
                0x10006e04                MAILBOX_Init
 .text.MAILBOX_Notify
                0x10006e4c       0x64 ./OPENAMP/mbox_ipcc.o
                0x10006e4c                MAILBOX_Notify
 .text.IPCC_channel1_callback
                0x10006eb0       0x2c ./OPENAMP/mbox_ipcc.o
                0x10006eb0                IPCC_channel1_callback
 .text.IPCC_channel2_callback
                0x10006edc       0x2c ./OPENAMP/mbox_ipcc.o
                0x10006edc                IPCC_channel2_callback
 .text.metal_device_io_region
                0x10006f08       0x36 ./OPENAMP/openamp.o
 *fill*         0x10006f3e        0x2 
 .text.OPENAMP_shmem_init
                0x10006f40      0x140 ./OPENAMP/openamp.o
 .text.MX_OPENAMP_Init
                0x10007080      0x128 ./OPENAMP/openamp.o
                0x10007080                MX_OPENAMP_Init
 .text.resource_table_init
                0x100071a8       0x28 ./OPENAMP/rsc_table.o
                0x100071a8                resource_table_init
 .text.__assert_func
                0x100071d0       0x3c C:/ST/STM32CubeIDE_2.1.1/STM32CubeIDE/plugins/com.st.stm32cube.ide.mcu.externaltools.gnu-tools-for-stm32.14.3.rel1.win32_1.0.100.202602081740/tools/bin/../lib/gcc/arm-none-eabi/14.3.1/../../../../arm-none-eabi/lib/thumb/v7e-m+fp/hard\libc_nano.a(libc_a-assert.o)
                0x100071d0                __assert_func
 .text.malloc   0x1000720c       0x10 C:/ST/STM32CubeIDE_2.1.1/STM32CubeIDE/plugins/com.st.stm32cube.ide.mcu.externaltools.gnu-tools-for-stm32.14.3.rel1.win32_1.0.100.202602081740/tools/bin/../lib/gcc/arm-none-eabi/14.3.1/../../../../arm-none-eabi/lib/thumb/v7e-m+fp/hard\libc_nano.a(libc_a-malloc.o)
                0x1000720c                malloc
 .text.free     0x1000721c       0x10 C:/ST/STM32CubeIDE_2.1.1/STM32CubeIDE/plugins/com.st.stm32cube.ide.mcu.externaltools.gnu-tools-for-stm32.14.3.rel1.win32_1.0.100.202602081740/tools/bin/../lib/gcc/arm-none-eabi/14.3.1/../../../../arm-none-eabi/lib/thumb/v7e-m+fp/hard\libc_nano.a(libc_a-malloc.o)
                0x1000721c                free
 .text.sbrk_aligned
                0x1000722c       0x44 C:/ST/STM32CubeIDE_2.1.1/STM32CubeIDE/plugins/com.st.stm32cube.ide.mcu.externaltools.gnu-tools-for-stm32.14.3.rel1.win32_1.0.100.202602081740/tools/bin/../lib/gcc/arm-none-eabi/14.3.1/../../../../arm-none-eabi/lib/thumb/v7e-m+fp/hard\libc_nano.a(libc_a-mallocr.o)
 .text._malloc_r
                0x10007270      0x100 C:/ST/STM32CubeIDE_2.1.1/STM32CubeIDE/plugins/com.st.stm32cube.ide.mcu.externaltools.gnu-tools-for-stm32.14.3.rel1.win32_1.0.100.202602081740/tools/bin/../lib/gcc/arm-none-eabi/14.3.1/../../../../arm-none-eabi/lib/thumb/v7e-m+fp/hard\libc_nano.a(libc_a-mallocr.o)
                0x10007270                _malloc_r
 .text.__malloc_lock
                0x10007370        0xc C:/ST/STM32CubeIDE_2.1.1/STM32CubeIDE/plugins/com.st.stm32cube.ide.mcu.externaltools.gnu-tools-for-stm32.14.3.rel1.win32_1.0.100.202602081740/tools/bin/../lib/gcc/arm-none-eabi/14.3.1/../../../../arm-none-eabi/lib/thumb/v7e-m+fp/hard\libc_nano.a(libc_a-mlock.o)
                0x10007370                __malloc_lock
 .text.__malloc_unlock
                0x1000737c        0xc C:/ST/STM32CubeIDE_2.1.1/STM32CubeIDE/plugins/com.st.stm32cube.ide.mcu.externaltools.gnu-tools-for-stm32.14.3.rel1.win32_1.0.100.202602081740/tools/bin/../lib/gcc/arm-none-eabi/14.3.1/../../../../arm-none-eabi/lib/thumb/v7e-m+fp/hard\libc_nano.a(libc_a-mlock.o)
                0x1000737c                __malloc_unlock
 .text.std      0x10007388       0x6c C:/ST/STM32CubeIDE_2.1.1/STM32CubeIDE/plugins/com.st.stm32cube.ide.mcu.externaltools.gnu-tools-for-stm32.14.3.rel1.win32_1.0.100.202602081740/tools/bin/../lib/gcc/arm-none-eabi/14.3.1/../../../../arm-none-eabi/lib/thumb/v7e-m+fp/hard\libc_nano.a(libc_a-findfp.o)
 .text.stdio_exit_handler
                0x100073f4       0x18 C:/ST/STM32CubeIDE_2.1.1/STM32CubeIDE/plugins/com.st.stm32cube.ide.mcu.externaltools.gnu-tools-for-stm32.14.3.rel1.win32_1.0.100.202602081740/tools/bin/../lib/gcc/arm-none-eabi/14.3.1/../../../../arm-none-eabi/lib/thumb/v7e-m+fp/hard\libc_nano.a(libc_a-findfp.o)
 .text.cleanup_stdio
                0x1000740c       0x40 C:/ST/STM32CubeIDE_2.1.1/STM32CubeIDE/plugins/com.st.stm32cube.ide.mcu.externaltools.gnu-tools-for-stm32.14.3.rel1.win32_1.0.100.202602081740/tools/bin/../lib/gcc/arm-none-eabi/14.3.1/../../../../arm-none-eabi/lib/thumb/v7e-m+fp/hard\libc_nano.a(libc_a-findfp.o)
 .text.global_stdio_init.part.0
                0x1000744c       0x40 C:/ST/STM32CubeIDE_2.1.1/STM32CubeIDE/plugins/com.st.stm32cube.ide.mcu.externaltools.gnu-tools-for-stm32.14.3.rel1.win32_1.0.100.202602081740/tools/bin/../lib/gcc/arm-none-eabi/14.3.1/../../../../arm-none-eabi/lib/thumb/v7e-m+fp/hard\libc_nano.a(libc_a-findfp.o)
 .text.__sfp_lock_acquire
                0x1000748c        0xc C:/ST/STM32CubeIDE_2.1.1/STM32CubeIDE/plugins/com.st.stm32cube.ide.mcu.externaltools.gnu-tools-for-stm32.14.3.rel1.win32_1.0.100.202602081740/tools/bin/../lib/gcc/arm-none-eabi/14.3.1/../../../../arm-none-eabi/lib/thumb/v7e-m+fp/hard\libc_nano.a(libc_a-findfp.o)
                0x1000748c                __sfp_lock_acquire
 .text.__sfp_lock_release
                0x10007498        0xc C:/ST/STM32CubeIDE_2.1.1/STM32CubeIDE/plugins/com.st.stm32cube.ide.mcu.externaltools.gnu-tools-for-stm32.14.3.rel1.win32_1.0.100.202602081740/tools/bin/../lib/gcc/arm-none-eabi/14.3.1/../../../../arm-none-eabi/lib/thumb/v7e-m+fp/hard\libc_nano.a(libc_a-findfp.o)
                0x10007498                __sfp_lock_release
 .text.__sinit  0x100074a4       0x30 C:/ST/STM32CubeIDE_2.1.1/STM32CubeIDE/plugins/com.st.stm32cube.ide.mcu.externaltools.gnu-tools-for-stm32.14.3.rel1.win32_1.0.100.202602081740/tools/bin/../lib/gcc/arm-none-eabi/14.3.1/../../../../arm-none-eabi/lib/thumb/v7e-m+fp/hard\libc_nano.a(libc_a-findfp.o)
                0x100074a4                __sinit
 .text.fprintf  0x100074d4       0x24 C:/ST/STM32CubeIDE_2.1.1/STM32CubeIDE/plugins/com.st.stm32cube.ide.mcu.externaltools.gnu-tools-for-stm32.14.3.rel1.win32_1.0.100.202602081740/tools/bin/../lib/gcc/arm-none-eabi/14.3.1/../../../../arm-none-eabi/lib/thumb/v7e-m+fp/hard\libc_nano.a(libc_a-fprintf.o)
                0x100074d4                fiprintf
                0x100074d4                fprintf
 .text._fwalk_sglue
                0x100074f8       0x3c C:/ST/STM32CubeIDE_2.1.1/STM32CubeIDE/plugins/com.st.stm32cube.ide.mcu.externaltools.gnu-tools-for-stm32.14.3.rel1.win32_1.0.100.202602081740/tools/bin/../lib/gcc/arm-none-eabi/14.3.1/../../../../arm-none-eabi/lib/thumb/v7e-m+fp/hard\libc_nano.a(libc_a-fwalk.o)
                0x100074f8                _fwalk_sglue
 .text.__sread  0x10007534       0x22 C:/ST/STM32CubeIDE_2.1.1/STM32CubeIDE/plugins/com.st.stm32cube.ide.mcu.externaltools.gnu-tools-for-stm32.14.3.rel1.win32_1.0.100.202602081740/tools/bin/../lib/gcc/arm-none-eabi/14.3.1/../../../../arm-none-eabi/lib/thumb/v7e-m+fp/hard\libc_nano.a(libc_a-stdio.o)
                0x10007534                __sread
 .text.__swrite
                0x10007556       0x38 C:/ST/STM32CubeIDE_2.1.1/STM32CubeIDE/plugins/com.st.stm32cube.ide.mcu.externaltools.gnu-tools-for-stm32.14.3.rel1.win32_1.0.100.202602081740/tools/bin/../lib/gcc/arm-none-eabi/14.3.1/../../../../arm-none-eabi/lib/thumb/v7e-m+fp/hard\libc_nano.a(libc_a-stdio.o)
                0x10007556                __swrite
 .text.__sseek  0x1000758e       0x26 C:/ST/STM32CubeIDE_2.1.1/STM32CubeIDE/plugins/com.st.stm32cube.ide.mcu.externaltools.gnu-tools-for-stm32.14.3.rel1.win32_1.0.100.202602081740/tools/bin/../lib/gcc/arm-none-eabi/14.3.1/../../../../arm-none-eabi/lib/thumb/v7e-m+fp/hard\libc_nano.a(libc_a-stdio.o)
                0x1000758e                __sseek
 .text.__sclose
                0x100075b4        0x8 C:/ST/STM32CubeIDE_2.1.1/STM32CubeIDE/plugins/com.st.stm32cube.ide.mcu.externaltools.gnu-tools-for-stm32.14.3.rel1.win32_1.0.100.202602081740/tools/bin/../lib/gcc/arm-none-eabi/14.3.1/../../../../arm-none-eabi/lib/thumb/v7e-m+fp/hard\libc_nano.a(libc_a-stdio.o)
                0x100075b4                __sclose
 .text.memset   0x100075bc       0x10 C:/ST/STM32CubeIDE_2.1.1/STM32CubeIDE/plugins/com.st.stm32cube.ide.mcu.externaltools.gnu-tools-for-stm32.14.3.rel1.win32_1.0.100.202602081740/tools/bin/../lib/gcc/arm-none-eabi/14.3.1/../../../../arm-none-eabi/lib/thumb/v7e-m+fp/hard\libc_nano.a(libc_a-memset.o)
                0x100075bc                memset
 .text.strncmp  0x100075cc       0x24 C:/ST/STM32CubeIDE_2.1.1/STM32CubeIDE/plugins/com.st.stm32cube.ide.mcu.externaltools.gnu-tools-for-stm32.14.3.rel1.win32_1.0.100.202602081740/tools/bin/../lib/gcc/arm-none-eabi/14.3.1/../../../../arm-none-eabi/lib/thumb/v7e-m+fp/hard\libc_nano.a(libc_a-strncmp.o)
                0x100075cc                strncmp
 .text.strncpy  0x100075f0       0x26 C:/ST/STM32CubeIDE_2.1.1/STM32CubeIDE/plugins/com.st.stm32cube.ide.mcu.externaltools.gnu-tools-for-stm32.14.3.rel1.win32_1.0.100.202602081740/tools/bin/../lib/gcc/arm-none-eabi/14.3.1/../../../../arm-none-eabi/lib/thumb/v7e-m+fp/hard\libc_nano.a(libc_a-strncpy.o)
                0x100075f0                strncpy
 *fill*         0x10007616        0x2 
 .text._close_r
                0x10007618       0x20 C:/ST/STM32CubeIDE_2.1.1/STM32CubeIDE/plugins/com.st.stm32cube.ide.mcu.externaltools.gnu-tools-for-stm32.14.3.rel1.win32_1.0.100.202602081740/tools/bin/../lib/gcc/arm-none-eabi/14.3.1/../../../../arm-none-eabi/lib/thumb/v7e-m+fp/hard\libc_nano.a(libc_a-closer.o)
                0x10007618                _close_r
 .text._lseek_r
                0x10007638       0x24 C:/ST/STM32CubeIDE_2.1.1/STM32CubeIDE/plugins/com.st.stm32cube.ide.mcu.externaltools.gnu-tools-for-stm32.14.3.rel1.win32_1.0.100.202602081740/tools/bin/../lib/gcc/arm-none-eabi/14.3.1/../../../../arm-none-eabi/lib/thumb/v7e-m+fp/hard\libc_nano.a(libc_a-lseekr.o)
                0x10007638                _lseek_r
 .text._read_r  0x1000765c       0x24 C:/ST/STM32CubeIDE_2.1.1/STM32CubeIDE/plugins/com.st.stm32cube.ide.mcu.externaltools.gnu-tools-for-stm32.14.3.rel1.win32_1.0.100.202602081740/tools/bin/../lib/gcc/arm-none-eabi/14.3.1/../../../../arm-none-eabi/lib/thumb/v7e-m+fp/hard\libc_nano.a(libc_a-readr.o)
                0x1000765c                _read_r
 .text._sbrk_r  0x10007680       0x20 C:/ST/STM32CubeIDE_2.1.1/STM32CubeIDE/plugins/com.st.stm32cube.ide.mcu.externaltools.gnu-tools-for-stm32.14.3.rel1.win32_1.0.100.202602081740/tools/bin/../lib/gcc/arm-none-eabi/14.3.1/../../../../arm-none-eabi/lib/thumb/v7e-m+fp/hard\libc_nano.a(libc_a-sbrkr.o)
                0x10007680                _sbrk_r
 .text._write_r
                0x100076a0       0x24 C:/ST/STM32CubeIDE_2.1.1/STM32CubeIDE/plugins/com.st.stm32cube.ide.mcu.externaltools.gnu-tools-for-stm32.14.3.rel1.win32_1.0.100.202602081740/tools/bin/../lib/gcc/arm-none-eabi/14.3.1/../../../../arm-none-eabi/lib/thumb/v7e-m+fp/hard\libc_nano.a(libc_a-writer.o)
                0x100076a0                _write_r
 .text.__errno  0x100076c4        0xc C:/ST/STM32CubeIDE_2.1.1/STM32CubeIDE/plugins/com.st.stm32cube.ide.mcu.externaltools.gnu-tools-for-stm32.14.3.rel1.win32_1.0.100.202602081740/tools/bin/../lib/gcc/arm-none-eabi/14.3.1/../../../../arm-none-eabi/lib/thumb/v7e-m+fp/hard\libc_nano.a(libc_a-errno.o)
                0x100076c4                __errno
 .text.__libc_init_array
                0x100076d0       0x48 C:/ST/STM32CubeIDE_2.1.1/STM32CubeIDE/plugins/com.st.stm32cube.ide.mcu.externaltools.gnu-tools-for-stm32.14.3.rel1.win32_1.0.100.202602081740/tools/bin/../lib/gcc/arm-none-eabi/14.3.1/../../../../arm-none-eabi/lib/thumb/v7e-m+fp/hard\libc_nano.a(libc_a-init.o)
                0x100076d0                __libc_init_array
 .text.__retarget_lock_init_recursive
                0x10007718        0x2 C:/ST/STM32CubeIDE_2.1.1/STM32CubeIDE/plugins/com.st.stm32cube.ide.mcu.externaltools.gnu-tools-for-stm32.14.3.rel1.win32_1.0.100.202602081740/tools/bin/../lib/gcc/arm-none-eabi/14.3.1/../../../../arm-none-eabi/lib/thumb/v7e-m+fp/hard\libc_nano.a(libc_a-lock.o)
                0x10007718                __retarget_lock_init_recursive
 .text.__retarget_lock_acquire_recursive
                0x1000771a        0x2 C:/ST/STM32CubeIDE_2.1.1/STM32CubeIDE/plugins/com.st.stm32cube.ide.mcu.externaltools.gnu-tools-for-stm32.14.3.rel1.win32_1.0.100.202602081740/tools/bin/../lib/gcc/arm-none-eabi/14.3.1/../../../../arm-none-eabi/lib/thumb/v7e-m+fp/hard\libc_nano.a(libc_a-lock.o)
                0x1000771a                __retarget_lock_acquire_recursive
 .text.__retarget_lock_release_recursive
                0x1000771c        0x2 C:/ST/STM32CubeIDE_2.1.1/STM32CubeIDE/plugins/com.st.stm32cube.ide.mcu.externaltools.gnu-tools-for-stm32.14.3.rel1.win32_1.0.100.202602081740/tools/bin/../lib/gcc/arm-none-eabi/14.3.1/../../../../arm-none-eabi/lib/thumb/v7e-m+fp/hard\libc_nano.a(libc_a-lock.o)
                0x1000771c                __retarget_lock_release_recursive
 .text.memcpy   0x1000771e       0x1c C:/ST/STM32CubeIDE_2.1.1/STM32CubeIDE/plugins/com.st.stm32cube.ide.mcu.externaltools.gnu-tools-for-stm32.14.3.rel1.win32_1.0.100.202602081740/tools/bin/../lib/gcc/arm-none-eabi/14.3.1/../../../../arm-none-eabi/lib/thumb/v7e-m+fp/hard\libc_nano.a(libc_a-memcpy-stub.o)
                0x1000771e                memcpy
 .text.abort    0x1000773a        0xe C:/ST/STM32CubeIDE_2.1.1/STM32CubeIDE/plugins/com.st.stm32cube.ide.mcu.externaltools.gnu-tools-for-stm32.14.3.rel1.win32_1.0.100.202602081740/tools/bin/../lib/gcc/arm-none-eabi/14.3.1/../../../../arm-none-eabi/lib/thumb/v7e-m+fp/hard\libc_nano.a(libc_a-abort.o)
                0x1000773a                abort
 .text._free_r  0x10007748       0x94 C:/ST/STM32CubeIDE_2.1.1/STM32CubeIDE/plugins/com.st.stm32cube.ide.mcu.externaltools.gnu-tools-for-stm32.14.3.rel1.win32_1.0.100.202602081740/tools/bin/../lib/gcc/arm-none-eabi/14.3.1/../../../../arm-none-eabi/lib/thumb/v7e-m+fp/hard\libc_nano.a(libc_a-freer.o)
                0x10007748                _free_r
 .text.__sfputc_r
                0x100077dc       0x2e C:/ST/STM32CubeIDE_2.1.1/STM32CubeIDE/plugins/com.st.stm32cube.ide.mcu.externaltools.gnu-tools-for-stm32.14.3.rel1.win32_1.0.100.202602081740/tools/bin/../lib/gcc/arm-none-eabi/14.3.1/../../../../arm-none-eabi/lib/thumb/v7e-m+fp/hard\libc_nano.a(libc_a-nano-vfprintf.o)
 .text.__sfputs_r
                0x1000780a       0x24 C:/ST/STM32CubeIDE_2.1.1/STM32CubeIDE/plugins/com.st.stm32cube.ide.mcu.externaltools.gnu-tools-for-stm32.14.3.rel1.win32_1.0.100.202602081740/tools/bin/../lib/gcc/arm-none-eabi/14.3.1/../../../../arm-none-eabi/lib/thumb/v7e-m+fp/hard\libc_nano.a(libc_a-nano-vfprintf.o)
                0x1000780a                __sfputs_r
 *fill*         0x1000782e        0x2 
 .text._vfprintf_r
                0x10007830      0x228 C:/ST/STM32CubeIDE_2.1.1/STM32CubeIDE/plugins/com.st.stm32cube.ide.mcu.externaltools.gnu-tools-for-stm32.14.3.rel1.win32_1.0.100.202602081740/tools/bin/../lib/gcc/arm-none-eabi/14.3.1/../../../../arm-none-eabi/lib/thumb/v7e-m+fp/hard\libc_nano.a(libc_a-nano-vfprintf.o)
                0x10007830                _vfprintf_r
                0x10007830                _vfiprintf_r
 .text._printf_common
                0x10007a58       0xda C:/ST/STM32CubeIDE_2.1.1/STM32CubeIDE/plugins/com.st.stm32cube.ide.mcu.externaltools.gnu-tools-for-stm32.14.3.rel1.win32_1.0.100.202602081740/tools/bin/../lib/gcc/arm-none-eabi/14.3.1/../../../../arm-none-eabi/lib/thumb/v7e-m+fp/hard\libc_nano.a(libc_a-nano-vfprintf_i.o)
                0x10007a58                _printf_common
 *fill*         0x10007b32        0x2 
 .text._printf_i
                0x10007b34      0x24c C:/ST/STM32CubeIDE_2.1.1/STM32CubeIDE/plugins/com.st.stm32cube.ide.mcu.externaltools.gnu-tools-for-stm32.14.3.rel1.win32_1.0.100.202602081740/tools/bin/../lib/gcc/arm-none-eabi/14.3.1/../../../../arm-none-eabi/lib/thumb/v7e-m+fp/hard\libc_nano.a(libc_a-nano-vfprintf_i.o)
                0x10007b34                _printf_i
 .text.__sflush_r
                0x10007d80      0x104 C:/ST/STM32CubeIDE_2.1.1/STM32CubeIDE/plugins/com.st.stm32cube.ide.mcu.externaltools.gnu-tools-for-stm32.14.3.rel1.win32_1.0.100.202602081740/tools/bin/../lib/gcc/arm-none-eabi/14.3.1/../../../../arm-none-eabi/lib/thumb/v7e-m+fp/hard\libc_nano.a(libc_a-fflush.o)
                0x10007d80                __sflush_r
 .text._fflush_r
                0x10007e84       0x50 C:/ST/STM32CubeIDE_2.1.1/STM32CubeIDE/plugins/com.st.stm32cube.ide.mcu.externaltools.gnu-tools-for-stm32.14.3.rel1.win32_1.0.100.202602081740/tools/bin/../lib/gcc/arm-none-eabi/14.3.1/../../../../arm-none-eabi/lib/thumb/v7e-m+fp/hard\libc_nano.a(libc_a-fflush.o)
                0x10007e84                _fflush_r
 .text.__swbuf_r
                0x10007ed4       0x7c C:/ST/STM32CubeIDE_2.1.1/STM32CubeIDE/plugins/com.st.stm32cube.ide.mcu.externaltools.gnu-tools-for-stm32.14.3.rel1.win32_1.0.100.202602081740/tools/bin/../lib/gcc/arm-none-eabi/14.3.1/../../../../arm-none-eabi/lib/thumb/v7e-m+fp/hard\libc_nano.a(libc_a-wbuf.o)
                0x10007ed4                __swbuf_r
 .text.__swsetup_r
                0x10007f50       0xa8 C:/ST/STM32CubeIDE_2.1.1/STM32CubeIDE/plugins/com.st.stm32cube.ide.mcu.externaltools.gnu-tools-for-stm32.14.3.rel1.win32_1.0.100.202602081740/tools/bin/../lib/gcc/arm-none-eabi/14.3.1/../../../../arm-none-eabi/lib/thumb/v7e-m+fp/hard\libc_nano.a(libc_a-wsetup.o)
                0x10007f50                __swsetup_r
 .text._raise_r
                0x10007ff8       0x50 C:/ST/STM32CubeIDE_2.1.1/STM32CubeIDE/plugins/com.st.stm32cube.ide.mcu.externaltools.gnu-tools-for-stm32.14.3.rel1.win32_1.0.100.202602081740/tools/bin/../lib/gcc/arm-none-eabi/14.3.1/../../../../arm-none-eabi/lib/thumb/v7e-m+fp/hard\libc_nano.a(libc_a-signal.o)
                0x10007ff8                _raise_r
 .text.raise    0x10008048       0x10 C:/ST/STM32CubeIDE_2.1.1/STM32CubeIDE/plugins/com.st.stm32cube.ide.mcu.externaltools.gnu-tools-for-stm32.14.3.rel1.win32_1.0.100.202602081740/tools/bin/../lib/gcc/arm-none-eabi/14.3.1/../../../../arm-none-eabi/lib/thumb/v7e-m+fp/hard\libc_nano.a(libc_a-signal.o)
                0x10008048                raise
 .text._kill_r  0x10008058       0x24 C:/ST/STM32CubeIDE_2.1.1/STM32CubeIDE/plugins/com.st.stm32cube.ide.mcu.externaltools.gnu-tools-for-stm32.14.3.rel1.win32_1.0.100.202602081740/tools/bin/../lib/gcc/arm-none-eabi/14.3.1/../../../../arm-none-eabi/lib/thumb/v7e-m+fp/hard\libc_nano.a(libc_a-signalr.o)
                0x10008058                _kill_r
 .text._getpid_r
                0x1000807c        0x4 C:/ST/STM32CubeIDE_2.1.1/STM32CubeIDE/plugins/com.st.stm32cube.ide.mcu.externaltools.gnu-tools-for-stm32.14.3.rel1.win32_1.0.100.202602081740/tools/bin/../lib/gcc/arm-none-eabi/14.3.1/../../../../arm-none-eabi/lib/thumb/v7e-m+fp/hard\libc_nano.a(libc_a-signalr.o)
                0x1000807c                _getpid_r
 .text.__swhatbuf_r
                0x10008080       0x48 C:/ST/STM32CubeIDE_2.1.1/STM32CubeIDE/plugins/com.st.stm32cube.ide.mcu.externaltools.gnu-tools-for-stm32.14.3.rel1.win32_1.0.100.202602081740/tools/bin/../lib/gcc/arm-none-eabi/14.3.1/../../../../arm-none-eabi/lib/thumb/v7e-m+fp/hard\libc_nano.a(libc_a-makebuf.o)
                0x10008080                __swhatbuf_r
 .text.__smakebuf_r
                0x100080c8       0x72 C:/ST/STM32CubeIDE_2.1.1/STM32CubeIDE/plugins/com.st.stm32cube.ide.mcu.externaltools.gnu-tools-for-stm32.14.3.rel1.win32_1.0.100.202602081740/tools/bin/../lib/gcc/arm-none-eabi/14.3.1/../../../../arm-none-eabi/lib/thumb/v7e-m+fp/hard\libc_nano.a(libc_a-makebuf.o)
                0x100080c8                __smakebuf_r
 *fill*         0x1000813a        0x2 
 .text._fstat_r
                0x1000813c       0x24 C:/ST/STM32CubeIDE_2.1.1/STM32CubeIDE/plugins/com.st.stm32cube.ide.mcu.externaltools.gnu-tools-for-stm32.14.3.rel1.win32_1.0.100.202602081740/tools/bin/../lib/gcc/arm-none-eabi/14.3.1/../../../../arm-none-eabi/lib/thumb/v7e-m+fp/hard\libc_nano.a(libc_a-fstatr.o)
                0x1000813c                _fstat_r
 .text._isatty_r
                0x10008160       0x20 C:/ST/STM32CubeIDE_2.1.1/STM32CubeIDE/plugins/com.st.stm32cube.ide.mcu.externaltools.gnu-tools-for-stm32.14.3.rel1.win32_1.0.100.202602081740/tools/bin/../lib/gcc/arm-none-eabi/14.3.1/../../../../arm-none-eabi/lib/thumb/v7e-m+fp/hard\libc_nano.a(libc_a-isattyr.o)
                0x10008160                _isatty_r
 *(.glue_7)
 .glue_7        0x10008180        0x0 linker stubs
 *(.glue_7t)
 .glue_7t       0x10008180        0x0 linker stubs
 *(.eh_frame)
 .eh_frame      0x10008180        0x0 C:/ST/STM32CubeIDE_2.1.1/STM32CubeIDE/plugins/com.st.stm32cube.ide.mcu.externaltools.gnu-tools-for-stm32.14.3.rel1.win32_1.0.100.202602081740/tools/bin/../lib/gcc/arm-none-eabi/14.3.1/thumb/v7e-m+fp/hard/crtbegin.o
 *(.init)
 .init          0x10008180        0x4 C:/ST/STM32CubeIDE_2.1.1/STM32CubeIDE/plugins/com.st.stm32cube.ide.mcu.externaltools.gnu-tools-for-stm32.14.3.rel1.win32_1.0.100.202602081740/tools/bin/../lib/gcc/arm-none-eabi/14.3.1/thumb/v7e-m+fp/hard/crti.o
                0x10008180                _init
 .init          0x10008184        0x8 C:/ST/STM32CubeIDE_2.1.1/STM32CubeIDE/plugins/com.st.stm32cube.ide.mcu.externaltools.gnu-tools-for-stm32.14.3.rel1.win32_1.0.100.202602081740/tools/bin/../lib/gcc/arm-none-eabi/14.3.1/thumb/v7e-m+fp/hard/crtn.o
 *(.fini)
 .fini          0x1000818c        0x4 C:/ST/STM32CubeIDE_2.1.1/STM32CubeIDE/plugins/com.st.stm32cube.ide.mcu.externaltools.gnu-tools-for-stm32.14.3.rel1.win32_1.0.100.202602081740/tools/bin/../lib/gcc/arm-none-eabi/14.3.1/thumb/v7e-m+fp/hard/crti.o
                0x1000818c                _fini
 .fini          0x10008190        0x8 C:/ST/STM32CubeIDE_2.1.1/STM32CubeIDE/plugins/com.st.stm32cube.ide.mcu.externaltools.gnu-tools-for-stm32.14.3.rel1.win32_1.0.100.202602081740/tools/bin/../lib/gcc/arm-none-eabi/14.3.1/thumb/v7e-m+fp/hard/crtn.o
                0x10008198                        . = ALIGN (0x4)
                0x10008198                        _etext = .

.vfp11_veneer   0x10008198        0x0
 .vfp11_veneer  0x10008198        0x0 linker stubs

.v4_bx          0x10008198        0x0
 .v4_bx         0x10008198        0x0 linker stubs

.iplt           0x10008198        0x0
 .iplt          0x10008198        0x0 C:/ST/STM32CubeIDE_2.1.1/STM32CubeIDE/plugins/com.st.stm32cube.ide.mcu.externaltools.gnu-tools-for-stm32.14.3.rel1.win32_1.0.100.202602081740/tools/bin/../lib/gcc/arm-none-eabi/14.3.1/thumb/v7e-m+fp/hard/crtbegin.o

.startup_copro_fw.Reset_Handler
                0x10008198       0x50
 .startup_copro_fw.Reset_Handler
                0x10008198       0x50 ./Core/Startup/startup_stm32mp157facx.o
                0x10008198                Reset_Handler

.rodata         0x100081e8      0x3ac
                0x100081e8                        . = ALIGN (0x4)
 *(.rodata)
 .rodata        0x100081e8       0xb4 ./Middlewares/Third_Party/OpenAMP/device.o
 .rodata        0x1000829c       0xe5 ./Middlewares/Third_Party/OpenAMP/remoteproc_virtio.o
 *fill*         0x10008381        0x3 
 .rodata        0x10008384       0xcf ./Middlewares/Third_Party/OpenAMP/rpmsg_virtio.o
 *fill*         0x10008453        0x1 
 .rodata        0x10008454       0x1c ./OPENAMP/openamp.o
 *(.rodata*)
 .rodata.remoteproc_virtio_dispatch_funcs
                0x10008470       0x24 ./Middlewares/Third_Party/OpenAMP/remoteproc_virtio.o
 .rodata.__func__.1
                0x10008494       0x1e ./Middlewares/Third_Party/OpenAMP/remoteproc_virtio.o
 *fill*         0x100084b2        0x2 
 .rodata.__func__.0
                0x100084b4        0xe ./Middlewares/Third_Party/OpenAMP/remoteproc_virtio.o
 *fill*         0x100084c2        0x2 
 .rodata.__func__.2
                0x100084c4       0x24 ./Middlewares/Third_Party/OpenAMP/rpmsg_virtio.o
 .rodata.__func__.1
                0x100084e8       0x21 ./Middlewares/Third_Party/OpenAMP/rpmsg_virtio.o
 *fill*         0x10008509        0x3 
 .rodata.__func__.0
                0x1000850c       0x19 ./Middlewares/Third_Party/OpenAMP/rpmsg_virtio.o
 .rodata.__assert_func.str1.1
                0x10008525       0x6f C:/ST/STM32CubeIDE_2.1.1/STM32CubeIDE/plugins/com.st.stm32cube.ide.mcu.externaltools.gnu-tools-for-stm32.14.3.rel1.win32_1.0.100.202602081740/tools/bin/../lib/gcc/arm-none-eabi/14.3.1/../../../../arm-none-eabi/lib/thumb/v7e-m+fp/hard\libc_nano.a(libc_a-assert.o)
                                 0x3d (size before relaxing)
 .rodata._vfprintf_r.str1.1
                0x10008594       0x11 C:/ST/STM32CubeIDE_2.1.1/STM32CubeIDE/plugins/com.st.stm32cube.ide.mcu.externaltools.gnu-tools-for-stm32.14.3.rel1.win32_1.0.100.202602081740/tools/bin/../lib/gcc/arm-none-eabi/14.3.1/../../../../arm-none-eabi/lib/thumb/v7e-m+fp/hard\libc_nano.a(libc_a-nano-vfprintf.o)
 .rodata._printf_i.str1.1
                0x10008594       0x22 C:/ST/STM32CubeIDE_2.1.1/STM32CubeIDE/plugins/com.st.stm32cube.ide.mcu.externaltools.gnu-tools-for-stm32.14.3.rel1.win32_1.0.100.202602081740/tools/bin/../lib/gcc/arm-none-eabi/14.3.1/../../../../arm-none-eabi/lib/thumb/v7e-m+fp/hard\libc_nano.a(libc_a-nano-vfprintf_i.o)
                0x100085b8                        . = ALIGN (0x4)

.ARM.extab      0x10008594        0x0
                0x10008594                        . = ALIGN (0x4)
 *(.ARM.extab* .gnu.linkonce.armextab.*)
                0x10008594                        . = ALIGN (0x4)

.ARM            0x10008594        0x8
                0x10008594                        . = ALIGN (0x4)
                0x10008594                        __exidx_start = .
 *(.ARM.exidx*)
 .ARM.exidx     0x10008594        0x8 C:/ST/STM32CubeIDE_2.1.1/STM32CubeIDE/plugins/com.st.stm32cube.ide.mcu.externaltools.gnu-tools-for-stm32.14.3.rel1.win32_1.0.100.202602081740/tools/bin/../lib/gcc/arm-none-eabi/14.3.1/../../../../arm-none-eabi/lib/thumb/v7e-m+fp/hard\libc_nano.a(libc_a-strcmp.o)
 .ARM.exidx     0x1000859c        0x0 C:/ST/STM32CubeIDE_2.1.1/STM32CubeIDE/plugins/com.st.stm32cube.ide.mcu.externaltools.gnu-tools-for-stm32.14.3.rel1.win32_1.0.100.202602081740/tools/bin/../lib/gcc/arm-none-eabi/14.3.1/../../../../arm-none-eabi/lib/thumb/v7e-m+fp/hard\libc_nano.a(libc_a-memchr.o)
                                  0x8 (size before relaxing)
                0x1000859c                        __exidx_end = .
                0x1000859c                        . = ALIGN (0x4)

.preinit_array  0x1000859c        0x0
                0x1000859c                        . = ALIGN (0x4)
                0x1000859c                        PROVIDE (__preinit_array_start = .)
 *(.preinit_array*)
                0x1000859c                        PROVIDE (__preinit_array_end = .)
                0x1000859c                        . = ALIGN (0x4)

.init_array     0x1000859c        0x4
                0x1000859c                        . = ALIGN (0x4)
                0x1000859c                        PROVIDE (__init_array_start = .)
 *(SORT_BY_NAME(.init_array.*))
 *(.init_array*)
 .init_array    0x1000859c        0x4 C:/ST/STM32CubeIDE_2.1.1/STM32CubeIDE/plugins/com.st.stm32cube.ide.mcu.externaltools.gnu-tools-for-stm32.14.3.rel1.win32_1.0.100.202602081740/tools/bin/../lib/gcc/arm-none-eabi/14.3.1/thumb/v7e-m+fp/hard/crtbegin.o
                0x100085a0                        PROVIDE (__init_array_end = .)
                0x100085a0                        . = ALIGN (0x4)

.fini_array     0x100085a0        0x4
                0x100085a0                        . = ALIGN (0x4)
                [!provide]                        PROVIDE (__fini_array_start = .)
 *(SORT_BY_NAME(.fini_array.*))
 *(.fini_array*)
 .fini_array    0x100085a0        0x4 C:/ST/STM32CubeIDE_2.1.1/STM32CubeIDE/plugins/com.st.stm32cube.ide.mcu.externaltools.gnu-tools-for-stm32.14.3.rel1.win32_1.0.100.202602081740/tools/bin/../lib/gcc/arm-none-eabi/14.3.1/thumb/v7e-m+fp/hard/crtbegin.o
                [!provide]                        PROVIDE (__fini_array_end = .)
                0x100085a4                        . = ALIGN (0x4)
                0x100085a4                        __DATA_ROM = .
                0x100085a4                        _sidata = LOADADDR (.data)

.data           0x10020000      0x120 load address 0x100085a4
                0x10020000                        . = ALIGN (0x4)
                0x10020000                        _sdata = .
 *(.data)
 *(.data*)
 .data.SystemCoreClock
                0x10020000        0x4 ./Common/System/system_stm32mp1xx.o
                0x10020000                SystemCoreClock
 .data.uwTickPrio
                0x10020004        0x4 ./Drivers/STM32MP1xx_HAL_Driver/stm32mp1xx_hal.o
                0x10020004                uwTickPrio
 .data.uwTickFreq
                0x10020008        0x1 ./Drivers/STM32MP1xx_HAL_Driver/stm32mp1xx_hal.o
                0x10020008                uwTickFreq
 *fill*         0x10020009        0x3 
 .data.metal_generic_bus
                0x1002000c       0x2c ./Middlewares/Third_Party/OpenAMP/device.o
                0x1002000c                metal_generic_bus
 .data.shm_device
                0x10020038       0x8c ./OPENAMP/openamp.o
                0x10020038                shm_device
 .data.__sglue  0x100200c4        0xc C:/ST/STM32CubeIDE_2.1.1/STM32CubeIDE/plugins/com.st.stm32cube.ide.mcu.externaltools.gnu-tools-for-stm32.14.3.rel1.win32_1.0.100.202602081740/tools/bin/../lib/gcc/arm-none-eabi/14.3.1/../../../../arm-none-eabi/lib/thumb/v7e-m+fp/hard\libc_nano.a(libc_a-findfp.o)
                0x100200c4                __sglue
 .data._impure_ptr
                0x100200d0        0x4 C:/ST/STM32CubeIDE_2.1.1/STM32CubeIDE/plugins/com.st.stm32cube.ide.mcu.externaltools.gnu-tools-for-stm32.14.3.rel1.win32_1.0.100.202602081740/tools/bin/../lib/gcc/arm-none-eabi/14.3.1/../../../../arm-none-eabi/lib/thumb/v7e-m+fp/hard\libc_nano.a(libc_a-impure.o)
                0x100200d0                _impure_ptr
 .data._impure_data
                0x100200d4       0x4c C:/ST/STM32CubeIDE_2.1.1/STM32CubeIDE/plugins/com.st.stm32cube.ide.mcu.externaltools.gnu-tools-for-stm32.14.3.rel1.win32_1.0.100.202602081740/tools/bin/../lib/gcc/arm-none-eabi/14.3.1/../../../../arm-none-eabi/lib/thumb/v7e-m+fp/hard\libc_nano.a(libc_a-impure.o)
                0x100200d4                _impure_data
                0x10020120                        . = ALIGN (0x4)
                0x10020120                        _edata = .
                0x100086c4                        __DATA_END = (__DATA_ROM + (_edata - _sdata))
                0x10020000                        text_end = (ORIGIN (SRAM1_text) + LENGTH (SRAM1_text))
                0x00000001                        ASSERT ((__DATA_END <= text_end), region SRAM1_text overflowed with text and data)

.igot.plt       0x10020120        0x0 load address 0x100086c4
 .igot.plt      0x10020120        0x0 C:/ST/STM32CubeIDE_2.1.1/STM32CubeIDE/plugins/com.st.stm32cube.ide.mcu.externaltools.gnu-tools-for-stm32.14.3.rel1.win32_1.0.100.202602081740/tools/bin/../lib/gcc/arm-none-eabi/14.3.1/thumb/v7e-m+fp/hard/crtbegin.o

.resource_table
                0x10020120       0x8c load address 0x100086c4
                0x10020120                        . = ALIGN (0x4)
 *(.resource_table*)
 .resource_table
                0x10020120       0x8c ./OPENAMP/rsc_table.o
                0x10020120                resource_table
                0x100201ac                        . = ALIGN (0x4)

.rel.dyn        0x100201ac        0x0 load address 0x10008750
 .rel.iplt      0x100201ac        0x0 C:/ST/STM32CubeIDE_2.1.1/STM32CubeIDE/plugins/com.st.stm32cube.ide.mcu.externaltools.gnu-tools-for-stm32.14.3.rel1.win32_1.0.100.202602081740/tools/bin/../lib/gcc/arm-none-eabi/14.3.1/thumb/v7e-m+fp/hard/crtbegin.o
                0x100201ac                        . = ALIGN (0x4)

.bss            0x100201ac      0x280 load address 0x10008750
                0x100201ac                        _sbss = .
                0x100201ac                        __bss_start__ = _sbss
 *(.bss)
 .bss           0x100201ac       0x1c C:/ST/STM32CubeIDE_2.1.1/STM32CubeIDE/plugins/com.st.stm32cube.ide.mcu.externaltools.gnu-tools-for-stm32.14.3.rel1.win32_1.0.100.202602081740/tools/bin/../lib/gcc/arm-none-eabi/14.3.1/thumb/v7e-m+fp/hard/crtbegin.o
 *(.bss*)
 .bss.hipcc     0x100201c8       0x3c ./Core/Src/ipcc.o
                0x100201c8                hipcc
 .bss.app_mode  0x10020204        0x1 ./Core/Src/main.o
                0x10020204                app_mode
 .bss.blink_state
                0x10020205        0x1 ./Core/Src/main.o
                0x10020205                blink_state
 *fill*         0x10020206        0x2 
 .bss.__sbrk_heap_end
                0x10020208        0x4 ./Core/Src/sysmem.o
 .bss.uwTick    0x1002020c        0x4 ./Drivers/STM32MP1xx_HAL_Driver/stm32mp1xx_hal.o
                0x1002020c                uwTick
 .bss._metal    0x10020210       0x20 ./Middlewares/Third_Party/OpenAMP/generic_init.o
                0x10020210                _metal
 .bss.msg_received_ch1
                0x10020230        0x4 ./OPENAMP/mbox_ipcc.o
                0x10020230                msg_received_ch1
 .bss.msg_received_ch2
                0x10020234        0x4 ./OPENAMP/mbox_ipcc.o
                0x10020234                msg_received_ch2
 .bss.shm_io    0x10020238        0x4 ./OPENAMP/openamp.o
 .bss.rsc_io    0x1002023c        0x4 ./OPENAMP/openamp.o
 .bss.rsc_table
                0x10020240        0x4 ./OPENAMP/openamp.o
 .bss.shpool    0x10020244        0xc ./OPENAMP/openamp.o
 .bss.rvdev     0x10020250       0x8c ./OPENAMP/openamp.o
 .bss.shm_physmap
                0x100202dc        0x4 ./OPENAMP/openamp.o
 .bss.__malloc_sbrk_start
                0x100202e0        0x4 C:/ST/STM32CubeIDE_2.1.1/STM32CubeIDE/plugins/com.st.stm32cube.ide.mcu.externaltools.gnu-tools-for-stm32.14.3.rel1.win32_1.0.100.202602081740/tools/bin/../lib/gcc/arm-none-eabi/14.3.1/../../../../arm-none-eabi/lib/thumb/v7e-m+fp/hard\libc_nano.a(libc_a-mallocr.o)
                0x100202e0                __malloc_sbrk_start
 .bss.__malloc_free_list
                0x100202e4        0x4 C:/ST/STM32CubeIDE_2.1.1/STM32CubeIDE/plugins/com.st.stm32cube.ide.mcu.externaltools.gnu-tools-for-stm32.14.3.rel1.win32_1.0.100.202602081740/tools/bin/../lib/gcc/arm-none-eabi/14.3.1/../../../../arm-none-eabi/lib/thumb/v7e-m+fp/hard\libc_nano.a(libc_a-mallocr.o)
                0x100202e4                __malloc_free_list
 .bss.__sf      0x100202e8      0x138 C:/ST/STM32CubeIDE_2.1.1/STM32CubeIDE/plugins/com.st.stm32cube.ide.mcu.externaltools.gnu-tools-for-stm32.14.3.rel1.win32_1.0.100.202602081740/tools/bin/../lib/gcc/arm-none-eabi/14.3.1/../../../../arm-none-eabi/lib/thumb/v7e-m+fp/hard\libc_nano.a(libc_a-findfp.o)
                0x100202e8                __sf
 .bss.__stdio_exit_handler
                0x10020420        0x4 C:/ST/STM32CubeIDE_2.1.1/STM32CubeIDE/plugins/com.st.stm32cube.ide.mcu.externaltools.gnu-tools-for-stm32.14.3.rel1.win32_1.0.100.202602081740/tools/bin/../lib/gcc/arm-none-eabi/14.3.1/../../../../arm-none-eabi/lib/thumb/v7e-m+fp/hard\libc_nano.a(libc_a-findfp.o)
                0x10020420                __stdio_exit_handler
 .bss.errno     0x10020424        0x4 C:/ST/STM32CubeIDE_2.1.1/STM32CubeIDE/plugins/com.st.stm32cube.ide.mcu.externaltools.gnu-tools-for-stm32.14.3.rel1.win32_1.0.100.202602081740/tools/bin/../lib/gcc/arm-none-eabi/14.3.1/../../../../arm-none-eabi/lib/thumb/v7e-m+fp/hard\libc_nano.a(libc_a-reent.o)
                0x10020424                errno
 .bss.__lock___malloc_recursive_mutex
                0x10020428        0x1 C:/ST/STM32CubeIDE_2.1.1/STM32CubeIDE/plugins/com.st.stm32cube.ide.mcu.externaltools.gnu-tools-for-stm32.14.3.rel1.win32_1.0.100.202602081740/tools/bin/../lib/gcc/arm-none-eabi/14.3.1/../../../../arm-none-eabi/lib/thumb/v7e-m+fp/hard\libc_nano.a(libc_a-lock.o)
                0x10020428                __lock___malloc_recursive_mutex
 .bss.__lock___sfp_recursive_mutex
                0x10020429        0x1 C:/ST/STM32CubeIDE_2.1.1/STM32CubeIDE/plugins/com.st.stm32cube.ide.mcu.externaltools.gnu-tools-for-stm32.14.3.rel1.win32_1.0.100.202602081740/tools/bin/../lib/gcc/arm-none-eabi/14.3.1/../../../../arm-none-eabi/lib/thumb/v7e-m+fp/hard\libc_nano.a(libc_a-lock.o)
                0x10020429                __lock___sfp_recursive_mutex
 *(COMMON)
                0x1002042c                        . = ALIGN (0x4)
 *fill*         0x1002042a        0x2 
                0x1002042c                        _ebss = .
                0x1002042c                        __bss_end__ = _ebss

._user_heap_stack
                0x1002042c      0x604 load address 0x100089d0
                0x10020430                        . = ALIGN (0x8)
 *fill*         0x1002042c        0x4 
                [!provide]                        PROVIDE (end = .)
                0x10020430                        PROVIDE (_end = .)
                0x10020630                        . = (. + _Min_Heap_Size)
 *fill*         0x10020430      0x200 
                0x10020a30                        . = (. + _Min_Stack_Size)
 *fill*         0x10020630      0x400 
                0x10020a30                        . = ALIGN (0x8)

/DISCARD/
 libc.a(*)
 libm.a(*)
 libgcc.a(*)

.ARM.attributes
                0x00000000       0x30
 *(.ARM.attributes)
 .ARM.attributes
                0x00000000       0x22 C:/ST/STM32CubeIDE_2.1.1/STM32CubeIDE/plugins/com.st.stm32cube.ide.mcu.externaltools.gnu-tools-for-stm32.14.3.rel1.win32_1.0.100.202602081740/tools/bin/../lib/gcc/arm-none-eabi/14.3.1/thumb/v7e-m+fp/hard/crti.o
 .ARM.attributes
                0x00000022       0x34 C:/ST/STM32CubeIDE_2.1.1/STM32CubeIDE/plugins/com.st.stm32cube.ide.mcu.externaltools.gnu-tools-for-stm32.14.3.rel1.win32_1.0.100.202602081740/tools/bin/../lib/gcc/arm-none-eabi/14.3.1/thumb/v7e-m+fp/hard/crtbegin.o
 .ARM.attributes
                0x00000056       0x34 ./Common/System/system_stm32mp1xx.o
 .ARM.attributes
                0x0000008a       0x34 ./Core/Src/dma.o
 .ARM.attributes
                0x000000be       0x34 ./Core/Src/gpio.o
 .ARM.attributes
                0x000000f2       0x34 ./Core/Src/ipcc.o
 .ARM.attributes
                0x00000126       0x34 ./Core/Src/main.o
 .ARM.attributes
                0x0000015a       0x34 ./Core/Src/stm32mp1xx_hal_msp.o
 .ARM.attributes
                0x0000018e       0x34 ./Core/Src/stm32mp1xx_it.o
 .ARM.attributes
                0x000001c2       0x34 ./Core/Src/syscalls.o
 .ARM.attributes
                0x000001f6       0x34 ./Core/Src/sysmem.o
 .ARM.attributes
                0x0000022a       0x21 ./Core/Startup/startup_stm32mp157facx.o
 .ARM.attributes
                0x0000024b       0x34 ./Drivers/STM32MP1xx_HAL_Driver/stm32mp1xx_hal.o
 .ARM.attributes
                0x0000027f       0x34 ./Drivers/STM32MP1xx_HAL_Driver/stm32mp1xx_hal_cortex.o
 .ARM.attributes
                0x000002b3       0x34 ./Drivers/STM32MP1xx_HAL_Driver/stm32mp1xx_hal_gpio.o
 .ARM.attributes
                0x000002e7       0x34 ./Drivers/STM32MP1xx_HAL_Driver/stm32mp1xx_hal_ipcc.o
 .ARM.attributes
                0x0000031b       0x34 ./Drivers/STM32MP1xx_HAL_Driver/stm32mp1xx_hal_pwr.o
 .ARM.attributes
                0x0000034f       0x34 ./Drivers/STM32MP1xx_HAL_Driver/stm32mp1xx_hal_rcc.o
 .ARM.attributes
                0x00000383       0x34 ./Drivers/STM32MP1xx_HAL_Driver/stm32mp1xx_hal_rcc_ex.o
 .ARM.attributes
                0x000003b7       0x34 ./Middlewares/Third_Party/OpenAMP/device.o
 .ARM.attributes
                0x000003eb       0x34 ./Middlewares/Third_Party/OpenAMP/generic_device.o
 .ARM.attributes
                0x0000041f       0x34 ./Middlewares/Third_Party/OpenAMP/generic_init.o
 .ARM.attributes
                0x00000453       0x34 ./Middlewares/Third_Party/OpenAMP/generic_io.o
 .ARM.attributes
                0x00000487       0x34 ./Middlewares/Third_Party/OpenAMP/init.o
 .ARM.attributes
                0x000004bb       0x34 ./Middlewares/Third_Party/OpenAMP/io.o
 .ARM.attributes
                0x000004ef       0x34 ./Middlewares/Third_Party/OpenAMP/log.o
 .ARM.attributes
                0x00000523       0x34 ./Middlewares/Third_Party/OpenAMP/remoteproc_virtio.o
 .ARM.attributes
                0x00000557       0x34 ./Middlewares/Third_Party/OpenAMP/rpmsg.o
 .ARM.attributes
                0x0000058b       0x34 ./Middlewares/Third_Party/OpenAMP/rpmsg_virtio.o
 .ARM.attributes
                0x000005bf       0x34 ./Middlewares/Third_Party/OpenAMP/sys.o
 .ARM.attributes
                0x000005f3       0x34 ./Middlewares/Third_Party/OpenAMP/virtio.o
 .ARM.attributes
                0x00000627       0x34 ./Middlewares/Third_Party/OpenAMP/virtqueue.o
 .ARM.attributes
                0x0000065b       0x34 ./OPENAMP/mbox_ipcc.o
 .ARM.attributes
                0x0000068f       0x34 ./OPENAMP/openamp.o
 .ARM.attributes
                0x000006c3       0x34 ./OPENAMP/rsc_table.o
 .ARM.attributes
                0x000006f7       0x34 C:/ST/STM32CubeIDE_2.1.1/STM32CubeIDE/plugins/com.st.stm32cube.ide.mcu.externaltools.gnu-tools-for-stm32.14.3.rel1.win32_1.0.100.202602081740/tools/bin/../lib/gcc/arm-none-eabi/14.3.1/../../../../arm-none-eabi/lib/thumb/v7e-m+fp/hard\libc_nano.a(libc_a-assert.o)
 .ARM.attributes
                0x0000072b       0x34 C:/ST/STM32CubeIDE_2.1.1/STM32CubeIDE/plugins/com.st.stm32cube.ide.mcu.externaltools.gnu-tools-for-stm32.14.3.rel1.win32_1.0.100.202602081740/tools/bin/../lib/gcc/arm-none-eabi/14.3.1/../../../../arm-none-eabi/lib/thumb/v7e-m+fp/hard\libc_nano.a(libc_a-malloc.o)
 .ARM.attributes
                0x0000075f       0x34 C:/ST/STM32CubeIDE_2.1.1/STM32CubeIDE/plugins/com.st.stm32cube.ide.mcu.externaltools.gnu-tools-for-stm32.14.3.rel1.win32_1.0.100.202602081740/tools/bin/../lib/gcc/arm-none-eabi/14.3.1/../../../../arm-none-eabi/lib/thumb/v7e-m+fp/hard\libc_nano.a(libc_a-mallocr.o)
 .ARM.attributes
                0x00000793       0x34 C:/ST/STM32CubeIDE_2.1.1/STM32CubeIDE/plugins/com.st.stm32cube.ide.mcu.externaltools.gnu-tools-for-stm32.14.3.rel1.win32_1.0.100.202602081740/tools/bin/../lib/gcc/arm-none-eabi/14.3.1/../../../../arm-none-eabi/lib/thumb/v7e-m+fp/hard\libc_nano.a(libc_a-mlock.o)
 .ARM.attributes
                0x000007c7       0x34 C:/ST/STM32CubeIDE_2.1.1/STM32CubeIDE/plugins/com.st.stm32cube.ide.mcu.externaltools.gnu-tools-for-stm32.14.3.rel1.win32_1.0.100.202602081740/tools/bin/../lib/gcc/arm-none-eabi/14.3.1/../../../../arm-none-eabi/lib/thumb/v7e-m+fp/hard\libc_nano.a(libc_a-findfp.o)
 .ARM.attributes
                0x000007fb       0x34 C:/ST/STM32CubeIDE_2.1.1/STM32CubeIDE/plugins/com.st.stm32cube.ide.mcu.externaltools.gnu-tools-for-stm32.14.3.rel1.win32_1.0.100.202602081740/tools/bin/../lib/gcc/arm-none-eabi/14.3.1/../../../../arm-none-eabi/lib/thumb/v7e-m+fp/hard\libc_nano.a(libc_a-fprintf.o)
 .ARM.attributes
                0x0000082f       0x34 C:/ST/STM32CubeIDE_2.1.1/STM32CubeIDE/plugins/com.st.stm32cube.ide.mcu.externaltools.gnu-tools-for-stm32.14.3.rel1.win32_1.0.100.202602081740/tools/bin/../lib/gcc/arm-none-eabi/14.3.1/../../../../arm-none-eabi/lib/thumb/v7e-m+fp/hard\libc_nano.a(libc_a-fwalk.o)
 .ARM.attributes
                0x00000863       0x34 C:/ST/STM32CubeIDE_2.1.1/STM32CubeIDE/plugins/com.st.stm32cube.ide.mcu.externaltools.gnu-tools-for-stm32.14.3.rel1.win32_1.0.100.202602081740/tools/bin/../lib/gcc/arm-none-eabi/14.3.1/../../../../arm-none-eabi/lib/thumb/v7e-m+fp/hard\libc_nano.a(libc_a-stdio.o)
 .ARM.attributes
                0x00000897       0x34 C:/ST/STM32CubeIDE_2.1.1/STM32CubeIDE/plugins/com.st.stm32cube.ide.mcu.externaltools.gnu-tools-for-stm32.14.3.rel1.win32_1.0.100.202602081740/tools/bin/../lib/gcc/arm-none-eabi/14.3.1/../../../../arm-none-eabi/lib/thumb/v7e-m+fp/hard\libc_nano.a(libc_a-memset.o)
 .ARM.attributes
                0x000008cb       0x34 C:/ST/STM32CubeIDE_2.1.1/STM32CubeIDE/plugins/com.st.stm32cube.ide.mcu.externaltools.gnu-tools-for-stm32.14.3.rel1.win32_1.0.100.202602081740/tools/bin/../lib/gcc/arm-none-eabi/14.3.1/../../../../arm-none-eabi/lib/thumb/v7e-m+fp/hard\libc_nano.a(libc_a-strncmp.o)
 .ARM.attributes
                0x000008ff       0x34 C:/ST/STM32CubeIDE_2.1.1/STM32CubeIDE/plugins/com.st.stm32cube.ide.mcu.externaltools.gnu-tools-for-stm32.14.3.rel1.win32_1.0.100.202602081740/tools/bin/../lib/gcc/arm-none-eabi/14.3.1/../../../../arm-none-eabi/lib/thumb/v7e-m+fp/hard\libc_nano.a(libc_a-strncpy.o)
 .ARM.attributes
                0x00000933       0x34 C:/ST/STM32CubeIDE_2.1.1/STM32CubeIDE/plugins/com.st.stm32cube.ide.mcu.externaltools.gnu-tools-for-stm32.14.3.rel1.win32_1.0.100.202602081740/tools/bin/../lib/gcc/arm-none-eabi/14.3.1/../../../../arm-none-eabi/lib/thumb/v7e-m+fp/hard\libc_nano.a(libc_a-closer.o)
 .ARM.attributes
                0x00000967       0x34 C:/ST/STM32CubeIDE_2.1.1/STM32CubeIDE/plugins/com.st.stm32cube.ide.mcu.externaltools.gnu-tools-for-stm32.14.3.rel1.win32_1.0.100.202602081740/tools/bin/../lib/gcc/arm-none-eabi/14.3.1/../../../../arm-none-eabi/lib/thumb/v7e-m+fp/hard\libc_nano.a(libc_a-reent.o)
 .ARM.attributes
                0x0000099b       0x34 C:/ST/STM32CubeIDE_2.1.1/STM32CubeIDE/plugins/com.st.stm32cube.ide.mcu.externaltools.gnu-tools-for-stm32.14.3.rel1.win32_1.0.100.202602081740/tools/bin/../lib/gcc/arm-none-eabi/14.3.1/../../../../arm-none-eabi/lib/thumb/v7e-m+fp/hard\libc_nano.a(libc_a-impure.o)
 .ARM.attributes
                0x000009cf       0x34 C:/ST/STM32CubeIDE_2.1.1/STM32CubeIDE/plugins/com.st.stm32cube.ide.mcu.externaltools.gnu-tools-for-stm32.14.3.rel1.win32_1.0.100.202602081740/tools/bin/../lib/gcc/arm-none-eabi/14.3.1/../../../../arm-none-eabi/lib/thumb/v7e-m+fp/hard\libc_nano.a(libc_a-lseekr.o)
 .ARM.attributes
                0x00000a03       0x34 C:/ST/STM32CubeIDE_2.1.1/STM32CubeIDE/plugins/com.st.stm32cube.ide.mcu.externaltools.gnu-tools-for-stm32.14.3.rel1.win32_1.0.100.202602081740/tools/bin/../lib/gcc/arm-none-eabi/14.3.1/../../../../arm-none-eabi/lib/thumb/v7e-m+fp/hard\libc_nano.a(libc_a-readr.o)
 .ARM.attributes
                0x00000a37       0x34 C:/ST/STM32CubeIDE_2.1.1/STM32CubeIDE/plugins/com.st.stm32cube.ide.mcu.externaltools.gnu-tools-for-stm32.14.3.rel1.win32_1.0.100.202602081740/tools/bin/../lib/gcc/arm-none-eabi/14.3.1/../../../../arm-none-eabi/lib/thumb/v7e-m+fp/hard\libc_nano.a(libc_a-sbrkr.o)
 .ARM.attributes
                0x00000a6b       0x34 C:/ST/STM32CubeIDE_2.1.1/STM32CubeIDE/plugins/com.st.stm32cube.ide.mcu.externaltools.gnu-tools-for-stm32.14.3.rel1.win32_1.0.100.202602081740/tools/bin/../lib/gcc/arm-none-eabi/14.3.1/../../../../arm-none-eabi/lib/thumb/v7e-m+fp/hard\libc_nano.a(libc_a-writer.o)
 .ARM.attributes
                0x00000a9f       0x34 C:/ST/STM32CubeIDE_2.1.1/STM32CubeIDE/plugins/com.st.stm32cube.ide.mcu.externaltools.gnu-tools-for-stm32.14.3.rel1.win32_1.0.100.202602081740/tools/bin/../lib/gcc/arm-none-eabi/14.3.1/../../../../arm-none-eabi/lib/thumb/v7e-m+fp/hard\libc_nano.a(libc_a-errno.o)
 .ARM.attributes
                0x00000ad3       0x34 C:/ST/STM32CubeIDE_2.1.1/STM32CubeIDE/plugins/com.st.stm32cube.ide.mcu.externaltools.gnu-tools-for-stm32.14.3.rel1.win32_1.0.100.202602081740/tools/bin/../lib/gcc/arm-none-eabi/14.3.1/../../../../arm-none-eabi/lib/thumb/v7e-m+fp/hard\libc_nano.a(libc_a-init.o)
 .ARM.attributes
                0x00000b07       0x34 C:/ST/STM32CubeIDE_2.1.1/STM32CubeIDE/plugins/com.st.stm32cube.ide.mcu.externaltools.gnu-tools-for-stm32.14.3.rel1.win32_1.0.100.202602081740/tools/bin/../lib/gcc/arm-none-eabi/14.3.1/../../../../arm-none-eabi/lib/thumb/v7e-m+fp/hard\libc_nano.a(libc_a-lock.o)
 .ARM.attributes
                0x00000b3b       0x20 C:/ST/STM32CubeIDE_2.1.1/STM32CubeIDE/plugins/com.st.stm32cube.ide.mcu.externaltools.gnu-tools-for-stm32.14.3.rel1.win32_1.0.100.202602081740/tools/bin/../lib/gcc/arm-none-eabi/14.3.1/../../../../arm-none-eabi/lib/thumb/v7e-m+fp/hard\libc_nano.a(libc_a-strcmp.o)
 .ARM.attributes
                0x00000b5b       0x34 C:/ST/STM32CubeIDE_2.1.1/STM32CubeIDE/plugins/com.st.stm32cube.ide.mcu.externaltools.gnu-tools-for-stm32.14.3.rel1.win32_1.0.100.202602081740/tools/bin/../lib/gcc/arm-none-eabi/14.3.1/../../../../arm-none-eabi/lib/thumb/v7e-m+fp/hard\libc_nano.a(libc_a-memcpy-stub.o)
 .ARM.attributes
                0x00000b8f       0x34 C:/ST/STM32CubeIDE_2.1.1/STM32CubeIDE/plugins/com.st.stm32cube.ide.mcu.externaltools.gnu-tools-for-stm32.14.3.rel1.win32_1.0.100.202602081740/tools/bin/../lib/gcc/arm-none-eabi/14.3.1/../../../../arm-none-eabi/lib/thumb/v7e-m+fp/hard\libc_nano.a(libc_a-abort.o)
 .ARM.attributes
                0x00000bc3       0x34 C:/ST/STM32CubeIDE_2.1.1/STM32CubeIDE/plugins/com.st.stm32cube.ide.mcu.externaltools.gnu-tools-for-stm32.14.3.rel1.win32_1.0.100.202602081740/tools/bin/../lib/gcc/arm-none-eabi/14.3.1/../../../../arm-none-eabi/lib/thumb/v7e-m+fp/hard\libc_nano.a(libc_a-freer.o)
 .ARM.attributes
                0x00000bf7       0x34 C:/ST/STM32CubeIDE_2.1.1/STM32CubeIDE/plugins/com.st.stm32cube.ide.mcu.externaltools.gnu-tools-for-stm32.14.3.rel1.win32_1.0.100.202602081740/tools/bin/../lib/gcc/arm-none-eabi/14.3.1/../../../../arm-none-eabi/lib/thumb/v7e-m+fp/hard\libc_nano.a(libc_a-nano-vfprintf.o)
 .ARM.attributes
                0x00000c2b       0x34 C:/ST/STM32CubeIDE_2.1.1/STM32CubeIDE/plugins/com.st.stm32cube.ide.mcu.externaltools.gnu-tools-for-stm32.14.3.rel1.win32_1.0.100.202602081740/tools/bin/../lib/gcc/arm-none-eabi/14.3.1/../../../../arm-none-eabi/lib/thumb/v7e-m+fp/hard\libc_nano.a(libc_a-nano-vfprintf_i.o)
 .ARM.attributes