../Drivers/CMSIS/Include/core_cm4.h:1648:22:__NVIC_SetPriorityGrouping	24	static
../Drivers/CMSIS/Include/core_cm4.h:1667:26:__NVIC_GetPriorityGrouping	4	static
../Drivers/CMSIS/Include/core_cm4.h:1809:22:__NVIC_SetPriority	16	static
../Drivers/CMSIS/Include/core_cm4.h:1856:26:NVIC_EncodePriority	40	static
../Drivers/STM32G4xx_HAL_Driver/Inc/stm32g4xx_ll_i2c.h:644:22:LL_I2C_EnableClockStretching	16	static
../Drivers/STM32G4xx_HAL_Driver/Inc/stm32g4xx_ll_i2c.h:764:22:LL_I2C_DisableGeneralCall	16	static
../Drivers/STM32G4xx_HAL_Driver/Inc/stm32g4xx_ll_i2c.h:875:22:LL_I2C_SetOwnAddress2	24	static
../Drivers/STM32G4xx_HAL_Driver/Inc/stm32g4xx_ll_i2c.h:897:22:LL_I2C_DisableOwnAddress2	16	static
../Drivers/STM32G4xx_HAL_Driver/Inc/stm32g4xx_ll_i2c.h:1565:26:LL_I2C_IsActiveFlag_TXIS	16	static
../Drivers/STM32G4xx_HAL_Driver/Inc/stm32g4xx_ll_i2c.h:1617:26:LL_I2C_IsActiveFlag_STOP	16	static
../Drivers/STM32G4xx_HAL_Driver/Inc/stm32g4xx_ll_i2c.h:1741:26:LL_I2C_IsActiveFlag_BUSY	16	static
../Drivers/STM32G4xx_HAL_Driver/Inc/stm32g4xx_ll_i2c.h:1774:22:LL_I2C_ClearFlag_STOP	16	static
../Drivers/STM32G4xx_HAL_Driver/Inc/stm32g4xx_ll_i2c.h:1879:22:LL_I2C_EnableAutoEndMode	16	static
../Drivers/STM32G4xx_HAL_Driver/Inc/stm32g4xx_ll_i2c.h:2133:22:LL_I2C_HandleTransfer	32	static
../Drivers/STM32G4xx_HAL_Driver/Inc/stm32g4xx_ll_i2c.h:2237:22:LL_I2C_TransmitData8	16	static
../Drivers/STM32G4xx_HAL_Driver/Inc/stm32g4xx_ll_rcc.h:1009:22:LL_RCC_HSI_Enable	4	static
../Drivers/STM32G4xx_HAL_Driver/Inc/stm32g4xx_ll_rcc.h:1029:26:LL_RCC_HSI_IsReady	4	static
../Drivers/STM32G4xx_HAL_Driver/Inc/stm32g4xx_ll_rcc.h:1055:22:LL_RCC_HSI_SetCalibTrimming	16	static
../Drivers/STM32G4xx_HAL_Driver/Inc/stm32g4xx_ll_rcc.h:1346:22:LL_RCC_SetSysClkSource	16	static
../Drivers/STM32G4xx_HAL_Driver/Inc/stm32g4xx_ll_rcc.h:1359:26:LL_RCC_GetSysClkSource	4	static
../Drivers/STM32G4xx_HAL_Driver/Inc/stm32g4xx_ll_rcc.h:1379:22:LL_RCC_SetAHBPrescaler	16	static
../Drivers/STM32G4xx_HAL_Driver/Inc/stm32g4xx_ll_rcc.h:1395:22:LL_RCC_SetAPB1Prescaler	16	static
../Drivers/STM32G4xx_HAL_Driver/Inc/stm32g4xx_ll_rcc.h:1411:22:LL_RCC_SetAPB2Prescaler	16	static
../Drivers/STM32G4xx_HAL_Driver/Inc/stm32g4xx_ll_rcc.h:1590:22:LL_RCC_SetI2CClockSource	24	static
../Drivers/STM32G4xx_HAL_Driver/Inc/stm32g4xx_ll_bus.h:451:22:LL_AHB2_GRP1_EnableClock	24	static
../Drivers/STM32G4xx_HAL_Driver/Inc/stm32g4xx_ll_bus.h:913:22:LL_APB1_GRP1_EnableClock	24	static
../Drivers/STM32G4xx_HAL_Driver/Inc/stm32g4xx_ll_bus.h:1427:22:LL_APB2_GRP1_EnableClock	24	static
../Drivers/STM32G4xx_HAL_Driver/Inc/stm32g4xx_ll_system.h:1292:22:LL_FLASH_SetLatency	16	static
../Drivers/STM32G4xx_HAL_Driver/Inc/stm32g4xx_ll_system.h:1320:26:LL_FLASH_GetLatency	4	static
../Drivers/STM32G4xx_HAL_Driver/Inc/stm32g4xx_ll_pwr.h:318:22:LL_PWR_SetRegulVoltageScaling	16	static
../Drivers/STM32G4xx_HAL_Driver/Inc/stm32g4xx_ll_pwr.h:496:22:LL_PWR_DisableUCPDDeadBattery	4	static
../Core/Src/main.c:95:5:main	8	static
../Core/Src/main.c:169:6:SystemClock_Config	8	static
../Core/Src/main.c:204:13:MX_I2C1_Init	64	static
../Core/Src/main.c:272:13:MX_GPIO_Init	8	static
../Core/Src/main.c:289:6:PCA9555_WriteRegister	24	static
../Core/Src/main.c:307:6:PCA9555_Init	8	static
../Core/Src/main.c:315:6:lcd_write_4bits	16	static
../Core/Src/main.c:327:6:lcd_pulse_enable	8	static
../Core/Src/main.c:338:6:lcd_send	16	static
../Core/Src/main.c:356:6:lcd_command	16	static
../Core/Src/main.c:360:6:lcd_data	16	static
../Core/Src/main.c:364:6:lcd_clear	8	static
../Core/Src/main.c:369:6:lcd_init	8	static
../Core/Src/main.c:408:6:Error_Handler	4	static,ignoring_inline_asm
